
Allocating common symbols
Common symbol       size              file

pdaMdCb             0x8               build/arm11-gcc-uClibc-linux-gk7605v100/obj/src/sdk_pda.o
videoThreadId       0x8               build/arm11-gcc-uClibc-linux-gk7605v100/obj/src/sdk_vision.o
ispAutoSlowShutterThread
                    0x4               build/arm11-gcc-uClibc-linux-gk7605v100/obj/src/sdk_isp.o
gkPdaData           0x18              build/arm11-gcc-uClibc-linux-gk7605v100/obj/src/sdk_pda.o

Discarded input sections

 .note.GNU-stack
                0x0000000000000000        0x0 /opt/linux/x86-arm/aarch64-mix210-linux/host_bin/../target/usr/lib/crti.o
 .note.GNU-stack
                0x0000000000000000        0x0 /opt/linux/x86-arm/aarch64-mix210-linux/host_bin/../lib/gcc/aarch64-linux-gnu/7.3.0/crtbeginS.o
 .note.GNU-stack
                0x0000000000000000        0x0 build/arm11-gcc-uClibc-linux-gk7605v100/obj/src/sdk_common.o
 .note.GNU-stack
                0x0000000000000000        0x0 build/arm11-gcc-uClibc-linux-gk7605v100/obj/src/sdk_network.o
 .note.GNU-stack
                0x0000000000000000        0x0 build/arm11-gcc-uClibc-linux-gk7605v100/obj/src/sdk.o
 .note.GNU-stack
                0x0000000000000000        0x0 build/arm11-gcc-uClibc-linux-gk7605v100/obj/src/sdk_sys.o
 .note.GNU-stack
                0x0000000000000000        0x0 build/arm11-gcc-uClibc-linux-gk7605v100/obj/src/sdk_vin.o
 .note.GNU-stack
                0x0000000000000000        0x0 build/arm11-gcc-uClibc-linux-gk7605v100/obj/src/sdk_enc.o
 .note.GNU-stack
                0x0000000000000000        0x0 build/arm11-gcc-uClibc-linux-gk7605v100/obj/src/sdk_isp.o
 .note.GNU-stack
                0x0000000000000000        0x0 build/arm11-gcc-uClibc-linux-gk7605v100/obj/src/sdk_audio.o
 .note.GNU-stack
                0x0000000000000000        0x0 build/arm11-gcc-uClibc-linux-gk7605v100/obj/src/sdk_watchdog.o
 .note.GNU-stack
                0x0000000000000000        0x0 build/arm11-gcc-uClibc-linux-gk7605v100/obj/src/sdk_gpio.o
 .note.GNU-stack
                0x0000000000000000        0x0 build/arm11-gcc-uClibc-linux-gk7605v100/obj/src/sdk_osd.o
 .note.GNU-stack
                0x0000000000000000        0x0 build/arm11-gcc-uClibc-linux-gk7605v100/obj/src/sdk_ptz.o
 .note.GNU-stack
                0x0000000000000000        0x0 build/arm11-gcc-uClibc-linux-gk7605v100/obj/src/sdk_pwm.o
 .note.GNU-stack
                0x0000000000000000        0x0 build/arm11-gcc-uClibc-linux-gk7605v100/obj/src/sdk_pda.o
 .note.GNU-stack
                0x0000000000000000        0x0 build/arm11-gcc-uClibc-linux-gk7605v100/obj/src/sdk_vision.o
 .note.GNU-stack
                0x0000000000000000        0x0 /opt/linux/x86-arm/aarch64-mix210-linux/host_bin/../lib/gcc/aarch64-linux-gnu/7.3.0/crtendS.o
 .note.GNU-stack
                0x0000000000000000        0x0 /opt/linux/x86-arm/aarch64-mix210-linux/host_bin/../target/usr/lib/crtn.o

Memory Configuration

Name             Origin             Length             Attributes
*default*        0x0000000000000000 0xffffffffffffffff

Linker script and memory map

LOAD /opt/linux/x86-arm/aarch64-mix210-linux/host_bin/../target/usr/lib/crti.o
LOAD /opt/linux/x86-arm/aarch64-mix210-linux/host_bin/../lib/gcc/aarch64-linux-gnu/7.3.0/crtbeginS.o
LOAD build/arm11-gcc-uClibc-linux-gk7605v100/obj/src/sdk_common.o
LOAD build/arm11-gcc-uClibc-linux-gk7605v100/obj/src/sdk_network.o
LOAD build/arm11-gcc-uClibc-linux-gk7605v100/obj/src/sdk.o
LOAD build/arm11-gcc-uClibc-linux-gk7605v100/obj/src/sdk_sys.o
LOAD build/arm11-gcc-uClibc-linux-gk7605v100/obj/src/sdk_vin.o
LOAD build/arm11-gcc-uClibc-linux-gk7605v100/obj/src/sdk_enc.o
LOAD build/arm11-gcc-uClibc-linux-gk7605v100/obj/src/sdk_isp.o
LOAD build/arm11-gcc-uClibc-linux-gk7605v100/obj/src/sdk_audio.o
LOAD build/arm11-gcc-uClibc-linux-gk7605v100/obj/src/sdk_watchdog.o
LOAD build/arm11-gcc-uClibc-linux-gk7605v100/obj/src/sdk_gpio.o
LOAD build/arm11-gcc-uClibc-linux-gk7605v100/obj/src/sdk_osd.o
LOAD build/arm11-gcc-uClibc-linux-gk7605v100/obj/src/sdk_ptz.o
LOAD build/arm11-gcc-uClibc-linux-gk7605v100/obj/src/sdk_pwm.o
LOAD build/arm11-gcc-uClibc-linux-gk7605v100/obj/src/sdk_pda.o
LOAD build/arm11-gcc-uClibc-linux-gk7605v100/obj/src/sdk_vision.o
LOAD /opt/linux/x86-arm/aarch64-mix210-linux/host_bin/../lib/gcc/aarch64-linux-gnu/7.3.0/libgcc.a
LOAD /opt/linux/x86-arm/aarch64-mix210-linux/host_bin/../lib/gcc/aarch64-linux-gnu/7.3.0/../../../../aarch64-linux-gnu/lib/../lib64/libgcc_s.so
LOAD /opt/linux/x86-arm/aarch64-mix210-linux/host_bin/../target/usr/lib/libc.so
START GROUP
LOAD /opt/linux/x86-arm/aarch64-mix210-linux/host_bin/../target/lib/libc.so.6
LOAD /opt/linux/x86-arm/aarch64-mix210-linux/host_bin/../target/usr/lib/libc_nonshared.a
LOAD /opt/linux/x86-arm/aarch64-mix210-linux/host_bin/../target/lib/ld-linux-aarch64.so.1
END GROUP
LOAD /opt/linux/x86-arm/aarch64-mix210-linux/host_bin/../lib/gcc/aarch64-linux-gnu/7.3.0/libgcc.a
LOAD /opt/linux/x86-arm/aarch64-mix210-linux/host_bin/../lib/gcc/aarch64-linux-gnu/7.3.0/../../../../aarch64-linux-gnu/lib/../lib64/libgcc_s.so
LOAD /opt/linux/x86-arm/aarch64-mix210-linux/host_bin/../lib/gcc/aarch64-linux-gnu/7.3.0/crtendS.o
LOAD /opt/linux/x86-arm/aarch64-mix210-linux/host_bin/../target/usr/lib/crtn.o
                0x0000000000000190                . = (SEGMENT_START ("text-segment", 0x0) + SIZEOF_HEADERS)

.note.gnu.build-id
 *(.note.gnu.build-id)

.hash           0x0000000000000190      0x8ec
 *(.hash)
 .hash          0x0000000000000190      0x8ec /opt/linux/x86-arm/aarch64-mix210-linux/host_bin/../target/usr/lib/crti.o

.gnu.hash       0x0000000000000a80      0x7a0
 *(.gnu.hash)
 .gnu.hash      0x0000000000000a80      0x7a0 /opt/linux/x86-arm/aarch64-mix210-linux/host_bin/../target/usr/lib/crti.o

.dynsym         0x0000000000001220     0x1cb0
 *(.dynsym)
 .dynsym        0x0000000000001220     0x1cb0 /opt/linux/x86-arm/aarch64-mix210-linux/host_bin/../target/usr/lib/crti.o

.dynstr         0x0000000000002ed0     0x1462
 *(.dynstr)
 .dynstr        0x0000000000002ed0     0x1462 /opt/linux/x86-arm/aarch64-mix210-linux/host_bin/../target/usr/lib/crti.o

.gnu.version    0x0000000000004332      0x264
 *(.gnu.version)
 .gnu.version   0x0000000000004332      0x264 /opt/linux/x86-arm/aarch64-mix210-linux/host_bin/../target/usr/lib/crti.o

.gnu.version_d  0x0000000000004598        0x0
 *(.gnu.version_d)
 .gnu.version_d
                0x0000000000004598        0x0 /opt/linux/x86-arm/aarch64-mix210-linux/host_bin/../target/usr/lib/crti.o

.gnu.version_r  0x0000000000004598       0x20
 *(.gnu.version_r)
 .gnu.version_r
                0x0000000000004598       0x20 /opt/linux/x86-arm/aarch64-mix210-linux/host_bin/../target/usr/lib/crti.o

.rela.dyn       0x00000000000045b8      0x180
 *(.rela.init)
 *(.rela.text .rela.text.* .rela.gnu.linkonce.t.*)
 *(.rela.fini)
 *(.rela.rodata .rela.rodata.* .rela.gnu.linkonce.r.*)
 *(.rela.data .rela.data.* .rela.gnu.linkonce.d.*)
 .rela.data.rel.local
                0x00000000000045b8       0x18 /opt/linux/x86-arm/aarch64-mix210-linux/host_bin/../target/usr/lib/crti.o
 *(.rela.tdata .rela.tdata.* .rela.gnu.linkonce.td.*)
 *(.rela.tbss .rela.tbss.* .rela.gnu.linkonce.tb.*)
 *(.rela.ctors)
 *(.rela.dtors)
 *(.rela.got)
 .rela.got      0x00000000000045d0      0x138 /opt/linux/x86-arm/aarch64-mix210-linux/host_bin/../target/usr/lib/crti.o
 *(.rela.bss .rela.bss.* .rela.gnu.linkonce.b.*)
 *(.rela.ifunc)
 .rela.ifunc    0x0000000000004708        0x0 /opt/linux/x86-arm/aarch64-mix210-linux/host_bin/../target/usr/lib/crti.o
 .rela.init_array
                0x0000000000004708       0x18 /opt/linux/x86-arm/aarch64-mix210-linux/host_bin/../target/usr/lib/crti.o
 .rela.fini_array
                0x0000000000004720       0x18 /opt/linux/x86-arm/aarch64-mix210-linux/host_bin/../target/usr/lib/crti.o

.rela.plt       0x0000000000004738      0xdf8
 *(.rela.plt)
 .rela.plt      0x0000000000004738      0xdf8 /opt/linux/x86-arm/aarch64-mix210-linux/host_bin/../target/usr/lib/crti.o
 *(.rela.iplt)

.init           0x0000000000005530       0x14
 *(SORT_NONE(.init))
 .init          0x0000000000005530        0xc /opt/linux/x86-arm/aarch64-mix210-linux/host_bin/../target/usr/lib/crti.o
                0x0000000000005530                _init
 .init          0x000000000000553c        0x8 /opt/linux/x86-arm/aarch64-mix210-linux/host_bin/../target/usr/lib/crtn.o

.plt            0x0000000000005550      0x970
 *(.plt)
 .plt           0x0000000000005550      0x970 /opt/linux/x86-arm/aarch64-mix210-linux/host_bin/../target/usr/lib/crti.o
 *(.iplt)

.text           0x0000000000005ec0     0xce88
 *(.text.unlikely .text.*_unlikely .text.unlikely.*)
 *(.text.exit .text.exit.*)
 *(.text.startup .text.startup.*)
 *(.text.hot .text.hot.*)
 *(SORT_BY_NAME(.text.sorted.*))
 *(.text .stub .text.* .gnu.linkonce.t.*)
 .text          0x0000000000005ec0       0x14 /opt/linux/x86-arm/aarch64-mix210-linux/host_bin/../target/usr/lib/crti.o
 *fill*         0x0000000000005ed4        0x4 1f2003d5
 .text          0x0000000000005ed8       0xbc /opt/linux/x86-arm/aarch64-mix210-linux/host_bin/../lib/gcc/aarch64-linux-gnu/7.3.0/crtbeginS.o
 *fill*         0x0000000000005f94        0x4 1f2003d5
 .text          0x0000000000005f98      0xb9c build/arm11-gcc-uClibc-linux-gk7605v100/obj/src/sdk_common.o
                0x0000000000006038                sdk_venc_bps_limit
                0x0000000000006120                sdk_yuv420sem_to_bitmap888
                0x0000000000006258                copy_file
                0x00000000000063d0                delete_path
                0x0000000000006800                is_cjson_file
                0x0000000000006890                delete_cjson_file_frome_dir
 *fill*         0x0000000000006b34        0x4 1f2003d5
 .text          0x0000000000006b38     0x24cc build/arm11-gcc-uClibc-linux-gk7605v100/obj/src/sdk_network.o
                0x0000000000006b38                sdk_net_is_ipaddr
                0x0000000000006c80                sdk_net_get_ntp
                0x0000000000006ec8                sdk_net_set_ntp
                0x0000000000007060                sdk_net_set_dns
                0x0000000000007180                sdk_net_get_dns
                0x00000000000072d8                sdk_net_set_mtu
                0x0000000000007460                sdk_net_set_hwaddr
                0x00000000000077e8                sdk_net_set_netmask
                0x0000000000007a10                sdk_net_set_ip
                0x0000000000007be8                sdk_net_get_gateway
                0x0000000000007d88                sdk_net_get_broadaddr
                0x0000000000007ef8                sdk_net_set_broadaddr
                0x0000000000008038                sdk_net_get_netmask
                0x0000000000008190                sdk_net_get_ip
                0x00000000000082e0                sdk_net_get_hwaddr
                0x0000000000008488                sdk_net_get_mtu
                0x00000000000085b8                sdk_net_get_name
                0x0000000000008708                new_system_call
                0x0000000000008808                sdk_net_set_gateway
                0x0000000000008958                sdk_net_up_down_network
                0x00000000000089c8                sdk_net_get_detect
                0x0000000000008a60                sdk_network_tools_ctrl
                0x0000000000008b28                sdk_net_set_dhcp
                0x0000000000008f30                sdk_net_resolve_host
 *fill*         0x0000000000009004        0x4 1f2003d5
 .text          0x0000000000009008       0x78 build/arm11-gcc-uClibc-linux-gk7605v100/obj/src/sdk.o
                0x0000000000009008                gk_get_max_stream_nums
                0x0000000000009018                gk_set_max_stream_nums
 .text          0x0000000000009080      0x1ac build/arm11-gcc-uClibc-linux-gk7605v100/obj/src/sdk_sys.o
                0x0000000000009080                sdk_sys_init
                0x0000000000009178                sdk_sys_destroy
                0x0000000000009180                sdk_sys_thread_set_name
 *fill*         0x000000000000922c        0x4 1f2003d5
 .text          0x0000000000009230      0x4ec build/arm11-gcc-uClibc-linux-gk7605v100/obj/src/sdk_vin.o
                0x0000000000009230                sdk_vin_set_cover
                0x00000000000093f0                sdk_vin_get_cover
                0x00000000000094a0                gk_vin_reset_cover
                0x0000000000009508                sdk_vin_init
                0x00000000000095a8                sdk_vin_destroy
                0x00000000000095d0                sdk_vin_yuv420sem_to_bitmap888
                0x00000000000096f0                sdk_vin_capture_data
 *fill*         0x000000000000971c        0x4 1f2003d5
 .text          0x0000000000009720     0x276c build/arm11-gcc-uClibc-linux-gk7605v100/obj/src/sdk_enc.o
                0x000000000000a1e8                sdk_vi_set_params
                0x000000000000a2f0                sdk_vi_get_params
                0x000000000000a318                sdk_vout_set_params
                0x000000000000a390                sdk_enc_init
                0x000000000000a418                sdk_set_get_video_stream_cb
                0x000000000000a430                sdk_set_get_auido_stream_cb
                0x000000000000a438                sdk_enc_create_stream_h264
                0x000000000000a7c0                sdk_enc_release_stream_h264
                0x000000000000a888                sdk_enc_enable_stream_h264
                0x000000000000adb8                sdk_enc_set_stream_h264
                0x000000000000b410                sdk_enc_get_stream_h264
                0x000000000000b520                sdk_enc_request_stream_h264_keyframe
                0x000000000000b580                sdk_video_enc_start
                0x000000000000b608                sdk_video_enc_stop
                0x000000000000b638                sdk_audio_enc_start
                0x000000000000b6c0                sdk_audio_enc_stop
                0x000000000000b6f0                sdk_enc_destroy
                0x000000000000b8a8                sdk_enc_snapshot
                0x000000000000b958                sdk_enc_max_resolution_mode
                0x000000000000b960                sdk_enc_get_stream_fps
                0x000000000000baa8                gk_enc_set_mirror
                0x000000000000bb50                gk_enc_set_flip
                0x000000000000bbf8                print_channels_params
                0x000000000000bd70                gk_get_enc_stream_par
                0x000000000000bde0                gk_adjust_bps
                0x000000000000bde8                gk_adjust_fps
                0x000000000000bdf0                gk_venc_set_h264_qp_config
                0x000000000000be08                sdk_venc_get_stream_resolution
                0x000000000000be18                sdk_set_h26x_smart
                0x000000000000be88                sdk_set_audio_proc_callback
 *fill*         0x000000000000be8c        0x4 1f2003d5
 .text          0x000000000000be90     0x1aec build/arm11-gcc-uClibc-linux-gk7605v100/obj/src/sdk_isp.o
                0x000000000000bea0                sdk_isp_set_md_light_mode
                0x000000000000beb0                isp_register_auto_slowshutter
                0x000000000000bf18                sdk_isp_get_iso
                0x000000000000bf20                sdk_isp_set_flip
                0x000000000000bf70                sdk_isp_set_mirror
                0x000000000000bfc0                sdk_isp_set_ImageDefParam
                0x000000000000c020                sdk_isp_set_hue
                0x000000000000c0b0                sdk_isp_set_saturation
                0x000000000000c140                sdk_isp_set_brightness
                0x000000000000c1d0                sdk_isp_set_contrast
                0x000000000000c2e0                sdk_isp_set_color_mode
                0x000000000000c388                sdk_isp_set_vi_flicker
                0x000000000000c390                sdk_isp_set_sharpen
                0x000000000000c420                sdk_isp_set_warp
                0x000000000000c498                sdk_isp_set_fps
                0x000000000000c4f8                sdk_isp_set_scene_mode
                0x000000000000c550                sdk_isp_set_wb_mode
                0x000000000000c5a8                sdk_isp_set_ircut_control_mode
                0x000000000000c608                sdk_isp_set_lowlight_mode
                0x000000000000c870                sdk_isp_init
                0x000000000000c990                sdk_isp_destroy
                0x000000000000c9c8                gk_isp_init_start
                0x000000000000ca88                gk_isp_get_led_state
                0x000000000000cb00                sdk_isp_changed
                0x000000000000cc18                sdk_isp_change_timeout
                0x000000000000cc58                sdk_ircu_detect
                0x000000000000cc60                sdk_isp_get_bulb_mode
                0x000000000000cc70                sdk_isp_set_bulb_level
                0x000000000000ccb0                sdk_isp_get_bulb_level
                0x000000000000ccc0                sdk_isp_ircut_led_set
                0x000000000000ccf0                sdk_isp_ircut_led_get_status
                0x000000000000cd38                sdk_isp_light_led_set
                0x000000000000cd68                gk_isp_led_on
                0x000000000000cde0                gk_isp_led_off
                0x000000000000ce58                sdk_isp_ircut_auto_switch
                0x000000000000d688                sdk_isp_light_led_get_status
                0x000000000000d6d0                sdk_isp_set_bulb_mode
                0x000000000000d878                sdk_isp_set_ircut_mode
                0x000000000000d950                sdk_isp_led_test_start
                0x000000000000d968                sdk_isp_pwm_set_on_value
                0x000000000000d970                sdk_isp_get_cur_mode
 *fill*         0x000000000000d97c        0x4 1f2003d5
 .text          0x000000000000d980      0x474 build/arm11-gcc-uClibc-linux-gk7605v100/obj/src/sdk_audio.o
                0x000000000000d980                gk_audio_init
                0x000000000000da18                gk_audio_exit
                0x000000000000dab0                gk_audio_ai_init
                0x000000000000db00                gk_audio_ai_exit
                0x000000000000db08                gk_audio_ao_init
                0x000000000000db58                gk_audio_ao_exit
                0x000000000000db60                get_volume_level
                0x000000000000dc40                get_gain_level
                0x000000000000dd10                gk_audio_ao_set_volume
                0x000000000000dd70                gk_audio_ao_get_volume
                0x000000000000ddc0                gk_audio_aout_play
                0x000000000000ddc8                gk_audio_input_enable
                0x000000000000dde0                gk_audio_output_enable
 *fill*         0x000000000000ddf4        0x4 1f2003d5
 .text          0x000000000000ddf8      0x448 build/arm11-gcc-uClibc-linux-gk7605v100/obj/src/sdk_watchdog.o
                0x000000000000ddf8                sdk_watchdog_feed
                0x000000000000de80                sdk_watchdog_set_timeout
                0x000000000000df50                sdk_watchdog_get_timeout
                0x000000000000dfd0                sdk_watchdog_control
                0x000000000000e0b8                sdk_watchdog_init
                0x000000000000e1c8                sdk_watchdog_exit
 .text          0x000000000000e240     0x1238 build/arm11-gcc-uClibc-linux-gk7605v100/obj/src/sdk_gpio.o
                0x000000000000e440                sdk_gpio_open
                0x000000000000e608                sdk_gpio_close
                0x000000000000e628                sdk_gpio_set_direction
                0x000000000000e780                sdk_gpio_set_value
                0x000000000000e898                sdk_gpio_get_value
                0x000000000000e9d8                sdk_gpio_set_pull_up_down
                0x000000000000eb10                sdk_gpio_set_output_value
                0x000000000000eda8                sdk_gpio_get_intput_value
                0x000000000000f040                sdk_gpio_get_output_value
                0x000000000000f250                sdk_gpio_set_intput_default_value
 .text          0x000000000000f478      0x5a4 build/arm11-gcc-uClibc-linux-gk7605v100/obj/src/sdk_osd.o
                0x000000000000f478                _get_local_area_params
                0x000000000000f4d8                _set_local_area_params
                0x000000000000f510                sdk_osd_init
                0x000000000000f538                sdk_osd_deinit
                0x000000000000f560                sdk_osd_set_reload_callback
                0x000000000000f570                sdk_osd_enable
                0x000000000000f608                sdk_osd_set_area_params
                0x000000000000f6b0                sdk_osd_set_channel_attr
                0x000000000000f6e8                sdk_osd_set_data
                0x000000000000f990                gk_osd_set_mirror
                0x000000000000f9c8                sdk_osd_get_mirror
                0x000000000000f9d8                gk_osd_set_flip
                0x000000000000fa10                sdk_osd_get_flip
 *fill*         0x000000000000fa1c        0x4 1f2003d5
 .text          0x000000000000fa20     0x19b0 build/arm11-gcc-uClibc-linux-gk7605v100/obj/src/sdk_ptz.o
                0x0000000000010410                sdk_ptz_init
                0x0000000000010558                sdk_ptz_deinit
                0x00000000000105d0                sdk_ptz_up
                0x0000000000010700                sdk_ptz_down
                0x0000000000010830                sdk_ptz_left
                0x0000000000010960                sdk_ptz_right
                0x0000000000010a90                sdk_ptz_left_up
                0x0000000000010c58                sdk_ptz_left_down
                0x0000000000010e18                sdk_ptz_right_up
                0x0000000000010fe0                sdk_ptz_right_down
                0x00000000000111a8                sdk_ptz_get_current_step
                0x0000000000011228                sdk_ptz_stop_loop
                0x0000000000011240                sdk_ptz_start_and_goto_center
                0x0000000000011398                sdk_ptz_get_startup_adjust_flag
 .text          0x00000000000113d0      0xb58 build/arm11-gcc-uClibc-linux-gk7605v100/obj/src/sdk_pwm.o
                0x00000000000114f0                gadi_pwm_init
                0x0000000000011578                gadi_pwm_exit
                0x00000000000115c8                gadi_pwm_open
                0x00000000000116a0                gadi_pwm_close
                0x0000000000011708                gadi_pwm_get_speed
                0x0000000000011788                gadi_pwm_set_speed
                0x0000000000011888                gadi_pwm_get_mode
                0x00000000000118f8                gadi_pwm_set_mode
                0x0000000000011a10                gadi_pwm_start
                0x0000000000011a20                gadi_pwm_stop
                0x0000000000011ad0                gadi_pwm_get_duty
                0x0000000000011b58                gadi_pwm_set_duty
                0x0000000000011c10                sdk_set_pwm_speed
                0x0000000000011c60                sdk_get_pwm_speed
                0x0000000000011cc0                sdk_set_pwm_duty
                0x0000000000011d10                sdk_get_pwm_duty
                0x0000000000011d70                sdk_pwm_init
                0x0000000000011da8                sdk_pwm_exit
                0x0000000000011df8                sdk_pwm_start
                0x0000000000011ef8                sdk_pwm_stop
                0x0000000000011f10                sdk_pwm_get_channel_status
 .text          0x0000000000011f28      0x574 build/arm11-gcc-uClibc-linux-gk7605v100/obj/src/sdk_pda.o
                0x0000000000011f28                sdk_pda_create
                0x0000000000012068                sdk_pda_init
                0x0000000000012150                sdk_pda_destroy
                0x00000000000121a8                sdk_pda_exit
                0x0000000000012208                sdk_pda_set_attr
                0x0000000000012210                sdk_pda_get_attr
                0x0000000000012270                sdk_pda_enable
                0x0000000000012278                sdk_pda_get_data
                0x0000000000012408                sdk_pda_get_yuv
                0x0000000000012460                sdk_pda_get_pda_p
                0x0000000000012470                sdk_pda_get_yuv_last
 *fill*         0x000000000001249c        0x4 1f2003d5
 .text          0x00000000000124a0      0x8a8 build/arm11-gcc-uClibc-linux-gk7605v100/obj/src/sdk_vision.o
                0x00000000000129f0                sdk_vision_init
                0x0000000000012b58                sdk_vision_open
                0x0000000000012be8                sdk_vision_exit
                0x0000000000012c38                sdk_vision_set_vision_sensitivity
                0x0000000000012c58                sdk_vision_set_transboundary_detection
                0x0000000000012c88                sdk_vision_set_region_intrusion
                0x0000000000012cb8                sdk_vision_set_pause_state
                0x0000000000012cc8                sdk_vision_set_human_detection
                0x0000000000012d28                sdk_vision_get_pause_state
                0x0000000000012d38                sdk_vision_set_sensitive
                0x0000000000012d40                sdk_vision_set_roi
 .text          0x0000000000012d48        0x0 /opt/linux/x86-arm/aarch64-mix210-linux/host_bin/../lib/gcc/aarch64-linux-gnu/7.3.0/crtendS.o
 .text          0x0000000000012d48        0x0 /opt/linux/x86-arm/aarch64-mix210-linux/host_bin/../target/usr/lib/crtn.o
 *(.gnu.warning)

.fini           0x0000000000012d48       0x10
 *(SORT_NONE(.fini))
 .fini          0x0000000000012d48        0x8 /opt/linux/x86-arm/aarch64-mix210-linux/host_bin/../target/usr/lib/crti.o
                0x0000000000012d48                _fini
 .fini          0x0000000000012d50        0x8 /opt/linux/x86-arm/aarch64-mix210-linux/host_bin/../target/usr/lib/crtn.o
                [!provide]                        PROVIDE (__etext = .)
                [!provide]                        PROVIDE (_etext = .)
                [!provide]                        PROVIDE (etext = .)

.rodata         0x0000000000012d58     0x3f85
 *(.rodata .rodata.* .gnu.linkonce.r.*)
 .rodata.str1.8
                0x0000000000012d58      0x172 build/arm11-gcc-uClibc-linux-gk7605v100/obj/src/sdk_common.o
                                        0x182 (size before relaxing)
 *fill*         0x0000000000012eca        0x6 
 .rodata        0x0000000000012ed0       0xb8 build/arm11-gcc-uClibc-linux-gk7605v100/obj/src/sdk_network.o
 .rodata.str1.8
                0x0000000000012f88      0x730 build/arm11-gcc-uClibc-linux-gk7605v100/obj/src/sdk_network.o
                                        0x740 (size before relaxing)
 .rodata.str1.8
                0x00000000000136b8       0x5a build/arm11-gcc-uClibc-linux-gk7605v100/obj/src/sdk.o
                                         0x62 (size before relaxing)
 *fill*         0x0000000000013712        0x6 
 .rodata        0x0000000000013718       0x18 build/arm11-gcc-uClibc-linux-gk7605v100/obj/src/sdk_sys.o
 .rodata.str1.8
                0x0000000000013730      0x109 build/arm11-gcc-uClibc-linux-gk7605v100/obj/src/sdk_sys.o
                                        0x119 (size before relaxing)
 *fill*         0x0000000000013839        0x7 
 .rodata        0x0000000000013840       0x15 build/arm11-gcc-uClibc-linux-gk7605v100/obj/src/sdk_vin.o
 *fill*         0x0000000000013855        0x3 
 .rodata.str1.8
                0x0000000000013858      0x1bd build/arm11-gcc-uClibc-linux-gk7605v100/obj/src/sdk_vin.o
                                        0x1cd (size before relaxing)
 *fill*         0x0000000000013a15        0x3 
 .rodata.str1.8
                0x0000000000013a18     0x1224 build/arm11-gcc-uClibc-linux-gk7605v100/obj/src/sdk_enc.o
                                       0x1234 (size before relaxing)
 *fill*         0x0000000000014c3c        0x4 
 .rodata        0x0000000000014c40       0x17 build/arm11-gcc-uClibc-linux-gk7605v100/obj/src/sdk_isp.o
 *fill*         0x0000000000014c57        0x1 
 .rodata.str1.8
                0x0000000000014c58      0xc43 build/arm11-gcc-uClibc-linux-gk7605v100/obj/src/sdk_isp.o
                                        0xc53 (size before relaxing)
 *fill*         0x000000000001589b        0x5 
 .rodata.str1.8
                0x00000000000158a0      0x30a build/arm11-gcc-uClibc-linux-gk7605v100/obj/src/sdk_audio.o
                                        0x31a (size before relaxing)
 *fill*         0x0000000000015baa        0x6 
 .rodata.str1.8
                0x0000000000015bb0      0x1da build/arm11-gcc-uClibc-linux-gk7605v100/obj/src/sdk_watchdog.o
                                        0x1ea (size before relaxing)
 *fill*         0x0000000000015d8a        0x6 
 .rodata.str1.8
                0x0000000000015d90      0x32b build/arm11-gcc-uClibc-linux-gk7605v100/obj/src/sdk_gpio.o
                                        0x343 (size before relaxing)
 *fill*         0x00000000000160bb        0x5 
 .rodata.str1.8
                0x00000000000160c0       0x53 build/arm11-gcc-uClibc-linux-gk7605v100/obj/src/sdk_osd.o
                                         0x5b (size before relaxing)
 *fill*         0x0000000000016113        0x5 
 .rodata.str1.8
                0x0000000000016118      0x1ca build/arm11-gcc-uClibc-linux-gk7605v100/obj/src/sdk_ptz.o
                                        0x1da (size before relaxing)
 *fill*         0x00000000000162e2        0x6 
 .rodata.str1.8
                0x00000000000162e8      0x3f8 build/arm11-gcc-uClibc-linux-gk7605v100/obj/src/sdk_pwm.o
 .rodata.str1.8
                0x00000000000166e0      0x24a build/arm11-gcc-uClibc-linux-gk7605v100/obj/src/sdk_pda.o
                                        0x252 (size before relaxing)
 *fill*         0x000000000001692a        0x6 
 .rodata        0x0000000000016930       0x20 build/arm11-gcc-uClibc-linux-gk7605v100/obj/src/sdk_vision.o
 .rodata.str1.8
                0x0000000000016950      0x38d build/arm11-gcc-uClibc-linux-gk7605v100/obj/src/sdk_vision.o

.rodata1
 *(.rodata1)

.eh_frame_hdr   0x0000000000016ce0      0x784
 *(.eh_frame_hdr)
 .eh_frame_hdr  0x0000000000016ce0      0x784 /opt/linux/x86-arm/aarch64-mix210-linux/host_bin/../lib/gcc/aarch64-linux-gnu/7.3.0/crtbeginS.o
                0x0000000000016ce0                __GNU_EH_FRAME_HDR
 *(.eh_frame_entry .eh_frame_entry.*)

.eh_frame       0x0000000000017468     0x3334
 *(.eh_frame)
 .eh_frame      0x0000000000017468       0x78 /opt/linux/x86-arm/aarch64-mix210-linux/host_bin/../lib/gcc/aarch64-linux-gnu/7.3.0/crtbeginS.o
 .eh_frame      0x00000000000174e0      0x270 build/arm11-gcc-uClibc-linux-gk7605v100/obj/src/sdk_common.o
                                        0x280 (size before relaxing)
 .eh_frame      0x0000000000017750      0x760 build/arm11-gcc-uClibc-linux-gk7605v100/obj/src/sdk_network.o
                                        0x770 (size before relaxing)
 .eh_frame      0x0000000000017eb0       0x38 build/arm11-gcc-uClibc-linux-gk7605v100/obj/src/sdk.o
                                         0x50 (size before relaxing)
 .eh_frame      0x0000000000017ee8       0x78 build/arm11-gcc-uClibc-linux-gk7605v100/obj/src/sdk_sys.o
                                         0x88 (size before relaxing)
 .eh_frame      0x0000000000017f60      0x158 build/arm11-gcc-uClibc-linux-gk7605v100/obj/src/sdk_vin.o
                                        0x170 (size before relaxing)
 .eh_frame      0x00000000000180b8      0x830 build/arm11-gcc-uClibc-linux-gk7605v100/obj/src/sdk_enc.o
                                        0x848 (size before relaxing)
 .eh_frame      0x00000000000188e8      0x780 build/arm11-gcc-uClibc-linux-gk7605v100/obj/src/sdk_isp.o
                                        0x798 (size before relaxing)
 .eh_frame      0x0000000000019068      0x1a0 build/arm11-gcc-uClibc-linux-gk7605v100/obj/src/sdk_audio.o
                                        0x1b8 (size before relaxing)
 .eh_frame      0x0000000000019208      0x108 build/arm11-gcc-uClibc-linux-gk7605v100/obj/src/sdk_watchdog.o
                                        0x118 (size before relaxing)
 .eh_frame      0x0000000000019310      0x378 build/arm11-gcc-uClibc-linux-gk7605v100/obj/src/sdk_gpio.o
                                        0x390 (size before relaxing)
 .eh_frame      0x0000000000019688      0x220 build/arm11-gcc-uClibc-linux-gk7605v100/obj/src/sdk_osd.o
                                        0x230 (size before relaxing)
 .eh_frame      0x00000000000198a8      0x5d0 build/arm11-gcc-uClibc-linux-gk7605v100/obj/src/sdk_ptz.o
                                        0x5e8 (size before relaxing)
 .eh_frame      0x0000000000019e78      0x508 build/arm11-gcc-uClibc-linux-gk7605v100/obj/src/sdk_pwm.o
                                        0x518 (size before relaxing)
 .eh_frame      0x000000000001a380      0x1e8 build/arm11-gcc-uClibc-linux-gk7605v100/obj/src/sdk_pda.o
                                        0x1f8 (size before relaxing)
 .eh_frame      0x000000000001a568      0x230 build/arm11-gcc-uClibc-linux-gk7605v100/obj/src/sdk_vision.o
                                        0x248 (size before relaxing)
 .eh_frame      0x000000000001a798        0x4 /opt/linux/x86-arm/aarch64-mix210-linux/host_bin/../lib/gcc/aarch64-linux-gnu/7.3.0/crtendS.o
 *(.eh_frame.*)

.gcc_except_table
 *(.gcc_except_table .gcc_except_table.*)

.gnu_extab
 *(.gnu_extab*)

.exception_ranges
 *(.exception_ranges*)
                0x000000000002ad98                . = DATA_SEGMENT_ALIGN (CONSTANT (MAXPAGESIZE), CONSTANT (COMMONPAGESIZE))

.eh_frame
 *(.eh_frame)
 *(.eh_frame.*)

.gnu_extab
 *(.gnu_extab)

.gcc_except_table
 *(.gcc_except_table .gcc_except_table.*)

.exception_ranges
 *(.exception_ranges*)

.tdata
 *(.tdata .tdata.* .gnu.linkonce.td.*)

.tbss
 *(.tbss .tbss.* .gnu.linkonce.tb.*)
 *(.tcommon)

.preinit_array
 *(.preinit_array)

.init_array     0x000000000002ad98        0x8
 *(SORT_BY_INIT_PRIORITY(.init_array.*) SORT_BY_INIT_PRIORITY(.ctors.*))
 *(.init_array EXCLUDE_FILE(*crtend?.o *crtend.o *crtbegin?.o *crtbegin.o) .ctors)
 .init_array    0x000000000002ad98        0x8 /opt/linux/x86-arm/aarch64-mix210-linux/host_bin/../lib/gcc/aarch64-linux-gnu/7.3.0/crtbeginS.o

.fini_array     0x000000000002ada0        0x8
 *(SORT_BY_INIT_PRIORITY(.fini_array.*) SORT_BY_INIT_PRIORITY(.dtors.*))
 *(.fini_array EXCLUDE_FILE(*crtend?.o *crtend.o *crtbegin?.o *crtbegin.o) .dtors)
 .fini_array    0x000000000002ada0        0x8 /opt/linux/x86-arm/aarch64-mix210-linux/host_bin/../lib/gcc/aarch64-linux-gnu/7.3.0/crtbeginS.o

.ctors
 *crtbegin.o(.ctors)
 *crtbegin?.o(.ctors)
 *(EXCLUDE_FILE(*crtend?.o *crtend.o) .ctors)
 *(SORT_BY_NAME(.ctors.*))
 *(.ctors)

.dtors
 *crtbegin.o(.dtors)
 *crtbegin?.o(.dtors)
 *(EXCLUDE_FILE(*crtend?.o *crtend.o) .dtors)
 *(SORT_BY_NAME(.dtors.*))
 *(.dtors)

.jcr
 *(.jcr)

.data.rel.ro    0x000000000002ada8        0x0
 *(.data.rel.ro.local* .gnu.linkonce.d.rel.ro.local.*)
 *(.data.rel.ro .data.rel.ro.* .gnu.linkonce.d.rel.ro.*)
 .data.rel.ro   0x000000000002ada8        0x0 /opt/linux/x86-arm/aarch64-mix210-linux/host_bin/../target/usr/lib/crti.o

.dynamic        0x000000000002ada8      0x1d0
 *(.dynamic)
 .dynamic       0x000000000002ada8      0x1d0 /opt/linux/x86-arm/aarch64-mix210-linux/host_bin/../target/usr/lib/crti.o
                0x000000000002ada8                _DYNAMIC

.got            0x000000000002af78       0x70
 *(.got)
 .got           0x000000000002af78       0x70 /opt/linux/x86-arm/aarch64-mix210-linux/host_bin/../target/usr/lib/crti.o
                0x000000000002af78                _GLOBAL_OFFSET_TABLE_
 *(.igot)
                0x000000000002afe8                . = DATA_SEGMENT_RELRO_END (., 0x18)

.got.plt        0x000000000002afe8      0x4c0
 *(.got.plt)
 .got.plt       0x000000000002afe8      0x4c0 /opt/linux/x86-arm/aarch64-mix210-linux/host_bin/../target/usr/lib/crti.o
 *(.igot.plt)

.data           0x000000000002b4a8       0x48
                [!provide]                        PROVIDE (__data_start = .)
 *(.data .data.* .gnu.linkonce.d.*)
 .data          0x000000000002b4a8        0x0 /opt/linux/x86-arm/aarch64-mix210-linux/host_bin/../target/usr/lib/crti.o
 .data          0x000000000002b4a8        0x0 /opt/linux/x86-arm/aarch64-mix210-linux/host_bin/../lib/gcc/aarch64-linux-gnu/7.3.0/crtbeginS.o
 .data.rel.local
                0x000000000002b4a8        0x8 /opt/linux/x86-arm/aarch64-mix210-linux/host_bin/../lib/gcc/aarch64-linux-gnu/7.3.0/crtbeginS.o
                0x000000000002b4a8                __dso_handle
 .data          0x000000000002b4b0        0x0 build/arm11-gcc-uClibc-linux-gk7605v100/obj/src/sdk_common.o
 .data          0x000000000002b4b0        0x0 build/arm11-gcc-uClibc-linux-gk7605v100/obj/src/sdk_network.o
 .data          0x000000000002b4b0        0x0 build/arm11-gcc-uClibc-linux-gk7605v100/obj/src/sdk.o
 .data          0x000000000002b4b0        0x0 build/arm11-gcc-uClibc-linux-gk7605v100/obj/src/sdk_sys.o
 .data          0x000000000002b4b0        0x0 build/arm11-gcc-uClibc-linux-gk7605v100/obj/src/sdk_vin.o
 .data          0x000000000002b4b0        0x0 build/arm11-gcc-uClibc-linux-gk7605v100/obj/src/sdk_enc.o
 .data          0x000000000002b4b0       0x2a build/arm11-gcc-uClibc-linux-gk7605v100/obj/src/sdk_isp.o
                0x000000000002b4d8                slowLight
 .data          0x000000000002b4da        0x0 build/arm11-gcc-uClibc-linux-gk7605v100/obj/src/sdk_audio.o
 .data          0x000000000002b4da        0x0 build/arm11-gcc-uClibc-linux-gk7605v100/obj/src/sdk_watchdog.o
 .data          0x000000000002b4da        0x0 build/arm11-gcc-uClibc-linux-gk7605v100/obj/src/sdk_gpio.o
 .data          0x000000000002b4da        0x0 build/arm11-gcc-uClibc-linux-gk7605v100/obj/src/sdk_osd.o
 *fill*         0x000000000002b4da        0x6 
 .data          0x000000000002b4e0        0xc build/arm11-gcc-uClibc-linux-gk7605v100/obj/src/sdk_ptz.o
 .data          0x000000000002b4ec        0x4 build/arm11-gcc-uClibc-linux-gk7605v100/obj/src/sdk_pwm.o
 .data          0x000000000002b4f0        0x0 build/arm11-gcc-uClibc-linux-gk7605v100/obj/src/sdk_pda.o
 .data          0x000000000002b4f0        0x0 build/arm11-gcc-uClibc-linux-gk7605v100/obj/src/sdk_vision.o
 .data          0x000000000002b4f0        0x0 /opt/linux/x86-arm/aarch64-mix210-linux/host_bin/../lib/gcc/aarch64-linux-gnu/7.3.0/crtendS.o
 .data          0x000000000002b4f0        0x0 /opt/linux/x86-arm/aarch64-mix210-linux/host_bin/../target/usr/lib/crtn.o

.tm_clone_table
                0x000000000002b4f0        0x0
 .tm_clone_table
                0x000000000002b4f0        0x0 /opt/linux/x86-arm/aarch64-mix210-linux/host_bin/../lib/gcc/aarch64-linux-gnu/7.3.0/crtbeginS.o
 .tm_clone_table
                0x000000000002b4f0        0x0 /opt/linux/x86-arm/aarch64-mix210-linux/host_bin/../lib/gcc/aarch64-linux-gnu/7.3.0/crtendS.o

.data1
 *(.data1)
                [!provide]                        PROVIDE (_edata = .)
                [!provide]                        PROVIDE (edata = .)
                0x000000000002b4f0                . = .
                [!provide]                        PROVIDE (__bss_start = .)
                [!provide]                        PROVIDE (__bss_start__ = .)

.bss            0x000000000002b4f0      0xe10
 *(.dynbss)
 .dynbss        0x000000000002b4f0        0x0 /opt/linux/x86-arm/aarch64-mix210-linux/host_bin/../target/usr/lib/crti.o
 *(.bss .bss.* .gnu.linkonce.b.*)
 .bss           0x000000000002b4f0        0x0 /opt/linux/x86-arm/aarch64-mix210-linux/host_bin/../target/usr/lib/crti.o
 .bss           0x000000000002b4f0        0x1 /opt/linux/x86-arm/aarch64-mix210-linux/host_bin/../lib/gcc/aarch64-linux-gnu/7.3.0/crtbeginS.o
 .bss           0x000000000002b4f1        0x0 build/arm11-gcc-uClibc-linux-gk7605v100/obj/src/sdk_common.o
 .bss           0x000000000002b4f1        0x0 build/arm11-gcc-uClibc-linux-gk7605v100/obj/src/sdk_network.o
 .bss           0x000000000002b4f1        0x1 build/arm11-gcc-uClibc-linux-gk7605v100/obj/src/sdk.o
 .bss           0x000000000002b4f2        0x0 build/arm11-gcc-uClibc-linux-gk7605v100/obj/src/sdk_sys.o
 *fill*         0x000000000002b4f2        0x6 
 .bss           0x000000000002b4f8       0xc5 build/arm11-gcc-uClibc-linux-gk7605v100/obj/src/sdk_vin.o
 *fill*         0x000000000002b5bd        0x3 
 .bss           0x000000000002b5c0      0x488 build/arm11-gcc-uClibc-linux-gk7605v100/obj/src/sdk_enc.o
                0x000000000002ba28                vpssHandle
                0x000000000002ba30                vencHandle
                0x000000000002ba38                voutHandle
                0x000000000002ba40                viHandle
 .bss           0x000000000002ba48       0xa0 build/arm11-gcc-uClibc-linux-gk7605v100/obj/src/sdk_isp.o
                0x000000000002bad8                imageSytle
                0x000000000002bae0                ispHandle
 .bss           0x000000000002bae8        0x0 build/arm11-gcc-uClibc-linux-gk7605v100/obj/src/sdk_audio.o
 .bss           0x000000000002bae8        0x4 build/arm11-gcc-uClibc-linux-gk7605v100/obj/src/sdk_watchdog.o
 .bss           0x000000000002baec        0x0 build/arm11-gcc-uClibc-linux-gk7605v100/obj/src/sdk_gpio.o
 *fill*         0x000000000002baec        0x4 
 .bss           0x000000000002baf0      0x118 build/arm11-gcc-uClibc-linux-gk7605v100/obj/src/sdk_osd.o
 .bss           0x000000000002bc08      0x600 build/arm11-gcc-uClibc-linux-gk7605v100/obj/src/sdk_ptz.o
 .bss           0x000000000002c208       0x28 build/arm11-gcc-uClibc-linux-gk7605v100/obj/src/sdk_pwm.o
 .bss           0x000000000002c230       0x60 build/arm11-gcc-uClibc-linux-gk7605v100/obj/src/sdk_pda.o
 .bss           0x000000000002c290       0x40 build/arm11-gcc-uClibc-linux-gk7605v100/obj/src/sdk_vision.o
 .bss           0x000000000002c2d0        0x0 /opt/linux/x86-arm/aarch64-mix210-linux/host_bin/../lib/gcc/aarch64-linux-gnu/7.3.0/crtendS.o
 .bss           0x000000000002c2d0        0x0 /opt/linux/x86-arm/aarch64-mix210-linux/host_bin/../target/usr/lib/crtn.o
 *(COMMON)
 COMMON         0x000000000002c2d0        0x4 build/arm11-gcc-uClibc-linux-gk7605v100/obj/src/sdk_isp.o
                0x000000000002c2d0                ispAutoSlowShutterThread
 *fill*         0x000000000002c2d4        0x4 
 COMMON         0x000000000002c2d8       0x20 build/arm11-gcc-uClibc-linux-gk7605v100/obj/src/sdk_pda.o
                0x000000000002c2d8                pdaMdCb
                0x000000000002c2e0                gkPdaData
 COMMON         0x000000000002c2f8        0x8 build/arm11-gcc-uClibc-linux-gk7605v100/obj/src/sdk_vision.o
                0x000000000002c2f8                videoThreadId
                0x000000000002c300                . = ALIGN ((. != 0x0)?0x8:0x1)
                [!provide]                        PROVIDE (_bss_end__ = .)
                [!provide]                        PROVIDE (__bss_end__ = .)
                0x000000000002c300                . = ALIGN (0x8)
                0x000000000002c300                . = SEGMENT_START ("ldata-segment", .)
                0x000000000002c300                . = ALIGN (0x8)
                [!provide]                        PROVIDE (__end__ = .)
                [!provide]                        PROVIDE (_end = .)
                [!provide]                        PROVIDE (end = .)
                0x000000000002c300                . = DATA_SEGMENT_END (.)

.stab
 *(.stab)

.stabstr
 *(.stabstr)

.stab.excl
 *(.stab.excl)

.stab.exclstr
 *(.stab.exclstr)

.stab.index
 *(.stab.index)

.stab.indexstr
 *(.stab.indexstr)

.comment        0x0000000000000000       0x16
 *(.comment)
 .comment       0x0000000000000000       0x16 /opt/linux/x86-arm/aarch64-mix210-linux/host_bin/../lib/gcc/aarch64-linux-gnu/7.3.0/crtbeginS.o
                                         0x17 (size before relaxing)
 .comment       0x0000000000000016       0x17 build/arm11-gcc-uClibc-linux-gk7605v100/obj/src/sdk_common.o
 .comment       0x0000000000000016       0x17 build/arm11-gcc-uClibc-linux-gk7605v100/obj/src/sdk_network.o
 .comment       0x0000000000000016       0x17 build/arm11-gcc-uClibc-linux-gk7605v100/obj/src/sdk.o
 .comment       0x0000000000000016       0x17 build/arm11-gcc-uClibc-linux-gk7605v100/obj/src/sdk_sys.o
 .comment       0x0000000000000016       0x17 build/arm11-gcc-uClibc-linux-gk7605v100/obj/src/sdk_vin.o
 .comment       0x0000000000000016       0x17 build/arm11-gcc-uClibc-linux-gk7605v100/obj/src/sdk_enc.o
 .comment       0x0000000000000016       0x17 build/arm11-gcc-uClibc-linux-gk7605v100/obj/src/sdk_isp.o
 .comment       0x0000000000000016       0x17 build/arm11-gcc-uClibc-linux-gk7605v100/obj/src/sdk_audio.o
 .comment       0x0000000000000016       0x17 build/arm11-gcc-uClibc-linux-gk7605v100/obj/src/sdk_watchdog.o
 .comment       0x0000000000000016       0x17 build/arm11-gcc-uClibc-linux-gk7605v100/obj/src/sdk_gpio.o
 .comment       0x0000000000000016       0x17 build/arm11-gcc-uClibc-linux-gk7605v100/obj/src/sdk_osd.o
 .comment       0x0000000000000016       0x17 build/arm11-gcc-uClibc-linux-gk7605v100/obj/src/sdk_ptz.o
 .comment       0x0000000000000016       0x17 build/arm11-gcc-uClibc-linux-gk7605v100/obj/src/sdk_pwm.o
 .comment       0x0000000000000016       0x17 build/arm11-gcc-uClibc-linux-gk7605v100/obj/src/sdk_pda.o
 .comment       0x0000000000000016       0x17 build/arm11-gcc-uClibc-linux-gk7605v100/obj/src/sdk_vision.o
 .comment       0x0000000000000016       0x17 /opt/linux/x86-arm/aarch64-mix210-linux/host_bin/../lib/gcc/aarch64-linux-gnu/7.3.0/crtendS.o

.gnu.build.attributes
 *(.gnu.build.attributes .gnu.build.attributes.*)

.debug
 *(.debug)

.line
 *(.line)

.debug_srcinfo
 *(.debug_srcinfo)

.debug_sfnames
 *(.debug_sfnames)

.debug_aranges
 *(.debug_aranges)

.debug_pubnames
 *(.debug_pubnames)

.debug_info
 *(.debug_info .gnu.linkonce.wi.*)

.debug_abbrev
 *(.debug_abbrev)

.debug_line
 *(.debug_line .debug_line.* .debug_line_end)

.debug_frame
 *(.debug_frame)

.debug_str
 *(.debug_str)

.debug_loc
 *(.debug_loc)

.debug_macinfo
 *(.debug_macinfo)

.debug_weaknames
 *(.debug_weaknames)

.debug_funcnames
 *(.debug_funcnames)

.debug_typenames
 *(.debug_typenames)

.debug_varnames
 *(.debug_varnames)

.debug_pubtypes
 *(.debug_pubtypes)

.debug_ranges
 *(.debug_ranges)

.debug_macro
 *(.debug_macro)

.debug_addr
 *(.debug_addr)

.ARM.attributes
 *(.ARM.attributes)
 *(.gnu.attributes)

.note.gnu.arm.ident
 *(.note.gnu.arm.ident)

/DISCARD/
 *(.note.GNU-stack)
 *(.gnu_debuglink)
 *(.gnu.lto_*)
OUTPUT(build/arm11-gcc-uClibc-linux-gk7605v100/lib/libsdk.so elf64-littleaarch64)
LOAD linker stubs
