Archive member included to satisfy reference by file (symbol)

/opt/linux/x86-arm/aarch64-mix210-linux/host_bin/../target/usr/lib/libc_nonshared.a(fstat.oS)
                              build/arm11-gcc-uClibc-linux-gk7605v100/obj/src/common_venc/sample_comm_venc.o (fstat)

Allocating common symbols
Common symbol       size              file

stBitmap            0x18              build/arm11-gcc-uClibc-linux-gk7605v100/obj/src/svp_rtsp/ive/sample/sample_ive_md.o
shmid_tx            0x4               build/arm11-gcc-uClibc-linux-gk7605v100/obj/src/svp_rtsp/ive/sample/sample_ive_md.o
factory_test        0x2e8             build/arm11-gcc-uClibc-linux-gk7605v100/obj/src/factory_test/factory_test.o
g_call_id           0x4               build/arm11-gcc-uClibc-linux-gk7605v100/obj/src/third/gb28181/ite_gb28181_sip.o
random_int          0x4               build/arm11-gcc-uClibc-linux-gk7605v100/obj/src/svp_rtsp/ive/sample/sample_ive_md.o
sockfd              0x4               build/arm11-gcc-uClibc-linux-gk7605v100/obj/src/svp_rtsp/ive/sample/sample_ive_md.o
ptr_tx              0x8               build/arm11-gcc-uClibc-linux-gk7605v100/obj/src/svp_rtsp/ive/sample/sample_ive_md.o
SocketInfo          0x1e0             build/arm11-gcc-uClibc-linux-gk7605v100/obj/src/third/gb28181/ite_gb28181_rtp.o
sys_conf            0x14c             build/arm11-gcc-uClibc-linux-gk7605v100/obj/src/third/gb28181/ite_gb28181_app.o
g_call_id_str       0xc8              build/arm11-gcc-uClibc-linux-gk7605v100/obj/src/third/gb28181/ite_gb28181_sip.o
g_did_fileDown      0x4               build/arm11-gcc-uClibc-linux-gk7605v100/obj/src/third/gb28181/ite_gb28181_sip.o
g_dec_surveillance_param
                    0xc               build/arm11-gcc-uClibc-linux-gk7605v100/obj/src/third/gb28181/ite_gb28181_sip.o
g_enc_surveillance_param
                    0xc               build/arm11-gcc-uClibc-linux-gk7605v100/obj/src/third/gb28181/ite_gb28181_sip.o
g_broadcast_invite_callid
                    0x80              build/arm11-gcc-uClibc-linux-gk7605v100/obj/src/third/gb28181/ite_gb28181_sip.o
buf                 0x8               build/arm11-gcc-uClibc-linux-gk7605v100/obj/src/svp_rtsp/ive/sample/sample_ive_md.o
region_tmp_old      0x804             build/arm11-gcc-uClibc-linux-gk7605v100/obj/src/svp_rtsp/ive/sample/sample_ive_md.o
g_broadcast_dstid   0x40              build/arm11-gcc-uClibc-linux-gk7605v100/obj/src/third/gb28181/ite_gb28181_sip.o
g_dec_svc_param     0x10              build/arm11-gcc-uClibc-linux-gk7605v100/obj/src/third/gb28181/ite_gb28181_sip.o
uas_handle_Message  0x8               build/arm11-gcc-uClibc-linux-gk7605v100/obj/src/third/gb28181/ite_gb28181_app.o
device_status       0x28              build/arm11-gcc-uClibc-linux-gk7605v100/obj/src/third/gb28181/ite_gb28181_rtp.o
rtsp_handle         0x30              build/arm11-gcc-uClibc-linux-gk7605v100/obj/src/venc_audio/sample_venc_aenc.o
uas_handle_invite_sdp
                    0x8               build/arm11-gcc-uClibc-linux-gk7605v100/obj/src/third/gb28181/ite_gb28181_app.o
uas_start_transport
                    0x8               build/arm11-gcc-uClibc-linux-gk7605v100/obj/src/third/gb28181/ite_gb28181_app.o
g_did_backPlay      0x4               build/arm11-gcc-uClibc-linux-gk7605v100/obj/src/third/gb28181/ite_gb28181_sip.o
g_broadcast_callid  0x80              build/arm11-gcc-uClibc-linux-gk7605v100/obj/src/third/gb28181/ite_gb28181_sip.o
g_strAuth           0x400             build/arm11-gcc-uClibc-linux-gk7605v100/obj/src/third/gb28181/ite_gb28181_sip.o
g_broadcast_srcid   0x40              build/arm11-gcc-uClibc-linux-gk7605v100/obj/src/third/gb28181/ite_gb28181_sip.o
g_did_realPlay      0x4               build/arm11-gcc-uClibc-linux-gk7605v100/obj/src/third/gb28181/ite_gb28181_sip.o
ite_eXosip_callback
                    0x30              build/arm11-gcc-uClibc-linux-gk7605v100/obj/src/third/gb28181/ite_gb28181_rtp.o
serverAddr          0x10              build/arm11-gcc-uClibc-linux-gk7605v100/obj/src/svp_rtsp/ive/sample/sample_ive_md.o
rtcp_pkt_sr         0x1c              build/arm11-gcc-uClibc-linux-gk7605v100/obj/src/third/gb28181/ite_gb28181_rtp.o
p                   0x8               build/arm11-gcc-uClibc-linux-gk7605v100/obj/src/svp_rtsp/ive/sample/sample_ive_md.o
size                0x4               build/arm11-gcc-uClibc-linux-gk7605v100/obj/src/svp_rtsp/ive/sample/sample_ive_md.o
g_did_audioPlay     0x4               build/arm11-gcc-uClibc-linux-gk7605v100/obj/src/third/gb28181/ite_gb28181_sip.o
g_svac_audio_param  0x4               build/arm11-gcc-uClibc-linux-gk7605v100/obj/src/third/gb28181/ite_gb28181_sip.o
g_alarm_method      0xa               build/arm11-gcc-uClibc-linux-gk7605v100/obj/src/third/gb28181/ite_gb28181_sip.o
autolight_lock      0x38              build/arm11-gcc-uClibc-linux-gk7605v100/obj/src/autolight/netcam_autolight.o
[...]
Memory Configuration

Name             Origin             Length             Attributes
*default*        0x0000000000000000 0xffffffffffffffff

Linker script and memory map

LOAD /opt/linux/x86-arm/aarch64-mix210-linux/host_bin/../target/usr/lib/crti.o
LOAD /opt/linux/x86-arm/aarch64-mix210-linux/host_bin/../lib/gcc/aarch64-linux-gnu/7.3.0/crtbeginS.o
LOAD /opt/linux/x86-arm/aarch64-mix210-linux/host_bin/../lib/gcc/aarch64-linux-gnu/7.3.0/../../../../aarch64-linux-gnu/lib/../lib64/libstdc++.so
LOAD src/svp_rtsp/SDL2-2.26.1/install/lib/libSDL2.so
LOAD src/svp_rtsp/SDL2_ttf-2.0.18/install/lib/libSDL2_ttf.so
LOAD /opt/linux/x86-arm/aarch64-mix210-linux/host_bin/../target/usr/lib/libpthread.so
LOAD /opt/linux/x86-arm/aarch64-mix210-linux/host_bin/../target/usr/lib/librt.so
LOAD /opt/linux/x86-arm/aarch64-mix210-linux/host_bin/../target/usr/lib/libresolv.so
LOAD /opt/linux/x86-arm/aarch64-mix210-linux/host_bin/../target/usr/lib/libdl.so
LOAD /opt/linux/x86-arm/aarch64-mix210-linux/host_bin/../target/usr/lib/libm.so
LOAD /home/wanghs/7608_netcam/install/arm11-gcc-uClibc-linux-gk7605v100/lib/librtsp.a
LOAD /opt/linux/x86-arm/aarch64-mix210-linux/host_bin/../target/usr/lib/libdl.so
LOAD /opt/linux/x86-arm/aarch64-mix210-linux/host_bin/../lib/gcc/aarch64-linux-gnu/7.3.0/../../../../aarch64-linux-gnu/lib/../lib64/libstdc++.so
LOAD /opt/linux/x86-arm/aarch64-mix210-linux/host_bin/../target/usr/lib/libm.so
LOAD /home/wanghs/7608_netcam/install/arm11-gcc-uClibc-linux-gk7605v100/lib/libprotobuf-c.a
LOAD build/arm11-gcc-uClibc-linux-gk7605v100/obj/src/rtsp/gk_rtsp.o
LOAD build/arm11-gcc-uClibc-linux-gk7605v100/obj/src/factory_test/factory_test.o
LOAD build/arm11-gcc-uClibc-linux-gk7605v100/obj/src/gkvision/gkvision.o
LOAD build/arm11-gcc-uClibc-linux-gk7605v100/obj/src/third/gb28181/ite_gb28181_rtp.o
LOAD build/arm11-gcc-uClibc-linux-gk7605v100/obj/src/third/gb28181/ite_gb28181_sip.o
LOAD build/arm11-gcc-uClibc-linux-gk7605v100/obj/src/third/gb28181/ite_gb28181_app.o
LOAD build/arm11-gcc-uClibc-linux-gk7605v100/obj/src/third/gb28181/ite_gb28181_playback.o
LOAD build/arm11-gcc-uClibc-linux-gk7605v100/obj/src/common/main.o
LOAD build/arm11-gcc-uClibc-linux-gk7605v100/obj/src/common/netcam_sys.o
LOAD build/arm11-gcc-uClibc-linux-gk7605v100/obj/src/video/netcam_video.o
LOAD build/arm11-gcc-uClibc-linux-gk7605v100/obj/src/video/netcam_video_web_stream.o
LOAD build/arm11-gcc-uClibc-linux-gk7605v100/obj/src/image/netcam_image.o
LOAD build/arm11-gcc-uClibc-linux-gk7605v100/obj/src/timer/netcam_timer.o
LOAD build/arm11-gcc-uClibc-linux-gk7605v100/obj/src/autolight/netcam_autolight.o
LOAD build/arm11-gcc-uClibc-linux-gk7605v100/obj/src/osd/netcam_osd.o
LOAD build/arm11-gcc-uClibc-linux-gk7605v100/obj/src/http/netcam_http_web.o
LOAD build/arm11-gcc-uClibc-linux-gk7605v100/obj/src/net/netcam_network.o
LOAD build/arm11-gcc-uClibc-linux-gk7605v100/obj/src/net/net_arp.o
LOAD build/arm11-gcc-uClibc-linux-gk7605v100/obj/src/net/net_dhcp.o
LOAD build/arm11-gcc-uClibc-linux-gk7605v100/obj/src/net/net_arping.o
LOAD build/arm11-gcc-uClibc-linux-gk7605v100/obj/src/ptz/netcam_ptz.o
LOAD build/arm11-gcc-uClibc-linux-gk7605v100/obj/src/md/netcam_motion_detect.o
LOAD build/arm11-gcc-uClibc-linux-gk7605v100/obj/src/watchdog/netcam_watchdog.o
LOAD build/arm11-gcc-uClibc-linux-gk7605v100/obj/src/work_callback/system_handle.o
LOAD build/arm11-gcc-uClibc-linux-gk7605v100/obj/src/common_venc/loadbmp.o
LOAD build/arm11-gcc-uClibc-linux-gk7605v100/obj/src/common_venc/sample_comm_audio.o
LOAD build/arm11-gcc-uClibc-linux-gk7605v100/obj/src/common_venc/sample_comm_isp.o
LOAD build/arm11-gcc-uClibc-linux-gk7605v100/obj/src/common_venc/sample_comm_mipi_tx.o
LOAD build/arm11-gcc-uClibc-linux-gk7605v100/obj/src/common_venc/sample_comm_region.o
LOAD build/arm11-gcc-uClibc-linux-gk7605v100/obj/src/common_venc/sample_comm_sys.o
LOAD build/arm11-gcc-uClibc-linux-gk7605v100/obj/src/common_venc/sample_comm_vdec.o
LOAD build/arm11-gcc-uClibc-linux-gk7605v100/obj/src/common_venc/sample_comm_venc.o
LOAD build/arm11-gcc-uClibc-linux-gk7605v100/obj/src/common_venc/sample_comm_vi.o
LOAD build/arm11-gcc-uClibc-linux-gk7605v100/obj/src/common_venc/sample_comm_vo.o
LOAD build/arm11-gcc-uClibc-linux-gk7605v100/obj/src/common_venc/sample_comm_vpss.o
LOAD build/arm11-gcc-uClibc-linux-gk7605v100/obj/src/venc_audio/sample_audio.o
LOAD build/arm11-gcc-uClibc-linux-gk7605v100/obj/src/venc_audio/sample_venc_aenc.o
LOAD build/arm11-gcc-uClibc-linux-gk7605v100/obj/src/venc_audio/adp/audio_aac_adp.o
LOAD build/arm11-gcc-uClibc-linux-gk7605v100/obj/src/venc_audio/adp/audio_dl_adp.o
LOAD build/arm11-gcc-uClibc-linux-gk7605v100/obj/src/svp_rtsp/common/sample_common_ive.o
LOAD build/arm11-gcc-uClibc-linux-gk7605v100/obj/src/svp_rtsp/common/sample_common_svp.o
LOAD build/arm11-gcc-uClibc-linux-gk7605v100/obj/src/svp_rtsp/ive/sample_ive_main.o
LOAD build/arm11-gcc-uClibc-linux-gk7605v100/obj/src/svp_rtsp/ive/sample/sample_ive_md.o
LOAD build/arm11-gcc-uClibc-linux-gk7605v100/obj/src/ntpclient/ntp_client.o
LOAD build/arm11-gcc-uClibc-linux-gk7605v100/obj/src/bplustree/bplustree.o
LOAD /opt/linux/x86-arm/aarch64-mix210-linux/host_bin/../lib/gcc/aarch64-linux-gnu/7.3.0/libgcc.a
LOAD /opt/linux/x86-arm/aarch64-mix210-linux/host_bin/../lib/gcc/aarch64-linux-gnu/7.3.0/../../../../aarch64-linux-gnu/lib/../lib64/libgcc_s.so
LOAD /opt/linux/x86-arm/aarch64-mix210-linux/host_bin/../target/usr/lib/libc.so
START GROUP
LOAD /opt/linux/x86-arm/aarch64-mix210-linux/host_bin/../target/lib/libc.so.6
LOAD /opt/linux/x86-arm/aarch64-mix210-linux/host_bin/../target/usr/lib/libc_nonshared.a
LOAD /opt/linux/x86-arm/aarch64-mix210-linux/host_bin/../target/lib/ld-linux-aarch64.so.1
END GROUP
LOAD /opt/linux/x86-arm/aarch64-mix210-linux/host_bin/../lib/gcc/aarch64-linux-gnu/7.3.0/libgcc.a
LOAD /opt/linux/x86-arm/aarch64-mix210-linux/host_bin/../lib/gcc/aarch64-linux-gnu/7.3.0/../../../../aarch64-linux-gnu/lib/../lib64/libgcc_s.so
LOAD /opt/linux/x86-arm/aarch64-mix210-linux/host_bin/../lib/gcc/aarch64-linux-gnu/7.3.0/crtendS.o
LOAD /opt/linux/x86-arm/aarch64-mix210-linux/host_bin/../target/usr/lib/crtn.o
                0x0000000000000190                . = (SEGMENT_START ("text-segment", 0x0) + SIZEOF_HEADERS)

.note.gnu.build-id
 *(.note.gnu.build-id)

.hash           0x0000000000000190     0x2864
 *(.hash)
 .hash          0x0000000000000190     0x2864 /opt/linux/x86-arm/aarch64-mix210-linux/host_bin/../target/usr/lib/crti.o

.gnu.hash       0x00000000000029f8     0x1620
 *(.gnu.hash)
 .gnu.hash      0x00000000000029f8     0x1620 /opt/linux/x86-arm/aarch64-mix210-linux/host_bin/../target/usr/lib/crti.o

.dynsym         0x0000000000004018     0x9180
 *(.dynsym)
 .dynsym        0x0000000000004018     0x9180 /opt/linux/x86-arm/aarch64-mix210-linux/host_bin/../target/usr/lib/crti.o

.dynstr         0x000000000000d198     0x7fb6
 *(.dynstr)
 .dynstr        0x000000000000d198     0x7fb6 /opt/linux/x86-arm/aarch64-mix210-linux/host_bin/../target/usr/lib/crti.o

.gnu.version    0x000000000001514e      0xc20
 *(.gnu.version)
 .gnu.version   0x000000000001514e      0xc20 /opt/linux/x86-arm/aarch64-mix210-linux/host_bin/../target/usr/lib/crti.o

.gnu.version_d  0x0000000000015d70        0x0
 *(.gnu.version_d)
 .gnu.version_d
                0x0000000000015d70        0x0 /opt/linux/x86-arm/aarch64-mix210-linux/host_bin/../target/usr/lib/crti.o

.gnu.version_r  0x0000000000015d70       0x60
 *(.gnu.version_r)
 .gnu.version_r
                0x0000000000015d70       0x60 /opt/linux/x86-arm/aarch64-mix210-linux/host_bin/../target/usr/lib/crti.o

.rela.dyn       0x0000000000015dd0     0x18d8
 *(.rela.init)
 *(.rela.text .rela.text.* .rela.gnu.linkonce.t.*)
 *(.rela.fini)
 *(.rela.rodata .rela.rodata.* .rela.gnu.linkonce.r.*)
 *(.rela.data .rela.data.* .rela.gnu.linkonce.d.*)
 .rela.data.rel.local
                0x0000000000015dd0      0x4c8 /opt/linux/x86-arm/aarch64-mix210-linux/host_bin/../target/usr/lib/crti.o
 .rela.data.rel
                0x0000000000016298      0x1f8 /opt/linux/x86-arm/aarch64-mix210-linux/host_bin/../target/usr/lib/crti.o
 .rela.data     0x0000000000016490      0x120 /opt/linux/x86-arm/aarch64-mix210-linux/host_bin/../target/usr/lib/crti.o
 .rela.data.rel.ro.local
                0x00000000000165b0      0x198 /opt/linux/x86-arm/aarch64-mix210-linux/host_bin/../target/usr/lib/crti.o
 *(.rela.tdata .rela.tdata.* .rela.gnu.linkonce.td.*)
 *(.rela.tbss .rela.tbss.* .rela.gnu.linkonce.tb.*)
 *(.rela.ctors)
 *(.rela.dtors)
 *(.rela.got)
 .rela.got      0x0000000000016748      0xf30 /opt/linux/x86-arm/aarch64-mix210-linux/host_bin/../target/usr/lib/crti.o
 *(.rela.bss .rela.bss.* .rela.gnu.linkonce.b.*)
 *(.rela.ifunc)
 .rela.ifunc    0x0000000000017678        0x0 /opt/linux/x86-arm/aarch64-mix210-linux/host_bin/../target/usr/lib/crti.o
 .rela.init_array
                0x0000000000017678       0x18 /opt/linux/x86-arm/aarch64-mix210-linux/host_bin/../target/usr/lib/crti.o
 .rela.fini_array
                0x0000000000017690       0x18 /opt/linux/x86-arm/aarch64-mix210-linux/host_bin/../target/usr/lib/crti.o

.rela.plt       0x00000000000176a8     0x6990
 *(.rela.plt)
 .rela.plt      0x00000000000176a8     0x6990 /opt/linux/x86-arm/aarch64-mix210-linux/host_bin/../target/usr/lib/crti.o
 *(.rela.iplt)

.init           0x000000000001e038       0x14
 *(SORT_NONE(.init))
 .init          0x000000000001e038        0xc /opt/linux/x86-arm/aarch64-mix210-linux/host_bin/../target/usr/lib/crti.o
                0x000000000001e038                _init
 .init          0x000000000001e044        0x8 /opt/linux/x86-arm/aarch64-mix210-linux/host_bin/../target/usr/lib/crtn.o

.plt            0x000000000001e050     0x4680
 *(.plt)
 .plt           0x000000000001e050     0x4680 /opt/linux/x86-arm/aarch64-mix210-linux/host_bin/../target/usr/lib/crti.o
 *(.iplt)

.text           0x00000000000226d0    0x6dc78
 *(.text.unlikely .text.*_unlikely .text.unlikely.*)
 *(.text.exit .text.exit.*)
 *(.text.startup .text.startup.*)
 *(.text.hot .text.hot.*)
 *(SORT_BY_NAME(.text.sorted.*))
 *(.text .stub .text.* .gnu.linkonce.t.*)
 .text          0x00000000000226d0       0x14 /opt/linux/x86-arm/aarch64-mix210-linux/host_bin/../target/usr/lib/crti.o
 *fill*         0x00000000000226e4        0x4 1f2003d5
 .text          0x00000000000226e8       0xbc /opt/linux/x86-arm/aarch64-mix210-linux/host_bin/../lib/gcc/aarch64-linux-gnu/7.3.0/crtbeginS.o
 .text          0x00000000000227a4     0x1364 build/arm11-gcc-uClibc-linux-gk7605v100/obj/src/rtsp/gk_rtsp.o
                0x000000000002347c                printf_rtsp_param
                0x0000000000023764                rtsp_setParam
                0x00000000000237dc                rtsp_getParam
                0x0000000000023a68                rtsp_start
                0x0000000000023af4                rtsp_stop
 .text          0x0000000000023b08      0xdf4 build/arm11-gcc-uClibc-linux-gk7605v100/obj/src/factory_test/factory_test.o
                0x0000000000023b08                vFactoryWorkMode_Play_AudioFile
                0x0000000000023c00                vFactoryWorkMode_PTZ_Loop
                0x0000000000023c1c                vFactoryWorkMode_PTZ_StopLoop
                0x0000000000023c34                vFactoryWorkMode_LinkWifi
                0x0000000000023d84                vFactoryWorkMode_StopLinkWifi
                0x0000000000023db8                vFactoryWorkMode_WriteRecordFile
                0x0000000000023e6c                vFactoryWorkMode_StartRecord
                0x0000000000023f20                vFactoryWorkMode_StopRecord
                0x0000000000023f64                vFactoryWorkMode_StartPlayRecord
                0x0000000000023f88                vFactoryWorkMode_TestInit
                0x00000000000240a8                vFactoryWorkMode_BurninInit
                0x000000000002427c                iFactoryWorkMode_PreInit
                0x000000000002443c                vFactoryWorkMode_Proc
                0x0000000000024834                vFactoryWorkMode_Init
                0x0000000000024894                vFactoryWorkMode_Exit
 *fill*         0x00000000000248fc        0x4 1f2003d5
 .text.stub     0x0000000000024900       0x10 linker stubs
 *fill*         0x0000000000025900        0x0 1f2003d5
 .text          0x0000000000025900     0x16c0 build/arm11-gcc-uClibc-linux-gk7605v100/obj/src/gkvision/gkvision.o
                0x0000000000025900                gk_vision_init
                0x0000000000025b28                gk_vision_exit
                0x00000000000260bc                gk_vision_set_human_detection_state
                0x0000000000026138                gk_vision_set_motion_tracing
                0x0000000000026f94                gk_vision_fresh_rect
                0x0000000000026fac                gk_vision_set_sensitive
 .text          0x0000000000026fc0     0x71dc build/arm11-gcc-uClibc-linux-gk7605v100/obj/src/third/gb28181/ite_gb28181_rtp.o
                0x0000000000026fc0                ite_check_test_server
                0x0000000000026fc8                ite_make_ps_header
                0x00000000000273f8                ite_make_sys_header
                0x000000000002754c                ite_make_psm_header
                0x0000000000027780                ite_make_pes_header
                0x000000000002792c                ite_make_rtp_header
                0x0000000000027ab0                ite_make_rtptcp_header
                0x0000000000027ce4                rtp_send_h264ps
                0x0000000000027ef0                ITE_SHARE_BUFFER_Init_Mgr
                0x0000000000027f04                saveps
                0x000000000002803c                ite_RtpSendUdp_PS_H264frame
                0x0000000000028264                rtp_sendtcp_h264ps
                0x0000000000028704                ite_RtpSendTcp_PS_H264frame
                0x00000000000289b0                RtpSendOverUdpPkt3984
                0x0000000000028d7c                Pframe_process
                0x0000000000028f00                Iframe_process
                0x00000000000291d0                GetH264FrameType
                0x0000000000029248                bulid_rtcp_sr
                0x0000000000029320                bulid_rtcp_rr
                0x00000000000293f8                recvRtcpRr
                0x000000000002971c                sendRtcpSr
                0x000000000002a1c4                SendVideoOverTcp_Org
                0x000000000002b0d0                rtp_stream_fail_event_upload
                0x000000000002b59c                rtp_stream_status_send
                0x000000000002b5d0                SendVideoRtpTask
                0x000000000002c954                RecvAudioRtpTask
                0x000000000002cbf8                gk_rtp_playback_send
                0x000000000002d174                gk_rtp_playback_close
                0x000000000002d204                gk_rtp_play_close
                0x000000000002d24c                SetIFameFlag
                0x000000000002d270                rtpGetHandle
                0x000000000002d734                rtpCloseHandle
                0x000000000002d82c                rtpInit
                0x000000000002d854                ProcessInviteMediaPlay
                0x000000000002d9cc                ProcessInviteAudioPlay
                0x000000000002db5c                ProcessMediaStop
                0x000000000002dc50                ProcessVoiceStop
                0x000000000002dd44                ProcessMediaStopAll
                0x000000000002dfb0                CreateUdpSocket
                0x000000000002e0e4                CreateTcpSocket
                0x000000000002e15c                gk_rtp_playback_close_rtp_channel
                0x000000000002e170                gk_rtp_playback_open_rtp_channel
 .text          0x000000000002e19c     0xa01c build/arm11-gcc-uClibc-linux-gk7605v100/obj/src/third/gb28181/ite_gb28181_sip.o
                0x000000000002e19c                uac_init
                0x000000000002e30c                uac_register
                0x000000000002e348                uac_UNregister
                0x000000000002e37c                uac_invite
                0x000000000002e3c4                uac_bye
                0x000000000002e3e8                uac_send_info
                0x000000000002e4cc                uac_send_message
                0x000000000002e5a8                getlocalip
                0x000000000002e728                ite_eXosip_init
                0x000000000002e7e4                SetSystemTime
                0x000000000002e918                ite_eXosip_rand_num
                0x000000000002e990                ite_eXosip_register
                0x000000000002f14c                ite_eXosip_unregister
                0x000000000002f174                ite_eXosip_sendEventAlarm
                0x000000000002f4b8                ite_eXosip_sendEventPostion
                0x000000000002f700                ite_eXosip_sendFileEnd
                0x0000000000030014                ite_eXosip_ProcessMsgBody
                0x0000000000034d08                ite_eXosip_parseInviteBody
                0x0000000000035864                ite_eXosip_parseInfoBody
                0x0000000000035d60                ite_eXosip_printEvent
                0x0000000000036140                ite_eXosip_NotifyAlarm_Task
                0x0000000000036310                ite_eXosip_PositionAlert_Task
                0x000000000003645c                ite_eXosip_processEvent_Task
                0x0000000000037598                ite_eXosip_invit
                0x00000000000378f8                ite_eXosip_bye
                0x000000000003792c                ite_eXosip_keep_alive
                0x0000000000037b54                ite_eXosip_Kalive_Task
                0x0000000000037d24                ite_eXosip_get_register_status
                0x0000000000037d34                ite_eXosip_register_Task
                0x0000000000037ef4                ite_eXosip_launch
 .text          0x00000000000381b8     0x1288 build/arm11-gcc-uClibc-linux-gk7605v100/obj/src/third/gb28181/ite_gb28181_app.o
                0x00000000000381b8                uac_get_sdp
                0x00000000000381f4                uac_handle_sdp
                0x0000000000038208                uac_receive_media
                0x0000000000038210                uac_get_rtsp
                0x0000000000038254                uac_handle_message
                0x0000000000038268                uac_close_media
                0x0000000000038270                uas_function_run
                0x0000000000038298                uas_handle_sdp
                0x00000000000382c0                uas_get_sdp
                0x00000000000382fc                uas_send_media
                0x0000000000038304                uas_handle_rtsp
                0x0000000000038318                uas_get_message
                0x0000000000038358                uas_close_media
                0x0000000000038360                handle_invite
                0x000000000003852c                handle_message
                0x000000000003862c                handle_bye
                0x0000000000038688                uas_eXosip_processEvent
                0x00000000000389d4                gb28181_init_signal
                0x0000000000038ac0                UAC_TryConnectServer
                0x0000000000038e70                rtp_get_data_init
                0x0000000000038eb8                rtp_get_data
                0x0000000000038f44                rtp_get_data_close
                0x0000000000038f64                gb28181_set_sip_info
                0x0000000000039090                gb28181_start_thread
                0x0000000000039374                gb28181_start
                0x00000000000393a4                gb28181_close
                0x00000000000393bc                gb28181_get_reg_serverip_port
                0x000000000003941c                gb28181_set_reg_expire_time
 .text.stub     0x0000000000039440       0x10 linker stubs
 .text          0x000000000003a440     0x350c build/arm11-gcc-uClibc-linux-gk7605v100/obj/src/third/gb28181/ite_gb28181_playback.o
                0x000000000003a518                gk_gb28181_timestamp_to_u64t
                0x000000000003a5d8                gk_gb28181_time_to_u64t
                0x000000000003a6ac                gk_gb28181_u64t_to_time
                0x000000000003a868                gk_gb28181_playback_get_record_time
                0x000000000003c8d8                gk_gb28181_playback_set_download_cmd
                0x000000000003cd6c                gk_gb28181_playback_set_playback_cmd
                0x000000000003d1d0                gk_gb28181_playback_set_play_cmd
                0x000000000003d420                gk_gb28181_playback_set_pause_cmd
                0x000000000003d5b8                gk_gb28181_playback_set_stop_cmd
                0x000000000003d6f0                gk_gb28181_playback_session_open
                0x000000000003d89c                gk_gb28181_playback_init
 .text          0x000000000003d94c      0x58c build/arm11-gcc-uClibc-linux-gk7605v100/obj/src/common/main.o
                0x000000000003ddf0                ignore_SIGPIPE
                0x000000000003de48                main
 .text          0x000000000003ded8     0x1164 build/arm11-gcc-uClibc-linux-gk7605v100/obj/src/common/netcam_sys.o
                0x000000000003ded8                netcam_sys_set_time_zone_by_utc_string
                0x000000000003e0ac                netcam_sys_set_time_zone_by_utc_second
                0x000000000003e2a4                netcam_sys_init
                0x000000000003e370                netcam_sys_get_DevInfor
                0x000000000003e3a8                netcam_sys_use_timer_init
                0x000000000003e424                netcam_sys_save
                0x000000000003e444                netcam_sys_reboot
                0x000000000003e4c0                netcam_sys_get_local_time_string
                0x000000000003e5a0                netcam_sys_operation
                0x000000000003e874                netcam_sys_ntp_get
                0x000000000003e8e8                netcam_sys_ntp_set
                0x000000000003e918                netcam_sys_ntp_start_stop
                0x000000000003e948                netcam_sys_init_maintain
                0x000000000003ea78                netcam_sys_get_name
                0x000000000003eb1c                netcam_sys_shell_result
 .text          0x000000000003f03c     0x19dc build/arm11-gcc-uClibc-linux-gk7605v100/obj/src/video/netcam_video.o
                0x000000000003f2ec                netcam_video_get_channel_number
                0x000000000003f364                netcam_video_init
                0x000000000003fa5c                netcam_video_convert_channel
                0x000000000003faf4                netcam_video_get_map
                0x000000000003fc78                netcam_video_get
                0x000000000003fcfc                netcam_video_set
                0x000000000003fe10                netcam_video_snapshot
                0x000000000003fee4                netcam_video_get_all_channel_par
                0x000000000003ff20                netcam_video_cfg_save
                0x000000000003ff80                netcam_video_exit
                0x000000000004006c                netcam_video_get_cfg_json_string
                0x0000000000040098                netcam_video_get_actual_fps
                0x00000000000400c4                netcam_video_check_alive
                0x000000000004010c                video_syn_cfg
                0x0000000000040304                video_syn_cfg_x
                0x00000000000404bc                netcam_video_set_stream_name
                0x000000000004054c                netcam_adjust_bps
                0x0000000000040570                netcam_adjust_fps
                0x0000000000040594                netcam_venc_set_h264_qp_config
                0x0000000000040694                netcam_video_force_i_frame
                0x00000000000406b4                netcam_video_get_pic_format
 .text          0x0000000000040a18     0x2074 build/arm11-gcc-uClibc-linux-gk7605v100/obj/src/video/netcam_video_web_stream.o
                0x0000000000040e98                tcp_destroy_client_recod
                0x0000000000041050                tcp_init_client
                0x00000000000411c0                tcp_client_usable_id
                0x0000000000041a90                fillAVTPPacket
                0x00000000000426e0                netcam_video_web_stream_init
 .text          0x0000000000042a8c      0x92c build/arm11-gcc-uClibc-linux-gk7605v100/obj/src/image/netcam_image.o
                0x0000000000042c88                netcam_image_init
                0x0000000000042d14                netcam_iamge_ircut_auto_check
                0x0000000000042d34                netcam_image_get_map
                0x0000000000042e00                netcam_image_get
                0x0000000000042e3c                netcam_image_set
                0x000000000004313c                netcam_image_set2
                0x0000000000043334                netcam_image_cfg_save
                0x0000000000043374                netcam_image_reset_default
 .text          0x00000000000433b8      0xb74 build/arm11-gcc-uClibc-linux-gk7605v100/obj/src/timer/netcam_timer.o
                0x00000000000433b8                timer_get_ms
                0x0000000000043414                netcam_timer_add_task
                0x0000000000043718                netcam_timer_add_task2
                0x0000000000043a78                netcam_timer_del_task
                0x0000000000043b80                netcam_timer_del_task2
                0x0000000000043e1c                netcam_timer_init
                0x0000000000043e9c                netcam_timer_destroy
 .text          0x0000000000043f2c      0xa20 build/arm11-gcc-uClibc-linux-gk7605v100/obj/src/autolight/netcam_autolight.o
                0x0000000000044840                netcam_autolight_init
                0x0000000000044878                netcam_autolight_get
                0x00000000000448b0                netcam_autolight_set
                0x000000000004490c                netcam_autolight_cfg_save
 .text          0x000000000004494c     0x210c build/arm11-gcc-uClibc-linux-gk7605v100/obj/src/osd/netcam_osd.o
                0x00000000000449d0                netcam_osd_init
                0x0000000000044ab0                netcam_osd_deinit
                0x0000000000045034                netcam_osd_update_clock
                0x0000000000045260                netcam_osd_update_title
                0x0000000000045470                netcam_osd_update_id
                0x0000000000045c24                netcam_osd_text_copy
                0x0000000000045c98                netcam_osd_set_title
                0x0000000000045d40                netcam_osd_set_id
                0x0000000000045dec                netcam_osd_pm_save
                0x0000000000045e90                netcam_osd_cfg_json_string
                0x0000000000045f68                netcam_pm_get_cfg_json_string
                0x0000000000046040                netcam_osd_get_info
                0x0000000000046148                netcam_osd_set_info
                0x000000000004624c                netcam_osd_update_id_rect
                0x00000000000464f4                netcam_osd_update_id_text
                0x00000000000465dc                netcam_pm_init
                0x0000000000046724                netcam_pm_set_cover
                0x00000000000468a4                netcam_pm_get_cover
                0x00000000000469ac                netcam_pm_exit_cover
 .text          0x0000000000046a58     0x675c build/arm11-gcc-uClibc-linux-gk7605v100/obj/src/http/netcam_http_web.o
                0x00000000000470b4                netcam_http_service
                0x000000000004cbc8                add_p2p_info
                0x000000000004cde4                netcam_http_web_init
 .text          0x000000000004d1b4     0x30cc build/arm11-gcc-uClibc-linux-gk7605v100/obj/src/net/netcam_network.o
                0x000000000004dcc0                netcam_net_get_icute_number
                0x000000000004ed18                netcam_net_register_smartlink
                0x000000000004ed34                netcam_net_private_smartlink
                0x000000000004ed48                netcam_net_wifi_getConfigHostAP
                0x000000000004ed64                netcam_net_wifi_setConfigHostAP
                0x000000000004ed80                netcam_net_wifi_get_scan_list
                0x000000000004eda4                netcam_net_wifi_get_scan_list_ext
                0x000000000004edc8                netcam_net_wifi_get_scan_list_ap
                0x000000000004edec                netcam_net_wifi_get_connect_info
                0x000000000004ee08                netcam_net_wifi_probe
                0x000000000004ee1c                netcam_net_wifi_switchWorkMode
                0x000000000004ee78                netcam_net_set
                0x000000000004efc4                netcam_net_getcfg
                0x000000000004eff4                netcam_net_get
                0x000000000004f0b4                netcam_net_cfg_save
                0x000000000004f1d0                netcam_net_autotracking
                0x000000000004f50c                netcam_net_get_detect
                0x000000000004f528                netcam_net_wifi_isenbale
                0x000000000004f538                netcam_net_wifi_getWorkMode
                0x000000000004f54c                netcam_net_wifi_set_connect_info
                0x000000000004f58c                netcam_net_wifi_connect_test
                0x000000000004f6e8                netcam_net_wifi_get_devname
                0x000000000004f6fc                netcam_net_wifi_wps
                0x000000000004f780                netcam_net_reset_net_ip
                0x000000000004fa40                netcam_net_monitor
                0x000000000004fb50                netcam_net_wifi_isOn
                0x000000000004fb60                netcam_net_wifi_on
                0x000000000004fba4                netcam_net_wifi_off
                0x000000000004fbd4                netcam_net_init
                0x000000000004fca0                netcam_net_wifi_start
                0x000000000004fdcc                netcam_net_wifi_init
                0x0000000000050104                netcam_net_exit
                0x0000000000050134                netcam_net_setwifi
 .text          0x0000000000050280     0x1214 build/arm11-gcc-uClibc-linux-gk7605v100/obj/src/net/net_arp.o
                0x0000000000050458                arp_send_packet
                0x0000000000050bcc                ARP_send_request
                0x0000000000050d24                ARP_query
                0x0000000000050e4c                ARP_get_arptable
                0x0000000000051014                RARP_send_request
                0x0000000000051124                arp_sock_new
                0x0000000000051224                arp_proc
                0x0000000000051428                ARP_listener_start
                0x0000000000051480                ARP_listener_stop
 .text          0x0000000000051494      0xca4 build/arm11-gcc-uClibc-linux-gk7605v100/obj/src/net/net_dhcp.o
                0x0000000000051790                get_ip_conflict_proc
                0x0000000000051820                NET_get_ip_conflict
                0x0000000000052078                NET_adapt_ip
 .text          0x0000000000052138      0x758 build/arm11-gcc-uClibc-linux-gk7605v100/obj/src/net/net_arping.o
                0x0000000000052138                read_interface
                0x0000000000052378                arpping
                0x00000000000527a8                check_ip
 .text          0x0000000000052890     0x2298 build/arm11-gcc-uClibc-linux-gk7605v100/obj/src/ptz/netcam_ptz.o
                0x0000000000053b50                netcam_ptz_init
                0x0000000000053e3c                netcam_ptz_exit
                0x0000000000053ea8                netcam_ptz_set_preset
                0x0000000000054114                netcam_ptz_clr_preset
                0x00000000000541e8                netcam_ptz_start
                0x000000000005420c                netcam_ptz_up
                0x0000000000054260                netcam_ptz_down
                0x00000000000542b4                netcam_ptz_left
                0x0000000000054308                netcam_ptz_right
                0x000000000005435c                netcam_ptz_left_up
                0x0000000000054464                netcam_ptz_left_down
                0x000000000005456c                netcam_ptz_right_up
                0x0000000000054674                netcam_ptz_right_down
                0x000000000005477c                netcam_ptz_get_presets
                0x00000000000548fc                netcam_ptz_horizontal_cruise
                0x0000000000054924                netcam_ptz_vertical_cruise
                0x000000000005494c                netcam_ptz_hor_ver_cruise
                0x0000000000054974                netcam_ptz_preset_cruise
                0x0000000000054a90                netcam_ptz_stop
                0x0000000000054ac8                netcam_ptz_ciruise_stop
                0x0000000000054aec                netcam_ptz_is_moving
 .text          0x0000000000054b28     0x121c build/arm11-gcc-uClibc-linux-gk7605v100/obj/src/md/netcam_motion_detect.o
                0x0000000000054c80                md_light_close_delay
                0x0000000000055068                md_light_alarm
                0x000000000005510c                netcam_md_handle
                0x00000000000556b4                netcam_md_enable
                0x0000000000055714                netcam_md_set_sensitivity_percentage
                0x00000000000557a4                netcam_md_set_sensitivity
                0x00000000000557fc                netcam_md_get_sensitivity
                0x0000000000055a2c                netcam_md_init
                0x0000000000055aa8                netcam_md_destroy
                0x0000000000055ac0                netcam_md_light_auto_start
                0x0000000000055b18                netcam_md_light_auto_stop
                0x0000000000055b64                netcam_md_play_start_one
                0x0000000000055c28                netcam_md_play_stop_one
                0x0000000000055d00                netcam_md_play_get_cnt
                0x0000000000055d10                netcam_md_get_md_light_status
                0x0000000000055d20                netcam_md_set_md_light_status
 .text          0x0000000000055d44       0xb8 build/arm11-gcc-uClibc-linux-gk7605v100/obj/src/watchdog/netcam_watchdog.o
                0x0000000000055d84                netcam_watchdog_feed
                0x0000000000055da4                netcam_watchdog_init
                0x0000000000055dcc                netcam_watchdog_exit
                0x0000000000055de0                netcam_watchdog_set_timeout
 .text          0x0000000000055dfc       0xec build/arm11-gcc-uClibc-linux-gk7605v100/obj/src/work_callback/system_handle.o
                0x0000000000055dfc                maintain_handle
 .text          0x0000000000055ee8     0x1af8 build/arm11-gcc-uClibc-linux-gk7605v100/obj/src/common_venc/loadbmp.o
                0x0000000000055ee8                osd_make_color_u16
                0x0000000000056008                get_bmp_info
                0x0000000000056524                load_bmp
                0x0000000000056f60                load_bmp_ex
                0x00000000000572f8                load_bmp_canvas
                0x0000000000057498                get_ext_name
                0x0000000000057528                load_image
                0x00000000000575c8                load_image_ex
                0x0000000000057670                load_canvas_ex
                0x0000000000057718                load_bit_map_to_surface
                0x00000000000577b0                create_surface_by_bit_map
                0x0000000000057898                create_surface_by_canvas
 .text          0x00000000000579e0     0x26ec build/arm11-gcc-uClibc-linux-gk7605v100/obj/src/common_venc/sample_comm_audio.o
                0x0000000000057b6c                sample_inner_codec_cfg_audio
                0x0000000000057ca8                sample_comm_audio_cfg_acodec
                0x0000000000057f40                sample_comm_audio_ai_proc
                0x00000000000583b0                sample_comm_audio_aenc_proc
                0x0000000000058620                sample_comm_audio_adec_proc
                0x000000000005878c                sample_comm_audio_ao_vol_proc
                0x00000000000589e0                sample_comm_audio_creat_trd_ai_ao
                0x0000000000058b04                sample_comm_audio_creat_trd_ai_aenc
                0x0000000000058c18                sample_comm_audio_creat_trd_aenc_adec
                0x0000000000058d0c                sample_comm_audio_creat_trd_file_adec
                0x0000000000058de4                sample_comm_audio_creat_trd_ao_vol_ctrl
                0x0000000000058e8c                sample_comm_audio_destory_trd_ai
                0x0000000000058f5c                sample_comm_audio_destory_trd_aenc_adec
                0x0000000000059020                sample_comm_audio_destory_trd_file_adec
                0x00000000000590e4                sample_comm_audio_destory_trd_ao_vol_ctrl
                0x0000000000059184                sample_comm_audio_ao_bind_adec
                0x00000000000591d8                sample_comm_audio_ao_unbind_adec
                0x000000000005922c                sample_comm_audio_ao_bind_ai
                0x0000000000059288                sample_comm_audio_ao_unbind_ai
                0x00000000000592e4                sample_comm_audio_aenc_bind_ai
                0x0000000000059338                sample_comm_audio_aenc_unbind_ai
                0x0000000000059508                sample_comm_audio_start_ai
                0x00000000000596b4                sample_comm_audio_stop_ai
                0x0000000000059830                sample_comm_audio_start_ao
                0x0000000000059a24                sample_comm_audio_stop_ao
                0x0000000000059b64                sample_comm_audio_start_aenc
                0x0000000000059d14                sample_comm_audio_stop_aenc
                0x0000000000059d8c                sample_comm_audio_destory_all_trd
                0x0000000000059f08                sample_comm_audio_start_adec
                0x000000000005a078                sample_comm_audio_stop_adec
 .text          0x000000000005a0cc      0xaa8 build/arm11-gcc-uClibc-linux-gk7605v100/obj/src/common_venc/sample_comm_isp.o
                0x000000000005a0cc                sample_comm_isp_get_pub_attr_by_sns
                0x000000000005a2b8                sample_comm_isp_get_sns_obj
                0x000000000005a350                sample_comm_get_sns_bus_type
                0x000000000005a364                sample_comm_isp_sensor_regiter_callback
                0x000000000005a478                sample_comm_isp_sensor_unregiter_callback
                0x000000000005a5a0                sample_comm_isp_bind_sns
                0x000000000005a6a0                sample_comm_isp_ae_lib_callback
                0x000000000005a718                sample_comm_isp_ae_lib_uncallback
                0x000000000005a790                sample_comm_isp_awb_lib_callback
                0x000000000005a808                sample_comm_isp_awb_lib_uncallback
                0x000000000005a934                sample_comm_isp_sensor_founction_cfg
                0x000000000005a980                sample_comm_isp_mirror_flip_set
                0x000000000005aa54                sample_comm_isp_run
                0x000000000005aadc                sample_comm_isp_stop
                0x000000000005ab38                sample_comm_all_isp_stop
 .text          0x000000000005ab74      0x674 build/arm11-gcc-uClibc-linux-gk7605v100/obj/src/common_venc/sample_comm_mipi_tx.o
                0x000000000005aeac                sample_comm_start_mipi_tx
                0x000000000005b0e8                sample_comm_stop_mipi_tx
 .text          0x000000000005b1e8     0x3050 build/arm11-gcc-uClibc-linux-gk7605v100/obj/src/common_venc/sample_comm_region.o
                0x000000000005b5f0                fil_bmp
                0x000000000005b6bc                region_mst_load_bmp
                0x000000000005b8ac                region_mst_update_canvas
                0x000000000005bac8                sample_comm_region_get_min_handle
                0x000000000005bb90                sample_region_create_overlay
                0x000000000005be00                sample_region_create_overlayex
                0x000000000005bec0                sample_region_create_cover
                0x000000000005bf58                sample_region_create_coverex
                0x000000000005bff0                sample_region_create_line
                0x000000000005c088                sample_region_create_mosaic
                0x000000000005c120                sample_region_create_mosaicex
                0x000000000005c1b8                sample_region_create_corner_rectex
                0x000000000005c250                sample_region_destroy
                0x000000000005c2b0                sample_region_attach_to_chn
                0x000000000005c320                sample_region_detach_from_chn
                0x000000000005c388                sample_region_set_bit_map
                0x000000000005c3f0                sample_region_get_up_canvas_info
                0x000000000005c4a0                sample_comm_region_create
                0x000000000005c650                sample_comm_region_destroy
                0x000000000005c768                sample_comm_region_attach_check
                0x000000000005c90c                sample_region_set_overlay_chn_attr
                0x000000000005cac8                sample_region_set_overlayex_chn_attr
                0x000000000005ce20                sample_region_set_cover_chn_attr
                0x000000000005d1a0                sample_region_set_coverex_chn_attr
                0x000000000005d3d0                sample_region_set_corner_rectex_chn_attr
                0x000000000005d9dc                sample_region_set_mosaicex_chn_attr
                0x000000000005daf8                sample_region_set_chn_attr
                0x000000000005dc2c                sample_comm_region_attach_to_chn
                0x000000000005dcd8                sample_comm_check_min
                0x000000000005dd0c                sample_comm_region_detach_frm_chn
                0x000000000005deac                sample_comm_region_set_bit_map
                0x000000000005e0f8                sample_comm_region_get_up_canvas
 .text          0x000000000005e238     0x113c build/arm11-gcc-uClibc-linux-gk7605v100/obj/src/common_venc/sample_comm_sys.o
                0x000000000005e238                sample_sys_signal
                0x000000000005e2ac                sample_comm_sys_get_pic_size
                0x000000000005e378                sample_comm_sys_get_pic_enum
                0x000000000005e530                sample_comm_sys_mem_config
                0x000000000005e57c                sample_comm_sys_init
                0x000000000005e69c                sample_comm_sys_init_with_vb_supplement
                0x000000000005e80c                sample_comm_sys_exit
                0x000000000005e830                sample_comm_vi_bind_vo
                0x000000000005e8cc                sample_comm_vi_un_bind_vo
                0x000000000005e968                sample_comm_vi_bind_vpss
                0x000000000005ea04                sample_comm_vi_un_bind_vpss
                0x000000000005eaa0                sample_comm_vi_bind_venc
                0x000000000005eb34                sample_comm_vi_un_bind_venc
                0x000000000005ebc8                sample_comm_avs_bind_venc
                0x000000000005ec5c                sample_comm_avs_un_bind_venc
                0x000000000005ecf0                sample_comm_avs_bind_vo
                0x000000000005ed8c                sample_comm_avs_un_bind_vo
                0x000000000005ee28                sample_comm_vpss_bind_vo
                0x000000000005eec4                sample_comm_vpss_un_bind_vo
                0x000000000005ef60                sample_comm_vpss_bind_avs
                0x000000000005effc                sample_comm_vpss_un_bind_avs
                0x000000000005f098                sample_comm_vpss_bind_venc
                0x000000000005f12c                sample_comm_vpss_un_bind_venc
                0x000000000005f1c0                sample_comm_vdec_bind_vpss
                0x000000000005f24c                sample_comm_vdec_un_bind_vpss
                0x000000000005f2d8                sample_comm_vo_bind_vo
                0x000000000005f334                sample_comm_vo_un_bind_vo
 .text          0x000000000005f374     0x37d4 build/arm11-gcc-uClibc-linux-gk7605v100/obj/src/common_venc/sample_comm_vdec.o
                0x000000000005f858                sample_comm_vdec_print_chn_status
                0x000000000005f8f8                sample_comm_vdec_get_lowdelay_en
                0x000000000005f908                sample_comm_vdec_set_lowdelay_en
                0x000000000005f92c                sample_comm_vdec_init_user_vb_pool
                0x000000000005fb28                sample_comm_handle_init_vb_fail
                0x000000000005fc4c                sample_comm_vdec_cal_vb_size
                0x0000000000060014                sample_comm_vdec_config_vb_pool
                0x00000000000604b4                sample_comm_vdec_init_vb_pool
                0x0000000000060674                sample_comm_vdec_exit_user_vb_pool
                0x0000000000060784                sample_comm_vdec_exit_vb_pool
                0x00000000000607d4                sample_comm_vdec_send_h264_frame_process
                0x0000000000060b54                sample_comm_vdec_send_mpeg4_frame_process
                0x0000000000060da4                sample_comm_vdec_send_h265_frame_process
                0x00000000000610c8                sample_comm_vdec_send_jpeg_frame_process
                0x0000000000061330                sample_comm_vdec_cut_frame
                0x00000000000614c4                sample_comm_vdec_send_stream_proc
                0x0000000000061650                sample_comm_vdec_handle_send_stream
                0x00000000000617d4                sample_comm_vdec_send_stream_process
                0x00000000000619cc                sample_comm_vdec_check_send_stream_param
                0x0000000000061b90                sample_comm_vdec_send_stream
                0x0000000000061dd0                sample_comm_vdec_cmd_not_circle_send
                0x0000000000061fb0                sample_comm_vdec_start_send_stream
                0x00000000000620a8                sample_comm_vdec_stop_send_stream
                0x00000000000621bc                sample_comm_vdec_config_attr
                0x000000000006235c                sample_comm_config_ldy_attr
                0x00000000000624c4                sample_comm_vdec_start
                0x0000000000062a54                sample_comm_vdec_stop
 .text          0x0000000000062b48     0xa54c build/arm11-gcc-uClibc-linux-gk7605v100/obj/src/common_venc/sample_comm_venc.o
                0x0000000000063390                sample_comm_venc_mem_config
                0x0000000000063428                sample_comm_venc_get_file_postfix
                0x0000000000063544                sample_comm_venc_get_gop_attr
                0x0000000000063668                sample_comm_venc_get_dcf_info
                0x00000000000638a8                sample_comm_venc_save_stream
                0x0000000000063d34                sample_comm_venc_save_stream_phys_addr
                0x0000000000063fdc                sample_comm_venc_close_reencode
                0x0000000000067194                sample_comm_venc_create
                0x00000000000672fc                sample_comm_venc_create_x
                0x0000000000067458                sample_comm_venc_start
                0x0000000000067518                sample_comm_venc_stop
                0x00000000000675c0                sample_comm_venc_snap_start
                0x0000000000067748                sample_comm_venc_photo_start
                0x0000000000067884                sample_comm_venc_snap_stop
                0x0000000000067e04                sample_comm_venc_snap_process
                0x0000000000068058                sample_comm_venc_save_jpeg
                0x0000000000068d48                sample_comm_qpmap_send_frame_proc
                0x0000000000069050                sample_comm_venc_qpmap_send_frame
                0x00000000000693a0                sample_venc_process_jpeg_roi
                0x00000000000699e8                sample_comm_send_roimap_frame_proc
                0x0000000000069dc0                sample_comm_venc_send_roimap_frame
                0x000000000006aed4                sample_comm_venc_get_venc_stream_proc
                0x000000000006b2a4                sample_comm_venc_set_region
                0x000000000006b4c8                sample_comm_venc_set_svc_param
                0x000000000006b6a4                sample_comm_venc_rateauto_stream_proc
                0x000000000006c364                sample_comm_venc_get_venc_stream_proc_svc_t
                0x000000000006c724                sample_comm_venc_set_save_heif
                0x000000000006c774                sample_comm_venc_start_get_stream
                0x000000000006c830                sample_comm_venc_rateauto_start
                0x000000000006c934                sample_comm_venc_start_get_stream_svc_t
                0x000000000006c990                sample_comm_venc_stop_get_stream
                0x000000000006ca40                sample_comm_venc_stop_get_stream_x
                0x000000000006cb04                sample_comm_venc_stop_send_qpmap_frame
                0x000000000006cb4c                sample_comm_venc_stop_send_roimap_frame
                0x000000000006cb94                sample_comm_venc_stop_rateauto
                0x000000000006ce30                sample_comm_venc_plan_to_semi
 .text          0x000000000006d094     0x7e54 build/arm11-gcc-uClibc-linux-gk7605v100/obj/src/common_venc/sample_comm_vi.o
                0x000000000006e948                sample_comm_vi_get_size_by_sns_type
                0x000000000006ea24                sample_comm_vi_get_obheight_by_sns_type
                0x000000000006ebc0                sample_comm_vi_get_default_sns_info
                0x000000000006ec00                sample_comm_vi_get_os04a10_sns_info
                0x000000000006ec48                sample_comm_vi_get_default_mipi_info
                0x000000000006ec9c                sample_comm_vi_get_os04a10_mipi_info
                0x000000000006ed00                sample_comm_vi_get_mipi_info_by_dev_id
                0x000000000006ed70                sample_comm_vi_get_default_dev_info
                0x000000000006ee04                sample_comm_vi_get_os04a10_dev_info
                0x000000000006efb8                sample_comm_vi_get_default_pipe_info
                0x000000000006f534                sample_comm_vi_init_pipe_info
                0x000000000006fab4                sample_comm_vi_get_default_vi_cfg
                0x000000000006fba8                sample_comm_vi_init_vi_cfg
                0x000000000006fc60                sample_comm_vi_set_vi_vpss_mode
                0x0000000000071500                sample_comm_vi_start_vi
                0x0000000000071748                sample_comm_vi_stop_vi
                0x00000000000717c4                sample_comm_vi_mode_switch_stop_vi
                0x0000000000071a34                sample_comm_vi_mode_switch_start_vi
                0x0000000000071fdc                sample_comm_vi_switch_isp_mode
                0x0000000000072278                sample_comm_vi_switch_isp_resolution
                0x0000000000072530                sample_comm_vi_stop_four_vi
                0x000000000007298c                sample_comm_vi_free_frame_blk
                0x0000000000072a54                sample_comm_vi_get_frame_blk
                0x0000000000072bd4                sample_comm_vi_release_frame_blk
                0x0000000000072f48                sample_comm_vi_save_fpn_file
                0x00000000000734d4                sample_comm_vi_fpn_calibrate
                0x00000000000737c0                sample_comm_vi_enable_fpn_correction
                0x00000000000739b4                sample_comm_vi_enable_fpn_correction_for_scene
                0x0000000000073c58                sample_comm_vi_disable_fpn_correction
                0x0000000000073d20                sample_comm_vi_start_virt_pipe
                0x0000000000073df4                sample_comm_vi_stop_virt_pipe
                0x0000000000074720                sample_common_vi_load_user_pic
                0x0000000000074804                sample_common_vi_unload_user_pic
                0x0000000000074e48                sample_comm_vi_send_wdr_frame
 .text          0x0000000000074ee8     0x2258 build/arm11-gcc-uClibc-linux-gk7605v100/obj/src/common_venc/sample_comm_vo.o
                0x0000000000074ee8                sample_comm_vo_get_width_height
                0x000000000007502c                sample_comm_vo_start_dev
                0x00000000000751f4                sample_comm_vo_stop_dev
                0x0000000000075254                sample_comm_vo_start_layer
                0x0000000000075330                sample_comm_vo_stop_layer
                0x0000000000075390                sample_comm_vo_get_wnd_info
                0x00000000000754d0                sample_comm_vo_get_chn_attr
                0x00000000000756f4                sample_comm_vo_start_chn
                0x00000000000758d8                sample_comm_vo_stop_chn
                0x0000000000075b88                sample_comm_vo_start_wbc
                0x0000000000075ca4                sample_comm_vo_stop_wbc
                0x0000000000075cf0                sample_comm_vo_get_def_wbc_config
                0x0000000000075d94                sample_comm_vo_bt1120_start
                0x0000000000075df0                sample_comm_vo_hdmi_start
                0x0000000000075f84                sample_comm_vo_hdmi_stop
                0x0000000000076064                vo_get_dev_timing
                0x00000000000760b4                vo_get_dev_user_sync_info
                0x00000000000761a4                sample_comm_vo_get_def_config
                0x0000000000076548                sample_comm_vo_set_hdmi_rgb_mode
                0x000000000007657c                sample_comm_vo_start_vo
                0x0000000000076800                sample_comm_vo_start_pip
                0x0000000000076a18                sample_comm_vo_stop_vo
                0x0000000000076b68                sample_comm_vo_stop_pip
                0x0000000000076c48                sample_comm_vo_get_def_layer_config
                0x0000000000076f0c                sample_comm_vo_start_layer_chn
                0x000000000007705c                sample_comm_vo_stop_layer_chn
 .text          0x0000000000077140      0x634 build/arm11-gcc-uClibc-linux-gk7605v100/obj/src/common_venc/sample_comm_vpss.o
                0x0000000000077140                sample_comm_vpss_get_default_grp_attr
                0x0000000000077200                sample_comm_vpss_get_default_chn_attr
                0x0000000000077458                sample_common_vpss_start
                0x000000000007760c                sample_common_vpss_stop
 .text          0x0000000000077774     0x3f34 build/arm11-gcc-uClibc-linux-gk7605v100/obj/src/venc_audio/sample_audio.o
                0x0000000000077ffc                sample_comm_audio_ai_ext_res_proc
                0x000000000007828c                sample_comm_audio_creat_trd_ai_ext_res
                0x00000000000783c0                sample_comm_audio_destroy_trd_ai_ext_res
                0x0000000000078d8c                sample_audio_set_ai_vqe_param
                0x0000000000078ec4                sample_audio_adec_ao_inner
                0x0000000000078fd0                sample_audio_adec_ao
                0x0000000000079104                sample_audio_ai_aenc_init_param
                0x00000000000791f4                sample_audio_aenc_bind_ai
                0x000000000007933c                sample_audio_aenc_unbind_ai
                0x0000000000079764                sample_audio_ai_aenc_inner
                0x0000000000079e50                sample_audio_ai_to_ext_resample
                0x000000000007a41c                sample_audio_ai_ao
                0x000000000007a854                sample_audio_ai_to_ao_sys_chn
                0x000000000007af30                sample_audio_ai_vqe_process_ao
                0x000000000007b2f4                sample_audio_ai_hdmi_ao
                0x000000000007b544                sample_audio_usage
 .text          0x000000000007b6a8     0x3950 build/arm11-gcc-uClibc-linux-gk7605v100/obj/src/venc_audio/sample_venc_aenc.o
                0x000000000007c818                SAMPLE_COMM_AUDIO_AencProc_new
                0x000000000007e10c                VENC_GetVencStreamProc
                0x000000000007e5fc                sample_venc_start_svp_x
                0x000000000007eb38                load_pq_bin
                0x000000000007ee00                rtsp_reboot
                0x000000000007ef20                venc_audio_start
 .text          0x000000000007eff8     0x32ac build/arm11-gcc-uClibc-linux-gk7605v100/obj/src/venc_audio/adp/audio_aac_adp.o
                0x000000000007f190                aac_deinit_enc_lib
                0x000000000007f238                aacenc_get_version_adp
                0x000000000007f2a4                aac_init_default_config_adp
                0x000000000007f310                aac_encoder_open_adp
                0x000000000007f384                aac_encoder_frame_adp
                0x000000000007f408                aac_encoder_close_adp
                0x000000000007f534                aac_deinit_dec_lib
                0x000000000007f5dc                aacdec_get_version_adp
                0x000000000007f648                aac_init_decoder_adp
                0x000000000007f6b0                aac_free_decoder_adp
                0x000000000007f714                aac_set_raw_mode_adp
                0x000000000007f790                aac_decode_find_sync_header_adp
                0x000000000007f80c                aac_decode_frame_adp
                0x000000000007f890                aac_get_last_frame_info_adp
                0x000000000007f904                aac_decoder_set_eos_flag_adp
                0x000000000007f978                aac_flush_codec_adp
                0x0000000000081014                aenc_aac_check_config
                0x0000000000081428                open_aac_encoder
                0x000000000008190c                encode_aac_frm
                0x0000000000081a18                close_aac_encoder
                0x0000000000081a64                open_aac_decoder
                0x0000000000081c34                decode_aac_frm
                0x0000000000081e58                get_aac_frm_info
                0x0000000000081f44                close_aac_decoder
                0x0000000000081f90                reset_aac_decoder
                0x000000000008202c                hi_mpi_aenc_aac_init
                0x0000000000082120                hi_mpi_aenc_aac_deinit
                0x0000000000082160                hi_mpi_adec_aac_init
                0x0000000000082264                hi_mpi_adec_aac_deinit
 .text          0x00000000000822a4      0x16c build/arm11-gcc-uClibc-linux-gk7605v100/obj/src/venc_audio/adp/audio_dl_adp.o
                0x00000000000822a4                audio_dlpath
                0x00000000000822b8                audio_dlopen
                0x000000000008233c                audio_dlsym
                0x00000000000823d0                audio_dlclose
 .text          0x0000000000082410     0x1ce0 build/arm11-gcc-uClibc-linux-gk7605v100/obj/src/svp_rtsp/common/sample_common_ive.o
                0x0000000000082410                sample_common_ive_check_mpi_init
                0x0000000000082498                sample_common_ive_mpi_init
                0x000000000008250c                sample_common_ive_mpi_exit
                0x0000000000082734                sample_common_ive_read_file
                0x0000000000082b10                sample_common_ive_write_file
                0x0000000000082e24                sample_common_ive_calc_stride
                0x00000000000830f0                sample_common_ive_blob_to_rect
                0x0000000000083ba4                sample_common_ive_create_image
                0x0000000000083bdc                sample_common_ive_create_mem_info
                0x0000000000083ce4                sample_common_ive_create_image_by_cached
                0x0000000000083d1c                sample_common_ive_dma_image
 .text          0x00000000000840f0     0x38dc build/arm11-gcc-uClibc-linux-gk7605v100/obj/src/svp_rtsp/common/sample_common_svp.o
                0x00000000000853f0                sample_common_svp_check_sys_init
                0x00000000000854b4                sample_common_svp_check_sys_exit
                0x0000000000085574                sample_common_svp_align
                0x000000000008567c                sample_common_svp_create_mem_info
                0x00000000000857bc                sample_common_svp_destroy_mem_info
                0x0000000000085880                sample_common_svp_malloc_mem
                0x000000000008596c                sample_common_svp_malloc_cached
                0x0000000000085a58                sample_common_svp_flush_cache
                0x0000000000085df4                sample_common_svp_vgs_fill_rect_changecolor
                0x0000000000086258                sample_common_svp_vgs_fill_rect
                0x0000000000086938                sample_common_svp_start_vo
                0x00000000000869a4                sample_common_svp_stop_vo
                0x0000000000087020                sample_common_svp_start_vi_vpss_venc_vo
                0x0000000000087458                sample_common_svp_stop_vi_vpss_venc_vo
                0x0000000000087600                sample_comm_svp_load_core_binary
                0x0000000000087900                sample_comm_svp_unload_core_binary
 .text          0x00000000000879cc       0xa0 build/arm11-gcc-uClibc-linux-gk7605v100/obj/src/svp_rtsp/ive/sample_ive_main.o
                0x0000000000087a00                svp_main
 .text          0x0000000000087a6c     0x1f54 build/arm11-gcc-uClibc-linux-gk7605v100/obj/src/svp_rtsp/ive/sample/sample_ive_md.o
                0x00000000000880c4                string_to_bmp
                0x000000000008835c                bitmap_update
                0x0000000000088490                osd_ttf_task
                0x00000000000887dc                RGN_AddOsdToVenc
                0x0000000000088aec                udp_recv_thread
                0x0000000000088ec4                start_udp_server
                0x0000000000089868                sample_ive_md
                0x00000000000899a8                sample_ive_md_handle_sig
 .text          0x00000000000899c0     0x1934 build/arm11-gcc-uClibc-linux-gk7605v100/obj/src/ntpclient/ntp_client.o
                0x000000000008b07c                start_ntp_client
                0x000000000008b18c                ntpc_enable
                0x000000000008b1c4                ntpc_disable
                0x000000000008b1f4                ntpc_set_addr
                0x000000000008b2b8                ntpc_set_synctime
 .text          0x000000000008b2f4     0x5040 build/arm11-gcc-uClibc-linux-gk7605v100/obj/src/bplustree/bplustree.o
                0x000000000008b468                _get_block_size
                0x000000000008f230                bplus_tree_get
                0x000000000008f254                bplus_tree_put
                0x000000000008f2bc                bplus_tree_get_range
                0x000000000008f500                bplus_open
                0x000000000008f524                bplus_close
                0x000000000008f770                bplus_refresh_boot
                0x000000000008f8b4                bplus_tree_init
                0x000000000008fd50                bplus_tree_deinit
                0x000000000009015c                bplus_tree_dump
 *fill*         0x0000000000090334        0x4 1f2003d5
 .text          0x0000000000090338       0x10 /opt/linux/x86-arm/aarch64-mix210-linux/host_bin/../target/usr/lib/libc_nonshared.a(fstat.oS)
                0x0000000000090338                __fstat
                0x0000000000090338                fstat
 .text          0x0000000000090348        0x0 /opt/linux/x86-arm/aarch64-mix210-linux/host_bin/../lib/gcc/aarch64-linux-gnu/7.3.0/crtendS.o
 .text          0x0000000000090348        0x0 /opt/linux/x86-arm/aarch64-mix210-linux/host_bin/../target/usr/lib/crtn.o
 *(.gnu.warning)

.fini           0x0000000000090348       0x10
 *(SORT_NONE(.fini))
 .fini          0x0000000000090348        0x8 /opt/linux/x86-arm/aarch64-mix210-linux/host_bin/../target/usr/lib/crti.o
                0x0000000000090348                _fini
 .fini          0x0000000000090350        0x8 /opt/linux/x86-arm/aarch64-mix210-linux/host_bin/../target/usr/lib/crtn.o
                [!provide]                        PROVIDE (__etext = .)
                [!provide]                        PROVIDE (_etext = .)
                [!provide]                        PROVIDE (etext = .)

.rodata         0x0000000000090358    0x17cb9
 *(.rodata .rodata.* .gnu.linkonce.r.*)
 .rodata        0x0000000000090358      0x3ec build/arm11-gcc-uClibc-linux-gk7605v100/obj/src/rtsp/gk_rtsp.o
 *fill*         0x0000000000090744        0x4 
 .rodata        0x0000000000090748      0x375 build/arm11-gcc-uClibc-linux-gk7605v100/obj/src/factory_test/factory_test.o
 *fill*         0x0000000000090abd        0x3 
 .rodata        0x0000000000090ac0      0x55d build/arm11-gcc-uClibc-linux-gk7605v100/obj/src/gkvision/gkvision.o
 *fill*         0x000000000009101d        0x3 
 .rodata        0x0000000000091020      0xb1d build/arm11-gcc-uClibc-linux-gk7605v100/obj/src/third/gb28181/ite_gb28181_rtp.o
 *fill*         0x0000000000091b3d        0x3 
 .rodata        0x0000000000091b40     0x443a build/arm11-gcc-uClibc-linux-gk7605v100/obj/src/third/gb28181/ite_gb28181_sip.o
 *fill*         0x0000000000095f7a        0x6 
 .rodata        0x0000000000095f80      0x65a build/arm11-gcc-uClibc-linux-gk7605v100/obj/src/third/gb28181/ite_gb28181_app.o
 *fill*         0x00000000000965da        0x6 
 .rodata        0x00000000000965e0      0x621 build/arm11-gcc-uClibc-linux-gk7605v100/obj/src/third/gb28181/ite_gb28181_playback.o
 *fill*         0x0000000000096c01        0x7 
 .rodata        0x0000000000096c08      0x296 build/arm11-gcc-uClibc-linux-gk7605v100/obj/src/common/main.o
 *fill*         0x0000000000096e9e        0x2 
 .rodata        0x0000000000096ea0      0x7d5 build/arm11-gcc-uClibc-linux-gk7605v100/obj/src/common/netcam_sys.o
 *fill*         0x0000000000097675        0x3 
 .rodata        0x0000000000097678      0x4e3 build/arm11-gcc-uClibc-linux-gk7605v100/obj/src/video/netcam_video.o
 *fill*         0x0000000000097b5b        0x5 
 .rodata        0x0000000000097b60      0x85f build/arm11-gcc-uClibc-linux-gk7605v100/obj/src/video/netcam_video_web_stream.o
 *fill*         0x00000000000983bf        0x1 
 .rodata        0x00000000000983c0       0xb6 build/arm11-gcc-uClibc-linux-gk7605v100/obj/src/image/netcam_image.o
 *fill*         0x0000000000098476        0x2 
 .rodata        0x0000000000098478      0x10d build/arm11-gcc-uClibc-linux-gk7605v100/obj/src/timer/netcam_timer.o
 *fill*         0x0000000000098585        0x3 
 .rodata        0x0000000000098588      0x289 build/arm11-gcc-uClibc-linux-gk7605v100/obj/src/autolight/netcam_autolight.o
 *fill*         0x0000000000098811        0x7 
 .rodata        0x0000000000098818      0x37d build/arm11-gcc-uClibc-linux-gk7605v100/obj/src/osd/netcam_osd.o
 *fill*         0x0000000000098b95        0x3 
 .rodata        0x0000000000098b98     0x16c0 build/arm11-gcc-uClibc-linux-gk7605v100/obj/src/http/netcam_http_web.o
 .rodata        0x000000000009a258      0xf57 build/arm11-gcc-uClibc-linux-gk7605v100/obj/src/net/netcam_network.o
 *fill*         0x000000000009b1af        0x1 
 .rodata        0x000000000009b1b0      0x1e8 build/arm11-gcc-uClibc-linux-gk7605v100/obj/src/net/net_arp.o
 .rodata        0x000000000009b398      0x170 build/arm11-gcc-uClibc-linux-gk7605v100/obj/src/net/net_dhcp.o
 .rodata        0x000000000009b508      0x1fa build/arm11-gcc-uClibc-linux-gk7605v100/obj/src/net/net_arping.o
 *fill*         0x000000000009b702        0x6 
 .rodata        0x000000000009b708      0x4a2 build/arm11-gcc-uClibc-linux-gk7605v100/obj/src/ptz/netcam_ptz.o
 *fill*         0x000000000009bbaa        0x6 
 .rodata        0x000000000009bbb0      0x54c build/arm11-gcc-uClibc-linux-gk7605v100/obj/src/md/netcam_motion_detect.o
 *fill*         0x000000000009c0fc        0x4 
 .rodata        0x000000000009c100       0xd8 build/arm11-gcc-uClibc-linux-gk7605v100/obj/src/work_callback/system_handle.o
 .rodata        0x000000000009c1d8      0x329 build/arm11-gcc-uClibc-linux-gk7605v100/obj/src/common_venc/loadbmp.o
 *fill*         0x000000000009c501        0x7 
 .rodata        0x000000000009c508      0xdb4 build/arm11-gcc-uClibc-linux-gk7605v100/obj/src/common_venc/sample_comm_audio.o
 *fill*         0x000000000009d2bc        0x4 
 .rodata        0x000000000009d2c0      0x267 build/arm11-gcc-uClibc-linux-gk7605v100/obj/src/common_venc/sample_comm_isp.o
 *fill*         0x000000000009d527        0x1 
 .rodata        0x000000000009d528      0x571 build/arm11-gcc-uClibc-linux-gk7605v100/obj/src/common_venc/sample_comm_mipi_tx.o
 *fill*         0x000000000009da99        0x7 
 .rodata        0x000000000009daa0      0x921 build/arm11-gcc-uClibc-linux-gk7605v100/obj/src/common_venc/sample_comm_region.o
 *fill*         0x000000000009e3c1        0x7 
 .rodata        0x000000000009e3c8      0x616 build/arm11-gcc-uClibc-linux-gk7605v100/obj/src/common_venc/sample_comm_sys.o
 *fill*         0x000000000009e9de        0x2 
 .rodata        0x000000000009e9e0      0x99e build/arm11-gcc-uClibc-linux-gk7605v100/obj/src/common_venc/sample_comm_vdec.o
 *fill*         0x000000000009f37e        0x2 
 .rodata        0x000000000009f380     0x1767 build/arm11-gcc-uClibc-linux-gk7605v100/obj/src/common_venc/sample_comm_venc.o
                0x000000000009f380                g_soi
                0x000000000009f388                g_eoi
 *fill*         0x00000000000a0ae7        0x1 
 .rodata        0x00000000000a0ae8     0x146f build/arm11-gcc-uClibc-linux-gk7605v100/obj/src/common_venc/sample_comm_vi.o
 *fill*         0x00000000000a1f57        0x1 
 .rodata        0x00000000000a1f58      0x86e build/arm11-gcc-uClibc-linux-gk7605v100/obj/src/common_venc/sample_comm_vo.o
 *fill*         0x00000000000a27c6        0x2 
 .rodata        0x00000000000a27c8      0x210 build/arm11-gcc-uClibc-linux-gk7605v100/obj/src/common_venc/sample_comm_vpss.o
 .rodata        0x00000000000a29d8      0xcc0 build/arm11-gcc-uClibc-linux-gk7605v100/obj/src/venc_audio/sample_audio.o
 .rodata        0x00000000000a3698      0x7e8 build/arm11-gcc-uClibc-linux-gk7605v100/obj/src/venc_audio/sample_venc_aenc.o
 .rodata        0x00000000000a3e80      0xb05 build/arm11-gcc-uClibc-linux-gk7605v100/obj/src/venc_audio/adp/audio_aac_adp.o
 *fill*         0x00000000000a4985        0x3 
 .rodata        0x00000000000a4988       0x51 build/arm11-gcc-uClibc-linux-gk7605v100/obj/src/venc_audio/adp/audio_dl_adp.o
 *fill*         0x00000000000a49d9        0x7 
 .rodata        0x00000000000a49e0      0xbcc build/arm11-gcc-uClibc-linux-gk7605v100/obj/src/svp_rtsp/common/sample_common_ive.o
 *fill*         0x00000000000a55ac        0x4 
 .rodata        0x00000000000a55b0     0x175b build/arm11-gcc-uClibc-linux-gk7605v100/obj/src/svp_rtsp/common/sample_common_svp.o
 *fill*         0x00000000000a6d0b        0x5 
 .rodata        0x00000000000a6d10      0x833 build/arm11-gcc-uClibc-linux-gk7605v100/obj/src/svp_rtsp/ive/sample/sample_ive_md.o
                0x00000000000a70c8                PORT
 *fill*         0x00000000000a7543        0x5 
 .rodata        0x00000000000a7548      0x609 build/arm11-gcc-uClibc-linux-gk7605v100/obj/src/ntpclient/ntp_client.o
 *fill*         0x00000000000a7b51        0x7 
 .rodata        0x00000000000a7b58      0x4b9 build/arm11-gcc-uClibc-linux-gk7605v100/obj/src/bplustree/bplustree.o

.rodata1
 *(.rodata1)

.eh_frame_hdr   0x00000000000a8014     0x26b4
 *(.eh_frame_hdr)
 .eh_frame_hdr  0x00000000000a8014     0x26b4 /opt/linux/x86-arm/aarch64-mix210-linux/host_bin/../lib/gcc/aarch64-linux-gnu/7.3.0/crtbeginS.o
                0x00000000000a8014                __GNU_EH_FRAME_HDR
 *(.eh_frame_entry .eh_frame_entry.*)

.eh_frame       0x00000000000aa6c8     0xa8f8
 *(.eh_frame)
 .eh_frame      0x00000000000aa6c8       0x78 /opt/linux/x86-arm/aarch64-mix210-linux/host_bin/../lib/gcc/aarch64-linux-gnu/7.3.0/crtbeginS.o
 .eh_frame      0x00000000000aa740      0x210 build/arm11-gcc-uClibc-linux-gk7605v100/obj/src/rtsp/gk_rtsp.o
                                        0x228 (size before relaxing)
 .eh_frame      0x00000000000aa950      0x220 build/arm11-gcc-uClibc-linux-gk7605v100/obj/src/factory_test/factory_test.o
                                        0x230 (size before relaxing)
 .eh_frame      0x00000000000aab70      0x250 build/arm11-gcc-uClibc-linux-gk7605v100/obj/src/gkvision/gkvision.o
                                        0x260 (size before relaxing)
 .eh_frame      0x00000000000aadc0      0x7d0 build/arm11-gcc-uClibc-linux-gk7605v100/obj/src/third/gb28181/ite_gb28181_rtp.o
                                        0x7e0 (size before relaxing)
 .eh_frame      0x00000000000ab590      0x508 build/arm11-gcc-uClibc-linux-gk7605v100/obj/src/third/gb28181/ite_gb28181_sip.o
                                        0x518 (size before relaxing)
 .eh_frame      0x00000000000aba98      0x3b0 build/arm11-gcc-uClibc-linux-gk7605v100/obj/src/third/gb28181/ite_gb28181_app.o
                                        0x3c0 (size before relaxing)
 .eh_frame      0x00000000000abe48      0x308 build/arm11-gcc-uClibc-linux-gk7605v100/obj/src/third/gb28181/ite_gb28181_playback.o
                                        0x320 (size before relaxing)
 .eh_frame      0x00000000000ac150      0x148 build/arm11-gcc-uClibc-linux-gk7605v100/obj/src/common/main.o
                                        0x160 (size before relaxing)
 .eh_frame      0x00000000000ac298      0x2c8 build/arm11-gcc-uClibc-linux-gk7605v100/obj/src/common/netcam_sys.o
                                        0x2e0 (size before relaxing)
 .eh_frame      0x00000000000ac560      0x358 build/arm11-gcc-uClibc-linux-gk7605v100/obj/src/video/netcam_video.o
                                        0x370 (size before relaxing)
 .eh_frame      0x00000000000ac8b8      0x270 build/arm11-gcc-uClibc-linux-gk7605v100/obj/src/video/netcam_video_web_stream.o
                                        0x288 (size before relaxing)
 .eh_frame      0x00000000000acb28      0x1a0 build/arm11-gcc-uClibc-linux-gk7605v100/obj/src/image/netcam_image.o
                                        0x1b0 (size before relaxing)
 .eh_frame      0x00000000000accc8      0x118 build/arm11-gcc-uClibc-linux-gk7605v100/obj/src/timer/netcam_timer.o
                                        0x130 (size before relaxing)
 .eh_frame      0x00000000000acde0      0x148 build/arm11-gcc-uClibc-linux-gk7605v100/obj/src/autolight/netcam_autolight.o
                                        0x158 (size before relaxing)
 .eh_frame      0x00000000000acf28      0x340 build/arm11-gcc-uClibc-linux-gk7605v100/obj/src/osd/netcam_osd.o
                                        0x358 (size before relaxing)
 .eh_frame      0x00000000000ad268      0x6a0 build/arm11-gcc-uClibc-linux-gk7605v100/obj/src/http/netcam_http_web.o
                                        0x6b8 (size before relaxing)
 .eh_frame      0x00000000000ad908      0x768 build/arm11-gcc-uClibc-linux-gk7605v100/obj/src/net/netcam_network.o
                                        0x778 (size before relaxing)
 .eh_frame      0x00000000000ae070      0x190 build/arm11-gcc-uClibc-linux-gk7605v100/obj/src/net/net_arp.o
                                        0x1a8 (size before relaxing)
 .eh_frame      0x00000000000ae200      0x118 build/arm11-gcc-uClibc-linux-gk7605v100/obj/src/net/net_dhcp.o
                                        0x130 (size before relaxing)
 .eh_frame      0x00000000000ae318       0x70 build/arm11-gcc-uClibc-linux-gk7605v100/obj/src/net/net_arping.o
                                         0x88 (size before relaxing)
 .eh_frame      0x00000000000ae388      0x3d0 build/arm11-gcc-uClibc-linux-gk7605v100/obj/src/ptz/netcam_ptz.o
                                        0x3e8 (size before relaxing)
 .eh_frame      0x00000000000ae758      0x348 build/arm11-gcc-uClibc-linux-gk7605v100/obj/src/md/netcam_motion_detect.o
                                        0x360 (size before relaxing)
 .eh_frame      0x00000000000aeaa0       0xd8 build/arm11-gcc-uClibc-linux-gk7605v100/obj/src/watchdog/netcam_watchdog.o
                                         0xf0 (size before relaxing)
 .eh_frame      0x00000000000aeb78       0x20 build/arm11-gcc-uClibc-linux-gk7605v100/obj/src/work_callback/system_handle.o
                                         0x30 (size before relaxing)
 .eh_frame      0x00000000000aeb98      0x310 build/arm11-gcc-uClibc-linux-gk7605v100/obj/src/common_venc/loadbmp.o
                                        0x320 (size before relaxing)
 .eh_frame      0x00000000000aeea8      0x4c8 build/arm11-gcc-uClibc-linux-gk7605v100/obj/src/common_venc/sample_comm_audio.o
                                        0x4e0 (size before relaxing)
 .eh_frame      0x00000000000af370      0x228 build/arm11-gcc-uClibc-linux-gk7605v100/obj/src/common_venc/sample_comm_isp.o
                                        0x240 (size before relaxing)
 .eh_frame      0x00000000000af598      0x118 build/arm11-gcc-uClibc-linux-gk7605v100/obj/src/common_venc/sample_comm_mipi_tx.o
                                        0x128 (size before relaxing)
 .eh_frame      0x00000000000af6b0      0x678 build/arm11-gcc-uClibc-linux-gk7605v100/obj/src/common_venc/sample_comm_region.o
                                        0x690 (size before relaxing)
 .eh_frame      0x00000000000afd28      0x3e8 build/arm11-gcc-uClibc-linux-gk7605v100/obj/src/common_venc/sample_comm_sys.o
                                        0x3f8 (size before relaxing)
 .eh_frame      0x00000000000b0110      0x460 build/arm11-gcc-uClibc-linux-gk7605v100/obj/src/common_venc/sample_comm_vdec.o
                                        0x478 (size before relaxing)
 .eh_frame      0x00000000000b0570      0xde0 build/arm11-gcc-uClibc-linux-gk7605v100/obj/src/common_venc/sample_comm_venc.o
                                        0xdf8 (size before relaxing)
 .eh_frame      0x00000000000b1350      0xe98 build/arm11-gcc-uClibc-linux-gk7605v100/obj/src/common_venc/sample_comm_vi.o
                                        0xeb0 (size before relaxing)
 .eh_frame      0x00000000000b21e8      0x4a8 build/arm11-gcc-uClibc-linux-gk7605v100/obj/src/common_venc/sample_comm_vo.o
                                        0x4b8 (size before relaxing)
 .eh_frame      0x00000000000b2690       0xa0 build/arm11-gcc-uClibc-linux-gk7605v100/obj/src/common_venc/sample_comm_vpss.o
                                         0xb0 (size before relaxing)
 .eh_frame      0x00000000000b2730      0x6a8 build/arm11-gcc-uClibc-linux-gk7605v100/obj/src/venc_audio/sample_audio.o
                                        0x6b8 (size before relaxing)
 .eh_frame      0x00000000000b2dd8      0x5b0 build/arm11-gcc-uClibc-linux-gk7605v100/obj/src/venc_audio/sample_venc_aenc.o
                                        0x5c0 (size before relaxing)
 .eh_frame      0x00000000000b3388      0x6b8 build/arm11-gcc-uClibc-linux-gk7605v100/obj/src/venc_audio/adp/audio_aac_adp.o
                                        0x6d0 (size before relaxing)
 .eh_frame      0x00000000000b3a40       0x88 build/arm11-gcc-uClibc-linux-gk7605v100/obj/src/venc_audio/adp/audio_dl_adp.o
                                         0x98 (size before relaxing)
 .eh_frame      0x00000000000b3ac8      0x220 build/arm11-gcc-uClibc-linux-gk7605v100/obj/src/svp_rtsp/common/sample_common_ive.o
                                        0x230 (size before relaxing)
 .eh_frame      0x00000000000b3ce8      0x558 build/arm11-gcc-uClibc-linux-gk7605v100/obj/src/svp_rtsp/common/sample_common_svp.o
                                        0x568 (size before relaxing)
 .eh_frame      0x00000000000b4240       0x48 build/arm11-gcc-uClibc-linux-gk7605v100/obj/src/svp_rtsp/ive/sample_ive_main.o
                                         0x60 (size before relaxing)
 .eh_frame      0x00000000000b4288      0x1e0 build/arm11-gcc-uClibc-linux-gk7605v100/obj/src/svp_rtsp/ive/sample/sample_ive_md.o
                                        0x1f0 (size before relaxing)
 .eh_frame      0x00000000000b4468      0x220 build/arm11-gcc-uClibc-linux-gk7605v100/obj/src/ntpclient/ntp_client.o
                                        0x238 (size before relaxing)
 .eh_frame      0x00000000000b4688      0x920 build/arm11-gcc-uClibc-linux-gk7605v100/obj/src/bplustree/bplustree.o
                                        0x930 (size before relaxing)
 .eh_frame      0x00000000000b4fa8       0x14 /opt/linux/x86-arm/aarch64-mix210-linux/host_bin/../target/usr/lib/libc_nonshared.a(fstat.oS)
                                         0x28 (size before relaxing)
 .eh_frame      0x00000000000b4fbc        0x4 /opt/linux/x86-arm/aarch64-mix210-linux/host_bin/../lib/gcc/aarch64-linux-gnu/7.3.0/crtendS.o
 *(.eh_frame.*)

.gcc_except_table
 *(.gcc_except_table .gcc_except_table.*)

.gnu_extab
 *(.gnu_extab*)

.exception_ranges
 *(.exception_ranges*)
                0x00000000000c5570                . = DATA_SEGMENT_ALIGN (CONSTANT (MAXPAGESIZE), CONSTANT (COMMONPAGESIZE))

.eh_frame
 *(.eh_frame)
 *(.eh_frame.*)

.gnu_extab
 *(.gnu_extab)

.gcc_except_table
 *(.gcc_except_table .gcc_except_table.*)

.exception_ranges
 *(.exception_ranges*)

.tdata
 *(.tdata .tdata.* .gnu.linkonce.td.*)

.tbss
 *(.tbss .tbss.* .gnu.linkonce.tb.*)
 *(.tcommon)

.preinit_array
 *(.preinit_array)

.init_array     0x00000000000c5570        0x8
 *(SORT_BY_INIT_PRIORITY(.init_array.*) SORT_BY_INIT_PRIORITY(.ctors.*))
 *(.init_array EXCLUDE_FILE(*crtend?.o *crtend.o *crtbegin?.o *crtbegin.o) .ctors)
 .init_array    0x00000000000c5570        0x8 /opt/linux/x86-arm/aarch64-mix210-linux/host_bin/../lib/gcc/aarch64-linux-gnu/7.3.0/crtbeginS.o

.fini_array     0x00000000000c5578        0x8
 *(SORT_BY_INIT_PRIORITY(.fini_array.*) SORT_BY_INIT_PRIORITY(.dtors.*))
 *(.fini_array EXCLUDE_FILE(*crtend?.o *crtend.o *crtbegin?.o *crtbegin.o) .dtors)
 .fini_array    0x00000000000c5578        0x8 /opt/linux/x86-arm/aarch64-mix210-linux/host_bin/../lib/gcc/aarch64-linux-gnu/7.3.0/crtbeginS.o

.ctors
 *crtbegin.o(.ctors)
 *crtbegin?.o(.ctors)
 *(EXCLUDE_FILE(*crtend?.o *crtend.o) .ctors)
 *(SORT_BY_NAME(.ctors.*))
 *(.ctors)

.dtors
 *crtbegin.o(.dtors)
 *crtbegin?.o(.dtors)
 *(EXCLUDE_FILE(*crtend?.o *crtend.o) .dtors)
 *(SORT_BY_NAME(.dtors.*))
 *(.dtors)

.jcr
 *(.jcr)

.data.rel.ro    0x00000000000c5580      0x300
 *(.data.rel.ro.local* .gnu.linkonce.d.rel.ro.local.*)
 .data.rel.ro.local
                0x00000000000c5580      0x300 build/arm11-gcc-uClibc-linux-gk7605v100/obj/src/common_venc/sample_comm_mipi_tx.o
 *(.data.rel.ro .data.rel.ro.* .gnu.linkonce.d.rel.ro.*)
 .data.rel.ro   0x00000000000c5880        0x0 /opt/linux/x86-arm/aarch64-mix210-linux/host_bin/../target/usr/lib/crti.o

.dynamic        0x00000000000c5880      0x250
 *(.dynamic)
 .dynamic       0x00000000000c5880      0x250 /opt/linux/x86-arm/aarch64-mix210-linux/host_bin/../target/usr/lib/crti.o
                0x00000000000c5880                _DYNAMIC

.got            0x00000000000c5ad0      0x518
 *(.got)
 .got           0x00000000000c5ad0      0x518 /opt/linux/x86-arm/aarch64-mix210-linux/host_bin/../target/usr/lib/crti.o
                0x00000000000c5ad0                _GLOBAL_OFFSET_TABLE_
 *(.igot)
                0x00000000000c5fe8                . = DATA_SEGMENT_RELRO_END (., 0x18)

.got.plt        0x00000000000c5fe8     0x2348
 *(.got.plt)
 .got.plt       0x00000000000c5fe8     0x2348 /opt/linux/x86-arm/aarch64-mix210-linux/host_bin/../target/usr/lib/crti.o
 *(.igot.plt)

.data           0x00000000000c8330     0x46d8
                [!provide]                        PROVIDE (__data_start = .)
 *(.data .data.* .gnu.linkonce.d.*)
 .data          0x00000000000c8330        0x0 /opt/linux/x86-arm/aarch64-mix210-linux/host_bin/../target/usr/lib/crti.o
 .data          0x00000000000c8330        0x0 /opt/linux/x86-arm/aarch64-mix210-linux/host_bin/../lib/gcc/aarch64-linux-gnu/7.3.0/crtbeginS.o
 .data.rel.local
                0x00000000000c8330        0x8 /opt/linux/x86-arm/aarch64-mix210-linux/host_bin/../lib/gcc/aarch64-linux-gnu/7.3.0/crtbeginS.o
                0x00000000000c8330                __dso_handle
 .data          0x00000000000c8338        0x0 build/arm11-gcc-uClibc-linux-gk7605v100/obj/src/rtsp/gk_rtsp.o
 .data          0x00000000000c8338        0x0 build/arm11-gcc-uClibc-linux-gk7605v100/obj/src/factory_test/factory_test.o
 .data          0x00000000000c8338       0x24 build/arm11-gcc-uClibc-linux-gk7605v100/obj/src/gkvision/gkvision.o
 *fill*         0x00000000000c835c        0x4 
 .data          0x00000000000c8360      0x46c build/arm11-gcc-uClibc-linux-gk7605v100/obj/src/third/gb28181/ite_gb28181_rtp.o
                0x00000000000c8360                tsTestFd
                0x00000000000c8368                hostAddr
                0x00000000000c8378                tsTestIp
                0x00000000000c83b8                tsTestPort
                0x00000000000c83c0                s_crc32_table
 *fill*         0x00000000000c87cc        0x4 
 .data          0x00000000000c87d0      0x14d build/arm11-gcc-uClibc-linux-gk7605v100/obj/src/third/gb28181/ite_gb28181_sip.o
                0x00000000000c87d0                positionInterval
 *fill*         0x00000000000c891d        0x3 
 .data          0x00000000000c8920       0x78 build/arm11-gcc-uClibc-linux-gk7605v100/obj/src/third/gb28181/ite_gb28181_app.o
                0x00000000000c8920                g_bterminate
                0x00000000000c8928                serverIp
                0x00000000000c8960                gDeviceId
                0x00000000000c8994                serverPort
 .data          0x00000000000c8998        0x0 build/arm11-gcc-uClibc-linux-gk7605v100/obj/src/third/gb28181/ite_gb28181_playback.o
 .data          0x00000000000c8998        0x0 build/arm11-gcc-uClibc-linux-gk7605v100/obj/src/common/main.o
 .data          0x00000000000c8998        0x0 build/arm11-gcc-uClibc-linux-gk7605v100/obj/src/common/netcam_sys.o
 .data          0x00000000000c8998        0x0 build/arm11-gcc-uClibc-linux-gk7605v100/obj/src/video/netcam_video.o
 .data          0x00000000000c8998        0x4 build/arm11-gcc-uClibc-linux-gk7605v100/obj/src/video/netcam_video_web_stream.o
 .data          0x00000000000c899c        0x0 build/arm11-gcc-uClibc-linux-gk7605v100/obj/src/image/netcam_image.o
 .data          0x00000000000c899c        0x0 build/arm11-gcc-uClibc-linux-gk7605v100/obj/src/timer/netcam_timer.o
 .data          0x00000000000c899c        0x3 build/arm11-gcc-uClibc-linux-gk7605v100/obj/src/autolight/netcam_autolight.o
 *fill*         0x00000000000c899f        0x1 
 .data          0x00000000000c89a0        0x4 build/arm11-gcc-uClibc-linux-gk7605v100/obj/src/osd/netcam_osd.o
 *fill*         0x00000000000c89a4        0x4 
 .data.rel.local
                0x00000000000c89a8       0x70 build/arm11-gcc-uClibc-linux-gk7605v100/obj/src/osd/netcam_osd.o
 .data          0x00000000000c8a18        0x0 build/arm11-gcc-uClibc-linux-gk7605v100/obj/src/http/netcam_http_web.o
 .data.rel      0x00000000000c8a18       0xb0 build/arm11-gcc-uClibc-linux-gk7605v100/obj/src/http/netcam_http_web.o
 .data          0x00000000000c8ac8       0x6c build/arm11-gcc-uClibc-linux-gk7605v100/obj/src/net/netcam_network.o
 *fill*         0x00000000000c8b34        0x4 
 .data          0x00000000000c8b38       0x10 build/arm11-gcc-uClibc-linux-gk7605v100/obj/src/net/net_arp.o
 .data          0x00000000000c8b48        0x0 build/arm11-gcc-uClibc-linux-gk7605v100/obj/src/net/net_dhcp.o
 .data          0x00000000000c8b48        0x0 build/arm11-gcc-uClibc-linux-gk7605v100/obj/src/net/net_arping.o
 .data          0x00000000000c8b48        0x0 build/arm11-gcc-uClibc-linux-gk7605v100/obj/src/ptz/netcam_ptz.o
 .data.rel      0x00000000000c8b48        0x8 build/arm11-gcc-uClibc-linux-gk7605v100/obj/src/ptz/netcam_ptz.o
 .data          0x00000000000c8b50       0x40 build/arm11-gcc-uClibc-linux-gk7605v100/obj/src/md/netcam_motion_detect.o
 .data          0x00000000000c8b90        0x0 build/arm11-gcc-uClibc-linux-gk7605v100/obj/src/watchdog/netcam_watchdog.o
 .data          0x00000000000c8b90        0x0 build/arm11-gcc-uClibc-linux-gk7605v100/obj/src/work_callback/system_handle.o
 .data          0x00000000000c8b90       0x28 build/arm11-gcc-uClibc-linux-gk7605v100/obj/src/common_venc/loadbmp.o
                0x00000000000c8b90                g_osd_comp_info
 .data          0x00000000000c8bb8        0x4 build/arm11-gcc-uClibc-linux-gk7605v100/obj/src/common_venc/sample_comm_audio.o
 *fill*         0x00000000000c8bbc        0x4 
 .data          0x00000000000c8bc0      0x30c build/arm11-gcc-uClibc-linux-gk7605v100/obj/src/common_venc/sample_comm_isp.o
 .data          0x00000000000c8ecc        0x4 build/arm11-gcc-uClibc-linux-gk7605v100/obj/src/common_venc/sample_comm_mipi_tx.o
 .data          0x00000000000c8ed0        0x0 build/arm11-gcc-uClibc-linux-gk7605v100/obj/src/common_venc/sample_comm_region.o
 .data          0x00000000000c8ed0      0x140 build/arm11-gcc-uClibc-linux-gk7605v100/obj/src/common_venc/sample_comm_sys.o
 .data          0x00000000000c9010     0x1808 build/arm11-gcc-uClibc-linux-gk7605v100/obj/src/common_venc/sample_comm_vdec.o
 .data          0x00000000000ca818        0x0 build/arm11-gcc-uClibc-linux-gk7605v100/obj/src/common_venc/sample_comm_venc.o
 .data          0x00000000000ca818     0x1b38 build/arm11-gcc-uClibc-linux-gk7605v100/obj/src/common_venc/sample_comm_vi.o
 .data          0x00000000000cc350      0x3ec build/arm11-gcc-uClibc-linux-gk7605v100/obj/src/common_venc/sample_comm_vo.o
 .data          0x00000000000cc73c        0x0 build/arm11-gcc-uClibc-linux-gk7605v100/obj/src/common_venc/sample_comm_vpss.o
 .data          0x00000000000cc73c       0x10 build/arm11-gcc-uClibc-linux-gk7605v100/obj/src/venc_audio/sample_audio.o
 *fill*         0x00000000000cc74c        0x4 
 .data          0x00000000000cc750       0x7c build/arm11-gcc-uClibc-linux-gk7605v100/obj/src/venc_audio/sample_venc_aenc.o
 .data          0x00000000000cc7cc        0x8 build/arm11-gcc-uClibc-linux-gk7605v100/obj/src/venc_audio/adp/audio_aac_adp.o
                0x00000000000cc7cc                g_cnt_aenc
                0x00000000000cc7d0                g_cnt_adec
 .data          0x00000000000cc7d4        0x0 build/arm11-gcc-uClibc-linux-gk7605v100/obj/src/venc_audio/adp/audio_dl_adp.o
 .data          0x00000000000cc7d4        0x0 build/arm11-gcc-uClibc-linux-gk7605v100/obj/src/svp_rtsp/common/sample_common_ive.o
 *fill*         0x00000000000cc7d4        0x4 
 .data          0x00000000000cc7d8       0x40 build/arm11-gcc-uClibc-linux-gk7605v100/obj/src/svp_rtsp/common/sample_common_svp.o
 .data          0x00000000000cc818        0x0 build/arm11-gcc-uClibc-linux-gk7605v100/obj/src/svp_rtsp/ive/sample_ive_main.o
 .data          0x00000000000cc818       0xcd build/arm11-gcc-uClibc-linux-gk7605v100/obj/src/svp_rtsp/ive/sample/sample_ive_md.o
                0x00000000000cc828                platename
 .data          0x00000000000cc8e5        0x0 build/arm11-gcc-uClibc-linux-gk7605v100/obj/src/ntpclient/ntp_client.o
 *fill*         0x00000000000cc8e5        0x3 
 .data.rel.local
                0x00000000000cc8e8      0x118 build/arm11-gcc-uClibc-linux-gk7605v100/obj/src/ntpclient/ntp_client.o
                0x00000000000cc8e8                ntp_server
 .data          0x00000000000cca00        0x0 build/arm11-gcc-uClibc-linux-gk7605v100/obj/src/bplustree/bplustree.o
 .data.rel.local
                0x00000000000cca00        0x8 build/arm11-gcc-uClibc-linux-gk7605v100/obj/src/bplustree/bplustree.o
 .data          0x00000000000cca08        0x0 /opt/linux/x86-arm/aarch64-mix210-linux/host_bin/../target/usr/lib/libc_nonshared.a(fstat.oS)
 .data          0x00000000000cca08        0x0 /opt/linux/x86-arm/aarch64-mix210-linux/host_bin/../lib/gcc/aarch64-linux-gnu/7.3.0/crtendS.o
 .data          0x00000000000cca08        0x0 /opt/linux/x86-arm/aarch64-mix210-linux/host_bin/../target/usr/lib/crtn.o

.tm_clone_table
                0x00000000000cca08        0x0
 .tm_clone_table
                0x00000000000cca08        0x0 /opt/linux/x86-arm/aarch64-mix210-linux/host_bin/../lib/gcc/aarch64-linux-gnu/7.3.0/crtbeginS.o
 .tm_clone_table
                0x00000000000cca08        0x0 /opt/linux/x86-arm/aarch64-mix210-linux/host_bin/../lib/gcc/aarch64-linux-gnu/7.3.0/crtendS.o

.data1
 *(.data1)
                [!provide]                        PROVIDE (_edata = .)