Archive member included to satisfy reference by file (symbol)

/opt/linux/x86-arm/aarch64-mix210-linux/host_bin/../target/usr/lib/libc_nonshared.a(fstat.oS)
                              build/arm11-gcc-uClibc-linux-gk7605v100/obj/src/common_venc/sample_comm_venc.o (fstat)

As-needed library included to satisfy reference by file (symbol)

ld-linux-aarch64.so.1         build/arm11-gcc-uClibc-linux-gk7605v100/obj/src/rtsp/gk_rtsp.o (__stack_chk_guard@@GLIBC_2.17)

Allocating common symbols
Common symbol       size              file

stBitmap            0x18              build/arm11-gcc-uClibc-linux-gk7605v100/obj/src/venc_audio/sample_venc_aenc.o
shmid_tx            0x4               build/arm11-gcc-uClibc-linux-gk7605v100/obj/src/svp_rtsp/ive/sample/sample_ive_md.o
factory_test        0x2e8             build/arm11-gcc-uClibc-linux-gk7605v100/obj/src/factory_test/factory_test.o
g_call_id           0x4               build/arm11-gcc-uClibc-linux-gk7605v100/obj/src/third/gb28181/ite_gb28181_sip.o
random_int          0x4               build/arm11-gcc-uClibc-linux-gk7605v100/obj/src/svp_rtsp/ive/sample/sample_ive_md.o
sockfd              0x4               build/arm11-gcc-uClibc-linux-gk7605v100/obj/src/svp_rtsp/ive/sample/sample_ive_md.o
ptr_tx              0x8               build/arm11-gcc-uClibc-linux-gk7605v100/obj/src/svp_rtsp/ive/sample/sample_ive_md.o
SocketInfo          0x1e0             build/arm11-gcc-uClibc-linux-gk7605v100/obj/src/third/gb28181/ite_gb28181_rtp.o
sys_conf            0x14c             build/arm11-gcc-uClibc-linux-gk7605v100/obj/src/third/gb28181/ite_gb28181_app.o
g_call_id_str       0xc8              build/arm11-gcc-uClibc-linux-gk7605v100/obj/src/third/gb28181/ite_gb28181_sip.o
g_did_fileDown      0x4               build/arm11-gcc-uClibc-linux-gk7605v100/obj/src/third/gb28181/ite_gb28181_sip.o
g_dec_surveillance_param
                    0xc               build/arm11-gcc-uClibc-linux-gk7605v100/obj/src/third/gb28181/ite_gb28181_sip.o
g_enc_surveillance_param
                    0xc               build/arm11-gcc-uClibc-linux-gk7605v100/obj/src/third/gb28181/ite_gb28181_sip.o
g_broadcast_invite_callid
                    0x80              build/arm11-gcc-uClibc-linux-gk7605v100/obj/src/third/gb28181/ite_gb28181_sip.o
buf                 0x8               build/arm11-gcc-uClibc-linux-gk7605v100/obj/src/svp_rtsp/ive/sample/sample_ive_md.o
region_tmp_old      0x804             build/arm11-gcc-uClibc-linux-gk7605v100/obj/src/svp_rtsp/ive/sample/sample_ive_md.o
g_broadcast_dstid   0x40              build/arm11-gcc-uClibc-linux-gk7605v100/obj/src/third/gb28181/ite_gb28181_sip.o
g_dec_svc_param     0x10              build/arm11-gcc-uClibc-linux-gk7605v100/obj/src/third/gb28181/ite_gb28181_sip.o
uas_handle_Message  0x8               build/arm11-gcc-uClibc-linux-gk7605v100/obj/src/third/gb28181/ite_gb28181_app.o
device_status       0x28              build/arm11-gcc-uClibc-linux-gk7605v100/obj/src/third/gb28181/ite_gb28181_rtp.o
rtsp_handle         0x30              build/arm11-gcc-uClibc-linux-gk7605v100/obj/src/venc_audio/sample_venc_aenc.o
uas_handle_invite_sdp
                    0x8               build/arm11-gcc-uClibc-linux-gk7605v100/obj/src/third/gb28181/ite_gb28181_app.o
uas_start_transport
                    0x8               build/arm11-gcc-uClibc-linux-gk7605v100/obj/src/third/gb28181/ite_gb28181_app.o
g_did_backPlay      0x4               build/arm11-gcc-uClibc-linux-gk7605v100/obj/src/third/gb28181/ite_gb28181_sip.o
g_broadcast_callid  0x80              build/arm11-gcc-uClibc-linux-gk7605v100/obj/src/third/gb28181/ite_gb28181_sip.o
g_strAuth           0x400             build/arm11-gcc-uClibc-linux-gk7605v100/obj/src/third/gb28181/ite_gb28181_sip.o
g_broadcast_srcid   0x40              build/arm11-gcc-uClibc-linux-gk7605v100/obj/src/third/gb28181/ite_gb28181_sip.o
g_did_realPlay      0x4               build/arm11-gcc-uClibc-linux-gk7605v100/obj/src/third/gb28181/ite_gb28181_sip.o
ite_eXosip_callback
                    0x30              build/arm11-gcc-uClibc-linux-gk7605v100/obj/src/third/gb28181/ite_gb28181_rtp.o
serverAddr          0x10              build/arm11-gcc-uClibc-linux-gk7605v100/obj/src/svp_rtsp/ive/sample/sample_ive_md.o
rtcp_pkt_sr         0x1c              build/arm11-gcc-uClibc-linux-gk7605v100/obj/src/third/gb28181/ite_gb28181_rtp.o
p                   0x8               build/arm11-gcc-uClibc-linux-gk7605v100/obj/src/svp_rtsp/ive/sample/sample_ive_md.o
size                0x4               build/arm11-gcc-uClibc-linux-gk7605v100/obj/src/svp_rtsp/ive/sample/sample_ive_md.o
g_did_audioPlay     0x4               build/arm11-gcc-uClibc-linux-gk7605v100/obj/src/third/gb28181/ite_gb28181_sip.o
g_svac_audio_param  0x4               build/arm11-gcc-uClibc-linux-gk7605v100/obj/src/third/gb28181/ite_gb28181_sip.o
g_alarm_method      0xa               build/arm11-gcc-uClibc-linux-gk7605v100/obj/src/third/gb28181/ite_gb28181_sip.o
[...]
Memory Configuration

Name             Origin             Length             Attributes
*default*        0x0000000000000000 0xffffffffffffffff

Linker script and memory map

LOAD /opt/linux/x86-arm/aarch64-mix210-linux/host_bin/../target/usr/lib/crti.o
LOAD /opt/linux/x86-arm/aarch64-mix210-linux/host_bin/../lib/gcc/aarch64-linux-gnu/7.3.0/crtbeginS.o
LOAD /opt/linux/x86-arm/aarch64-mix210-linux/host_bin/../lib/gcc/aarch64-linux-gnu/7.3.0/../../../../aarch64-linux-gnu/lib/../lib64/libstdc++.so
LOAD src/svp_rtsp/SDL2-2.26.1/install/lib/libSDL2.so
LOAD src/svp_rtsp/SDL2_ttf-2.0.18/install/lib/libSDL2_ttf.so
LOAD /home/xieqianqian/7608_netcam/install/arm11-gcc-uClibc-linux-gk7605v100/lib/libprotobuf-c.a
LOAD /opt/linux/x86-arm/aarch64-mix210-linux/host_bin/../target/usr/lib/libpthread.so
LOAD /opt/linux/x86-arm/aarch64-mix210-linux/host_bin/../target/usr/lib/librt.so
LOAD /opt/linux/x86-arm/aarch64-mix210-linux/host_bin/../target/usr/lib/libresolv.so
LOAD /opt/linux/x86-arm/aarch64-mix210-linux/host_bin/../target/usr/lib/libdl.so
LOAD /opt/linux/x86-arm/aarch64-mix210-linux/host_bin/../target/usr/lib/libm.so
LOAD /home/xieqianqian/7608_netcam/install/arm11-gcc-uClibc-linux-gk7605v100/lib/librtsp.a
LOAD /opt/linux/x86-arm/aarch64-mix210-linux/host_bin/../target/usr/lib/libdl.so
LOAD /opt/linux/x86-arm/aarch64-mix210-linux/host_bin/../lib/gcc/aarch64-linux-gnu/7.3.0/../../../../aarch64-linux-gnu/lib/../lib64/libstdc++.so
LOAD /opt/linux/x86-arm/aarch64-mix210-linux/host_bin/../target/usr/lib/libm.so
LOAD build/arm11-gcc-uClibc-linux-gk7605v100/obj/src/rtsp/gk_rtsp.o
LOAD build/arm11-gcc-uClibc-linux-gk7605v100/obj/src/factory_test/factory_test.o
LOAD build/arm11-gcc-uClibc-linux-gk7605v100/obj/src/gkvision/gkvision.o
LOAD build/arm11-gcc-uClibc-linux-gk7605v100/obj/src/third/gb28181/ite_gb28181_rtp.o
LOAD build/arm11-gcc-uClibc-linux-gk7605v100/obj/src/third/gb28181/ite_gb28181_sip.o
LOAD build/arm11-gcc-uClibc-linux-gk7605v100/obj/src/third/gb28181/ite_gb28181_app.o
LOAD build/arm11-gcc-uClibc-linux-gk7605v100/obj/src/third/gb28181/ite_gb28181_playback.o
LOAD build/arm11-gcc-uClibc-linux-gk7605v100/obj/src/common/main.o
LOAD build/arm11-gcc-uClibc-linux-gk7605v100/obj/src/common/netcam_sys.o
LOAD build/arm11-gcc-uClibc-linux-gk7605v100/obj/src/video/netcam_video.o
LOAD build/arm11-gcc-uClibc-linux-gk7605v100/obj/src/video/netcam_video_web_stream.o
LOAD build/arm11-gcc-uClibc-linux-gk7605v100/obj/src/image/netcam_image.o
LOAD build/arm11-gcc-uClibc-linux-gk7605v100/obj/src/timer/netcam_timer.o
LOAD build/arm11-gcc-uClibc-linux-gk7605v100/obj/src/autolight/netcam_autolight.o
LOAD build/arm11-gcc-uClibc-linux-gk7605v100/obj/src/osd/netcam_osd.o
LOAD build/arm11-gcc-uClibc-linux-gk7605v100/obj/src/http/netcam_http_web.o
LOAD build/arm11-gcc-uClibc-linux-gk7605v100/obj/src/net/netcam_network.o
LOAD build/arm11-gcc-uClibc-linux-gk7605v100/obj/src/net/net_arp.o
LOAD build/arm11-gcc-uClibc-linux-gk7605v100/obj/src/net/net_dhcp.o
LOAD build/arm11-gcc-uClibc-linux-gk7605v100/obj/src/net/net_arping.o
LOAD build/arm11-gcc-uClibc-linux-gk7605v100/obj/src/ptz/netcam_ptz.o
LOAD build/arm11-gcc-uClibc-linux-gk7605v100/obj/src/md/netcam_motion_detect.o
LOAD build/arm11-gcc-uClibc-linux-gk7605v100/obj/src/watchdog/netcam_watchdog.o
LOAD build/arm11-gcc-uClibc-linux-gk7605v100/obj/src/work_callback/system_handle.o
LOAD build/arm11-gcc-uClibc-linux-gk7605v100/obj/src/common_venc/loadbmp.o
LOAD build/arm11-gcc-uClibc-linux-gk7605v100/obj/src/common_venc/sample_comm_audio.o
LOAD build/arm11-gcc-uClibc-linux-gk7605v100/obj/src/common_venc/sample_comm_isp.o
LOAD build/arm11-gcc-uClibc-linux-gk7605v100/obj/src/common_venc/sample_comm_mipi_tx.o
LOAD build/arm11-gcc-uClibc-linux-gk7605v100/obj/src/common_venc/sample_comm_region.o
LOAD build/arm11-gcc-uClibc-linux-gk7605v100/obj/src/common_venc/sample_comm_sys.o
LOAD build/arm11-gcc-uClibc-linux-gk7605v100/obj/src/common_venc/sample_comm_vdec.o
LOAD build/arm11-gcc-uClibc-linux-gk7605v100/obj/src/common_venc/sample_comm_venc.o
LOAD build/arm11-gcc-uClibc-linux-gk7605v100/obj/src/common_venc/sample_comm_vi.o
LOAD build/arm11-gcc-uClibc-linux-gk7605v100/obj/src/common_venc/sample_comm_vo.o
LOAD build/arm11-gcc-uClibc-linux-gk7605v100/obj/src/common_venc/sample_comm_vpss.o
LOAD build/arm11-gcc-uClibc-linux-gk7605v100/obj/src/venc_audio/sample_audio.o
LOAD build/arm11-gcc-uClibc-linux-gk7605v100/obj/src/venc_audio/sample_venc_aenc.o
LOAD build/arm11-gcc-uClibc-linux-gk7605v100/obj/src/venc_audio/adp/audio_aac_adp.o
LOAD build/arm11-gcc-uClibc-linux-gk7605v100/obj/src/venc_audio/adp/audio_dl_adp.o
LOAD build/arm11-gcc-uClibc-linux-gk7605v100/obj/src/svp_rtsp/ive/sample_ive_main.o
LOAD build/arm11-gcc-uClibc-linux-gk7605v100/obj/src/svp_rtsp/ive/sample/sample_ive_md.o
LOAD build/arm11-gcc-uClibc-linux-gk7605v100/obj/src/svp_rtsp/common/sample_common_ive.o
LOAD build/arm11-gcc-uClibc-linux-gk7605v100/obj/src/svp_rtsp/common/sample_common_svp.o
LOAD build/arm11-gcc-uClibc-linux-gk7605v100/obj/src/ntpclient/ntp_client.o
LOAD build/arm11-gcc-uClibc-linux-gk7605v100/obj/src/bplustree/bplustree.o
LOAD /opt/linux/x86-arm/aarch64-mix210-linux/host_bin/../lib/gcc/aarch64-linux-gnu/7.3.0/libgcc.a
LOAD /opt/linux/x86-arm/aarch64-mix210-linux/host_bin/../lib/gcc/aarch64-linux-gnu/7.3.0/../../../../aarch64-linux-gnu/lib/../lib64/libgcc_s.so
LOAD /opt/linux/x86-arm/aarch64-mix210-linux/host_bin/../target/usr/lib/libc.so
START GROUP
LOAD /opt/linux/x86-arm/aarch64-mix210-linux/host_bin/../target/lib/libc.so.6
LOAD /opt/linux/x86-arm/aarch64-mix210-linux/host_bin/../target/usr/lib/libc_nonshared.a
LOAD /opt/linux/x86-arm/aarch64-mix210-linux/host_bin/../target/lib/ld-linux-aarch64.so.1
END GROUP
LOAD /opt/linux/x86-arm/aarch64-mix210-linux/host_bin/../lib/gcc/aarch64-linux-gnu/7.3.0/libgcc.a
LOAD /opt/linux/x86-arm/aarch64-mix210-linux/host_bin/../lib/gcc/aarch64-linux-gnu/7.3.0/../../../../aarch64-linux-gnu/lib/../lib64/libgcc_s.so
LOAD /opt/linux/x86-arm/aarch64-mix210-linux/host_bin/../lib/gcc/aarch64-linux-gnu/7.3.0/crtendS.o
LOAD /opt/linux/x86-arm/aarch64-mix210-linux/host_bin/../target/usr/lib/crtn.o
                0x0000000000000190                . = (SEGMENT_START ("text-segment", 0x0) + SIZEOF_HEADERS)

.note.gnu.build-id
 *(.note.gnu.build-id)

.hash           0x0000000000000190     0x27f0
 *(.hash)
 .hash          0x0000000000000190     0x27f0 /opt/linux/x86-arm/aarch64-mix210-linux/host_bin/../target/usr/lib/crti.o

.gnu.hash       0x0000000000002980     0x162c
 *(.gnu.hash)
 .gnu.hash      0x0000000000002980     0x162c /opt/linux/x86-arm/aarch64-mix210-linux/host_bin/../target/usr/lib/crti.o

.dynsym         0x0000000000003fb0     0x8ec8
 *(.dynsym)
 .dynsym        0x0000000000003fb0     0x8ec8 /opt/linux/x86-arm/aarch64-mix210-linux/host_bin/../target/usr/lib/crti.o

.dynstr         0x000000000000ce78     0x7d18
 *(.dynstr)
 .dynstr        0x000000000000ce78     0x7d18 /opt/linux/x86-arm/aarch64-mix210-linux/host_bin/../target/usr/lib/crti.o

.gnu.version    0x0000000000014b90      0xbe6
 *(.gnu.version)
 .gnu.version   0x0000000000014b90      0xbe6 /opt/linux/x86-arm/aarch64-mix210-linux/host_bin/../target/usr/lib/crti.o

.gnu.version_d  0x0000000000015778        0x0
 *(.gnu.version_d)
 .gnu.version_d
                0x0000000000015778        0x0 /opt/linux/x86-arm/aarch64-mix210-linux/host_bin/../target/usr/lib/crti.o

.gnu.version_r  0x0000000000015778       0x80
 *(.gnu.version_r)
 .gnu.version_r
                0x0000000000015778       0x80 /opt/linux/x86-arm/aarch64-mix210-linux/host_bin/../target/usr/lib/crti.o

.rela.dyn       0x00000000000157f8     0x18f0
 *(.rela.init)
 *(.rela.text .rela.text.* .rela.gnu.linkonce.t.*)
 *(.rela.fini)
 *(.rela.rodata .rela.rodata.* .rela.gnu.linkonce.r.*)
 *(.rela.data .rela.data.* .rela.gnu.linkonce.d.*)
 .rela.data.rel.local
                0x00000000000157f8      0x4c8 /opt/linux/x86-arm/aarch64-mix210-linux/host_bin/../target/usr/lib/crti.o
 .rela.data.rel
                0x0000000000015cc0      0x1f8 /opt/linux/x86-arm/aarch64-mix210-linux/host_bin/../target/usr/lib/crti.o
 .rela.data     0x0000000000015eb8      0x120 /opt/linux/x86-arm/aarch64-mix210-linux/host_bin/../target/usr/lib/crti.o
 .rela.data.rel.ro.local
                0x0000000000015fd8      0x198 /opt/linux/x86-arm/aarch64-mix210-linux/host_bin/../target/usr/lib/crti.o
 *(.rela.tdata .rela.tdata.* .rela.gnu.linkonce.td.*)
 *(.rela.tbss .rela.tbss.* .rela.gnu.linkonce.tb.*)
 *(.rela.ctors)
 *(.rela.dtors)
 *(.rela.got)
 .rela.got      0x0000000000016170      0xf48 /opt/linux/x86-arm/aarch64-mix210-linux/host_bin/../target/usr/lib/crti.o
 *(.rela.bss .rela.bss.* .rela.gnu.linkonce.b.*)
 *(.rela.ifunc)
 .rela.ifunc    0x00000000000170b8        0x0 /opt/linux/x86-arm/aarch64-mix210-linux/host_bin/../target/usr/lib/crti.o
 .rela.init_array
                0x00000000000170b8       0x18 /opt/linux/x86-arm/aarch64-mix210-linux/host_bin/../target/usr/lib/crti.o
 .rela.fini_array
                0x00000000000170d0       0x18 /opt/linux/x86-arm/aarch64-mix210-linux/host_bin/../target/usr/lib/crti.o

.rela.plt       0x00000000000170e8     0x6690
 *(.rela.plt)
 .rela.plt      0x00000000000170e8     0x6690 /opt/linux/x86-arm/aarch64-mix210-linux/host_bin/../target/usr/lib/crti.o
 *(.rela.iplt)

.init           0x000000000001d778       0x14
 *(SORT_NONE(.init))
 .init          0x000000000001d778        0xc /opt/linux/x86-arm/aarch64-mix210-linux/host_bin/../target/usr/lib/crti.o
                0x000000000001d778                _init
 .init          0x000000000001d784        0x8 /opt/linux/x86-arm/aarch64-mix210-linux/host_bin/../target/usr/lib/crtn.o

.plt            0x000000000001d790     0x4480
 *(.plt)
 .plt           0x000000000001d790     0x4480 /opt/linux/x86-arm/aarch64-mix210-linux/host_bin/../target/usr/lib/crti.o
 *(.iplt)

.text           0x0000000000021c10    0x74c80
 *(.text.unlikely .text.*_unlikely .text.unlikely.*)
 *(.text.exit .text.exit.*)
 *(.text.startup .text.startup.*)
 *(.text.hot .text.hot.*)
 *(SORT_BY_NAME(.text.sorted.*))
 *(.text .stub .text.* .gnu.linkonce.t.*)
 .text          0x0000000000021c10       0x14 /opt/linux/x86-arm/aarch64-mix210-linux/host_bin/../target/usr/lib/crti.o
 *fill*         0x0000000000021c24        0x4 1f2003d5
 .text          0x0000000000021c28       0xbc /opt/linux/x86-arm/aarch64-mix210-linux/host_bin/../lib/gcc/aarch64-linux-gnu/7.3.0/crtbeginS.o
 .text          0x0000000000021ce4     0x15a0 build/arm11-gcc-uClibc-linux-gk7605v100/obj/src/rtsp/gk_rtsp.o
                0x0000000000022b28                printf_rtsp_param
                0x0000000000022e44                rtsp_setParam
                0x0000000000022ef0                rtsp_getParam
                0x00000000000231b0                rtsp_start
                0x0000000000023270                rtsp_stop
 .text          0x0000000000023284      0xf2c build/arm11-gcc-uClibc-linux-gk7605v100/obj/src/factory_test/factory_test.o
                0x0000000000023284                vFactoryWorkMode_Play_AudioFile
                0x00000000000233b0                vFactoryWorkMode_PTZ_Loop
                0x00000000000233cc                vFactoryWorkMode_PTZ_StopLoop
                0x00000000000233e4                vFactoryWorkMode_LinkWifi
                0x0000000000023568                vFactoryWorkMode_StopLinkWifi
                0x000000000002359c                vFactoryWorkMode_WriteRecordFile
                0x0000000000023684                vFactoryWorkMode_StartRecord
                0x000000000002376c                vFactoryWorkMode_StopRecord
                0x00000000000237b0                vFactoryWorkMode_StartPlayRecord
                0x00000000000237d4                vFactoryWorkMode_TestInit
                0x00000000000238f4                vFactoryWorkMode_BurninInit
                0x0000000000023ac8                iFactoryWorkMode_PreInit
                0x0000000000023cbc                vFactoryWorkMode_Proc
                0x00000000000240e8                vFactoryWorkMode_Init
                0x0000000000024148                vFactoryWorkMode_Exit
 .text.stub     0x00000000000241b0       0x10 linker stubs
 .text          0x00000000000251b0     0x1830 build/arm11-gcc-uClibc-linux-gk7605v100/obj/src/gkvision/gkvision.o
                0x00000000000251b0                gk_vision_init
                0x000000000002540c                gk_vision_exit
                0x0000000000025a08                gk_vision_set_human_detection_state
                0x0000000000025a84                gk_vision_set_motion_tracing
                0x00000000000269b4                gk_vision_fresh_rect
                0x00000000000269cc                gk_vision_set_sensitive
 .text          0x00000000000269e0     0x7664 build/arm11-gcc-uClibc-linux-gk7605v100/obj/src/third/gb28181/ite_gb28181_rtp.o
                0x00000000000269e0                ite_check_test_server
                0x00000000000269e8                ite_make_ps_header
                0x0000000000026e18                ite_make_sys_header
                0x0000000000026f6c                ite_make_psm_header
                0x00000000000271a0                ite_make_pes_header
                0x000000000002734c                ite_make_rtp_header
                0x00000000000274d0                ite_make_rtptcp_header
                0x0000000000027704                rtp_send_h264ps
                0x0000000000027944                ITE_SHARE_BUFFER_Init_Mgr
                0x0000000000027958                saveps
                0x0000000000027ac4                ite_RtpSendUdp_PS_H264frame
                0x0000000000027d20                rtp_sendtcp_h264ps
                0x00000000000281f4                ite_RtpSendTcp_PS_H264frame
                0x00000000000284a0                RtpSendOverUdpPkt3984
                0x00000000000288a0                Pframe_process
                0x0000000000028a24                Iframe_process
                0x0000000000028cf4                GetH264FrameType
                0x0000000000028d6c                bulid_rtcp_sr
                0x0000000000028e44                bulid_rtcp_rr
                0x0000000000028f1c                recvRtcpRr
                0x0000000000029274                sendRtcpSr
                0x0000000000029d88                SendVideoOverTcp_Org
                0x000000000002ad60                rtp_stream_fail_event_upload
                0x000000000002b268                rtp_stream_status_send
                0x000000000002b29c                SendVideoRtpTask
                0x000000000002c71c                RecvAudioRtpTask
                0x000000000002c9c0                gk_rtp_playback_send
                0x000000000002cf3c                gk_rtp_playback_close
                0x000000000002cfcc                gk_rtp_play_close
                0x000000000002d014                SetIFameFlag
                0x000000000002d038                rtpGetHandle
                0x000000000002d4fc                rtpCloseHandle
                0x000000000002d5f4                rtpInit
                0x000000000002d61c                ProcessInviteMediaPlay
                0x000000000002d7d0                ProcessInviteAudioPlay
                0x000000000002d99c                ProcessMediaStop
                0x000000000002da90                ProcessVoiceStop
                0x000000000002db84                ProcessMediaStopAll
                0x000000000002ddf0                CreateUdpSocket
                0x000000000002df58                CreateTcpSocket
                0x000000000002e004                gk_rtp_playback_close_rtp_channel
                0x000000000002e018                gk_rtp_playback_open_rtp_channel
 .text          0x000000000002e044     0xa024 build/arm11-gcc-uClibc-linux-gk7605v100/obj/src/third/gb28181/ite_gb28181_sip.o
                0x000000000002e044                uac_init
                0x000000000002e1e8                uac_register
                0x000000000002e224                uac_UNregister
                0x000000000002e258                uac_invite
                0x000000000002e2a0                uac_bye
                0x000000000002e2c4                uac_send_info
                0x000000000002e3dc                uac_send_message
                0x000000000002e4ec                getlocalip
                0x000000000002e6a0                ite_eXosip_init
                0x000000000002e75c                SetSystemTime
                0x000000000002e8c4                ite_eXosip_rand_num
                0x000000000002e970                ite_eXosip_register
                0x000000000002f180                ite_eXosip_unregister
                0x000000000002f1a8                ite_eXosip_sendEventAlarm
                0x000000000002f544                ite_eXosip_sendEventPostion
                0x000000000002f7c4                ite_eXosip_sendFileEnd
                0x0000000000030148                ite_eXosip_ProcessMsgBody
                0x0000000000034984                ite_eXosip_parseInviteBody
                0x000000000003554c                ite_eXosip_parseInfoBody
                0x0000000000035a7c                ite_eXosip_printEvent
                0x0000000000035e90                ite_eXosip_NotifyAlarm_Task
                0x0000000000036094                ite_eXosip_PositionAlert_Task
                0x0000000000036214                ite_eXosip_processEvent_Task
                0x000000000003735c                ite_eXosip_invit
                0x00000000000376f0                ite_eXosip_bye
                0x0000000000037724                ite_eXosip_keep_alive
                0x000000000003799c                ite_eXosip_Kalive_Task
                0x0000000000037b6c                ite_eXosip_get_register_status
                0x0000000000037b7c                ite_eXosip_register_Task
                0x0000000000037d70                ite_eXosip_launch
 .text          0x0000000000038068     0x143c build/arm11-gcc-uClibc-linux-gk7605v100/obj/src/third/gb28181/ite_gb28181_app.o
                0x0000000000038068                uac_get_sdp
                0x00000000000380a4                uac_handle_sdp
                0x00000000000380b8                uac_receive_media
                0x00000000000380c0                uac_get_rtsp
                0x0000000000038104                uac_handle_message
                0x0000000000038118                uac_close_media
                0x0000000000038120                uas_function_run
                0x0000000000038148                uas_handle_sdp
                0x0000000000038170                uas_get_sdp
                0x00000000000381ac                uas_send_media
                0x00000000000381b4                uas_handle_rtsp
                0x00000000000381c8                uas_get_message
                0x0000000000038208                uas_close_media
                0x0000000000038210                handle_invite
                0x0000000000038410                handle_message
                0x0000000000038544                handle_bye
                0x00000000000385a0                uas_eXosip_processEvent
                0x0000000000038900                gb28181_init_signal
                0x0000000000038a20                UAC_TryConnectServer
                0x0000000000038e38                rtp_get_data_init
                0x0000000000038e80                rtp_get_data
                0x0000000000038f40                rtp_get_data_close
                0x0000000000038f60                gb28181_set_sip_info
                0x000000000003908c                gb28181_start_thread
                0x00000000000393a4                gb28181_start
                0x0000000000039408                gb28181_close
                0x0000000000039420                gb28181_get_reg_serverip_port
                0x0000000000039480                gb28181_set_reg_expire_time
 *fill*         0x00000000000394a4        0x4 1f2003d5
 .text          0x00000000000394a8     0x3778 build/arm11-gcc-uClibc-linux-gk7605v100/obj/src/third/gb28181/ite_gb28181_playback.o
                0x0000000000039580                gk_gb28181_timestamp_to_u64t
                0x0000000000039674                gk_gb28181_time_to_u64t
                0x000000000003977c                gk_gb28181_u64t_to_time
                0x000000000003996c                gk_gb28181_playback_get_record_time
                0x000000000003bb78                gk_gb28181_playback_set_download_cmd
                0x000000000003c00c                gk_gb28181_playback_set_playback_cmd
                0x000000000003c470                gk_gb28181_playback_set_play_cmd
                0x000000000003c6c0                gk_gb28181_playback_set_pause_cmd
                0x000000000003c858                gk_gb28181_playback_set_stop_cmd
                0x000000000003c990                gk_gb28181_playback_session_open
                0x000000000003cb70                gk_gb28181_playback_init
 .text          0x000000000003cc20      0x654 build/arm11-gcc-uClibc-linux-gk7605v100/obj/src/common/main.o
                0x000000000003d160                ignore_SIGPIPE
                0x000000000003d1ec                main
 .text          0x000000000003d274     0x1318 build/arm11-gcc-uClibc-linux-gk7605v100/obj/src/common/netcam_sys.o
                0x000000000003d274                netcam_sys_set_time_zone_by_utc_string
                0x000000000003d47c                netcam_sys_set_time_zone_by_utc_second
                0x000000000003d6a8                netcam_sys_init
                0x000000000003d7a8                netcam_sys_get_DevInfor
                0x000000000003d7e0                netcam_sys_use_timer_init
                0x000000000003d85c                netcam_sys_save
                0x000000000003d87c                netcam_sys_reboot
                0x000000000003d90c                netcam_sys_get_local_time_string
                0x000000000003da20                netcam_sys_operation
                0x000000000003dd28                netcam_sys_ntp_get
                0x000000000003dd9c                netcam_sys_ntp_set
                0x000000000003ddcc                netcam_sys_ntp_start_stop
                0x000000000003ddfc                netcam_sys_init_maintain
                0x000000000003df2c                netcam_sys_get_name
                0x000000000003dfd0                netcam_sys_shell_result
 .text          0x000000000003e58c     0x1b7c build/arm11-gcc-uClibc-linux-gk7605v100/obj/src/video/netcam_video.o
                0x000000000003e8a4                netcam_video_get_channel_number
                0x000000000003e91c                netcam_video_init
                0x000000000003f048                netcam_video_convert_channel
                0x000000000003f0e0                netcam_video_get_map
                0x000000000003f264                netcam_video_get
                0x000000000003f2e8                netcam_video_set
                0x000000000003f430                netcam_video_snapshot
                0x000000000003f504                netcam_video_get_all_channel_par
                0x000000000003f540                netcam_video_cfg_save
                0x000000000003f5d4                netcam_video_exit
                0x000000000003f6f4                netcam_video_get_cfg_json_string
                0x000000000003f720                netcam_video_get_actual_fps
                0x000000000003f74c                netcam_video_check_alive
                0x000000000003f794                video_syn_cfg
                0x000000000003f9c0                video_syn_cfg_x
                0x000000000003fb78                netcam_video_set_stream_name
                0x000000000003fc08                netcam_adjust_bps
                0x000000000003fc2c                netcam_adjust_fps
                0x000000000003fc50                netcam_venc_set_h264_qp_config
                0x000000000003fd84                netcam_video_force_i_frame
                0x000000000003fda4                netcam_video_get_pic_format
 .text          0x0000000000040108     0x2148 build/arm11-gcc-uClibc-linux-gk7605v100/obj/src/video/netcam_video_web_stream.o
                0x00000000000405f0                tcp_destroy_client_recod
                0x00000000000407a8                tcp_init_client
                0x0000000000040918                tcp_client_usable_id
                0x000000000004121c                fillAVTPPacket
                0x0000000000041ea4                netcam_video_web_stream_init
 .text          0x0000000000042250      0x95c build/arm11-gcc-uClibc-linux-gk7605v100/obj/src/image/netcam_image.o
                0x0000000000042468                netcam_image_init
                0x00000000000424f4                netcam_iamge_ircut_auto_check
                0x0000000000042514                netcam_image_get_map
                0x00000000000425e0                netcam_image_get
                0x000000000004261c                netcam_image_set
                0x0000000000042930                netcam_image_set2
                0x0000000000042b28                netcam_image_cfg_save
                0x0000000000042b68                netcam_image_reset_default
 .text          0x0000000000042bac      0xc24 build/arm11-gcc-uClibc-linux-gk7605v100/obj/src/timer/netcam_timer.o
                0x0000000000042bac                timer_get_ms
                0x0000000000042c3c                netcam_timer_add_task
                0x0000000000042f74                netcam_timer_add_task2
                0x0000000000043308                netcam_timer_del_task
                0x0000000000043410                netcam_timer_del_task2
                0x00000000000436c0                netcam_timer_init
                0x0000000000043740                netcam_timer_destroy
 .text          0x00000000000437d0      0xa20 build/arm11-gcc-uClibc-linux-gk7605v100/obj/src/autolight/netcam_autolight.o
                0x00000000000440e4                netcam_autolight_init
                0x000000000004411c                netcam_autolight_get
                0x0000000000044154                netcam_autolight_set
                0x00000000000441b0                netcam_autolight_cfg_save
 .text          0x00000000000441f0     0x24f4 build/arm11-gcc-uClibc-linux-gk7605v100/obj/src/osd/netcam_osd.o
                0x0000000000044274                netcam_osd_init
                0x0000000000044388                netcam_osd_deinit
                0x0000000000044980                netcam_osd_update_clock
                0x0000000000044be0                netcam_osd_update_title
                0x0000000000044e24                netcam_osd_update_id
                0x000000000004560c                netcam_osd_text_copy
                0x0000000000045680                netcam_osd_set_title
                0x000000000004575c                netcam_osd_set_id
                0x000000000004583c                netcam_osd_pm_save
                0x0000000000045914                netcam_osd_cfg_json_string
                0x0000000000045a20                netcam_pm_get_cfg_json_string
                0x0000000000045b2c                netcam_osd_get_info
                0x0000000000045c68                netcam_osd_set_info
                0x0000000000045da0                netcam_osd_update_id_rect
                0x000000000004607c                netcam_osd_update_id_text
                0x0000000000046198                netcam_pm_init
                0x0000000000046314                netcam_pm_set_cover
                0x00000000000464c8                netcam_pm_get_cover
                0x0000000000046604                netcam_pm_exit_cover
 *fill*         0x00000000000466e4        0x4 1f2003d5
 .text.stub     0x00000000000466e8       0x10 linker stubs
 .text          0x00000000000476e8     0x6d54 build/arm11-gcc-uClibc-linux-gk7605v100/obj/src/http/netcam_http_web.o
                0x0000000000047d78                netcam_http_service
                0x000000000004de50                add_p2p_info
                0x000000000004e06c                netcam_http_web_init
 .text          0x000000000004e43c     0x3494 build/arm11-gcc-uClibc-linux-gk7605v100/obj/src/net/netcam_network.o
                0x000000000004f038                netcam_net_get_icute_number
                0x0000000000050194                netcam_net_register_smartlink
                0x00000000000501b0                netcam_net_private_smartlink
                0x00000000000501c4                netcam_net_wifi_getConfigHostAP
                0x00000000000501e0                netcam_net_wifi_setConfigHostAP
                0x00000000000501fc                netcam_net_wifi_get_scan_list
                0x0000000000050220                netcam_net_wifi_get_scan_list_ext
                0x0000000000050244                netcam_net_wifi_get_scan_list_ap
                0x0000000000050268                netcam_net_wifi_get_connect_info
                0x0000000000050284                netcam_net_wifi_probe
                0x0000000000050298                netcam_net_wifi_switchWorkMode
                0x00000000000502f4                netcam_net_set
                0x0000000000050440                netcam_net_getcfg
                0x0000000000050470                netcam_net_get
                0x0000000000050530                netcam_net_cfg_save
                0x0000000000050680                netcam_net_autotracking
                0x00000000000509f0                netcam_net_get_detect
                0x0000000000050a0c                netcam_net_wifi_isenbale
                0x0000000000050a1c                netcam_net_wifi_getWorkMode
                0x0000000000050a30                netcam_net_wifi_set_connect_info
                0x0000000000050a70                netcam_net_wifi_connect_test
                0x0000000000050c00                netcam_net_wifi_get_devname
                0x0000000000050c14                netcam_net_wifi_wps
                0x0000000000050c98                netcam_net_reset_net_ip
                0x0000000000050f8c                netcam_net_monitor
                0x00000000000510d0                netcam_net_wifi_isOn
                0x00000000000510e0                netcam_net_wifi_on
                0x0000000000051124                netcam_net_wifi_off
                0x0000000000051154                netcam_net_init
                0x0000000000051254                netcam_net_wifi_start
                0x00000000000513b4                netcam_net_wifi_init
                0x0000000000051720                netcam_net_exit
                0x0000000000051750                netcam_net_setwifi
 .text          0x00000000000518d0     0x1350 build/arm11-gcc-uClibc-linux-gk7605v100/obj/src/net/net_arp.o
                0x0000000000051adc                arp_send_packet
                0x0000000000052240                ARP_send_request
                0x00000000000523cc                ARP_query
                0x0000000000052528                ARP_get_arptable
                0x0000000000052724                RARP_send_request
                0x0000000000052868                arp_sock_new
                0x000000000005299c                arp_proc
                0x0000000000052bb4                ARP_listener_start
                0x0000000000052c0c                ARP_listener_stop
 .text          0x0000000000052c20      0xd9c build/arm11-gcc-uClibc-linux-gk7605v100/obj/src/net/net_dhcp.o
                0x0000000000052f98                get_ip_conflict_proc
                0x000000000005303c                NET_get_ip_conflict
                0x00000000000538fc                NET_adapt_ip
 .text          0x00000000000539bc      0x7f4 build/arm11-gcc-uClibc-linux-gk7605v100/obj/src/net/net_arping.o
                0x00000000000539bc                read_interface
                0x0000000000053c30                arpping
                0x0000000000054094                check_ip
 .text          0x00000000000541b0     0x24a0 build/arm11-gcc-uClibc-linux-gk7605v100/obj/src/ptz/netcam_ptz.o
                0x0000000000055574                netcam_ptz_init
                0x0000000000055894                netcam_ptz_exit
                0x0000000000055900                netcam_ptz_set_preset
                0x0000000000055ba0                netcam_ptz_clr_preset
                0x0000000000055ca8                netcam_ptz_start
                0x0000000000055ccc                netcam_ptz_up
                0x0000000000055d20                netcam_ptz_down
                0x0000000000055d74                netcam_ptz_left
                0x0000000000055dc8                netcam_ptz_right
                0x0000000000055e1c                netcam_ptz_left_up
                0x0000000000055f24                netcam_ptz_left_down
                0x000000000005602c                netcam_ptz_right_up
                0x0000000000056134                netcam_ptz_right_down
                0x000000000005623c                netcam_ptz_get_presets
                0x00000000000563f0                netcam_ptz_horizontal_cruise
                0x0000000000056418                netcam_ptz_vertical_cruise
                0x0000000000056440                netcam_ptz_hor_ver_cruise
                0x0000000000056468                netcam_ptz_preset_cruise
                0x00000000000565b8                netcam_ptz_stop
                0x00000000000565f0                netcam_ptz_ciruise_stop
                0x0000000000056614                netcam_ptz_is_moving
 .text.stub     0x0000000000056650       0x10 linker stubs
 .text          0x0000000000057650     0x13cc build/arm11-gcc-uClibc-linux-gk7605v100/obj/src/md/netcam_motion_detect.o
                0x00000000000577dc                md_light_close_delay
                0x0000000000057bf8                md_light_alarm
                0x0000000000057c9c                netcam_md_handle
                0x0000000000058288                netcam_md_enable
                0x000000000005831c                netcam_md_set_sensitivity_percentage
                0x00000000000583e0                netcam_md_set_sensitivity
                0x0000000000058438                netcam_md_get_sensitivity
                0x00000000000586d0                netcam_md_init
                0x0000000000058780                netcam_md_destroy
                0x0000000000058798                netcam_md_light_auto_start
                0x00000000000587f0                netcam_md_light_auto_stop
                0x000000000005883c                netcam_md_play_start_one
                0x0000000000058900                netcam_md_play_stop_one
                0x00000000000589d8                netcam_md_play_get_cnt
                0x00000000000589e8                netcam_md_get_md_light_status
                0x00000000000589f8                netcam_md_set_md_light_status
 .text          0x0000000000058a1c       0xb8 build/arm11-gcc-uClibc-linux-gk7605v100/obj/src/watchdog/netcam_watchdog.o
                0x0000000000058a5c                netcam_watchdog_feed
                0x0000000000058a7c                netcam_watchdog_init
                0x0000000000058aa4                netcam_watchdog_exit
                0x0000000000058ab8                netcam_watchdog_set_timeout
 .text          0x0000000000058ad4       0xec build/arm11-gcc-uClibc-linux-gk7605v100/obj/src/work_callback/system_handle.o
                0x0000000000058ad4                maintain_handle
 .text          0x0000000000058bc0     0x1b34 build/arm11-gcc-uClibc-linux-gk7605v100/obj/src/common_venc/loadbmp.o
                0x0000000000058bc0                osd_make_color_u16
                0x0000000000058ce0                get_bmp_info
                0x00000000000591cc                load_bmp
                0x0000000000059c70                load_bmp_ex
                0x000000000005a070                load_bmp_canvas
                0x000000000005a244                get_ext_name
                0x000000000005a2d4                load_image
                0x000000000005a374                load_image_ex
                0x000000000005a41c                load_canvas_ex
                0x000000000005a4c4                load_bit_map_to_surface
                0x000000000005a538                create_surface_by_bit_map
                0x000000000005a5fc                create_surface_by_canvas
 .text          0x000000000005a6f4     0x2dc8 build/arm11-gcc-uClibc-linux-gk7605v100/obj/src/common_venc/sample_comm_audio.o
                0x000000000005a880                sample_inner_codec_cfg_audio
                0x000000000005a9f0                sample_comm_audio_cfg_acodec
                0x000000000005acbc                sample_comm_audio_ai_proc
                0x000000000005b194                sample_comm_audio_aenc_proc
                0x000000000005b438                sample_comm_audio_adec_proc
                0x000000000005b5e4                sample_comm_audio_ao_vol_proc
                0x000000000005b86c                sample_comm_audio_creat_trd_ai_ao
                0x000000000005b990                sample_comm_audio_creat_trd_ai_aenc
                0x000000000005baa4                sample_comm_audio_creat_trd_aenc_adec
                0x000000000005bb98                sample_comm_audio_creat_trd_file_adec
                0x000000000005bc54                sample_comm_audio_creat_trd_ao_vol_ctrl
                0x000000000005bcfc                sample_comm_audio_destory_trd_ai
                0x000000000005bdcc                sample_comm_audio_destory_trd_aenc_adec
                0x000000000005be90                sample_comm_audio_destory_trd_file_adec
                0x000000000005bf54                sample_comm_audio_destory_trd_ao_vol_ctrl
                0x000000000005bff4                sample_comm_audio_ao_bind_adec
                0x000000000005c07c                sample_comm_audio_ao_unbind_adec
                0x000000000005c104                sample_comm_audio_ao_bind_ai
                0x000000000005c194                sample_comm_audio_ao_unbind_ai
                0x000000000005c224                sample_comm_audio_aenc_bind_ai
                0x000000000005c2ac                sample_comm_audio_aenc_unbind_ai
                0x000000000005c4b0                sample_comm_audio_start_ai
                0x000000000005c65c                sample_comm_audio_stop_ai
                0x000000000005c7d8                sample_comm_audio_start_ao
                0x000000000005c9cc                sample_comm_audio_start_ao_x
                0x000000000005cb54                sample_comm_audio_stop_ao
                0x000000000005cc94                sample_comm_audio_stop_ao_x
                0x000000000005cd78                sample_comm_audio_start_aenc
                0x000000000005cf5c                sample_comm_audio_stop_aenc
                0x000000000005cfd4                sample_comm_audio_destory_all_trd
                0x000000000005d150                sample_comm_audio_start_adec
                0x000000000005d2f4                sample_comm_audio_start_adec_x
                0x000000000005d468                sample_comm_audio_stop_adec
 .text          0x000000000005d4bc      0xc4c build/arm11-gcc-uClibc-linux-gk7605v100/obj/src/common_venc/sample_comm_isp.o
                0x000000000005d4bc                sample_comm_isp_get_pub_attr_by_sns
                0x000000000005d6a8                sample_comm_isp_get_sns_obj
                0x000000000005d754                sample_comm_get_sns_bus_type
                0x000000000005d768                sample_comm_isp_sensor_regiter_callback
                0x000000000005d8b0                sample_comm_isp_sensor_unregiter_callback
                0x000000000005da0c                sample_comm_isp_bind_sns
                0x000000000005db0c                sample_comm_isp_ae_lib_callback
                0x000000000005dbb8                sample_comm_isp_ae_lib_uncallback
                0x000000000005dc64                sample_comm_isp_awb_lib_callback
                0x000000000005dd10                sample_comm_isp_awb_lib_uncallback
                0x000000000005dea4                sample_comm_isp_sensor_founction_cfg
                0x000000000005df14                sample_comm_isp_mirror_flip_set
                0x000000000005dfe8                sample_comm_isp_run
                0x000000000005e070                sample_comm_isp_stop
                0x000000000005e0cc                sample_comm_all_isp_stop
 .text          0x000000000005e108      0x6fc build/arm11-gcc-uClibc-linux-gk7605v100/obj/src/common_venc/sample_comm_mipi_tx.o
                0x000000000005e494                sample_comm_start_mipi_tx
                0x000000000005e704                sample_comm_stop_mipi_tx
 .text          0x000000000005e804     0x32f4 build/arm11-gcc-uClibc-linux-gk7605v100/obj/src/common_venc/sample_comm_region.o
                0x000000000005ec0c                fil_bmp
                0x000000000005ecd8                region_mst_load_bmp
                0x000000000005eefc                region_mst_update_canvas
                0x000000000005f14c                sample_comm_region_get_min_handle
                0x000000000005f214                sample_region_create_overlay
                0x000000000005f4b8                sample_region_create_overlayex
                0x000000000005f5ac                sample_region_create_cover
                0x000000000005f678                sample_region_create_coverex
                0x000000000005f744                sample_region_create_line
                0x000000000005f810                sample_region_create_mosaic
                0x000000000005f8dc                sample_region_create_mosaicex
                0x000000000005f9a8                sample_region_create_corner_rectex
                0x000000000005fa74                sample_region_destroy
                0x000000000005fad4                sample_region_attach_to_chn
                0x000000000005fb44                sample_region_detach_from_chn
                0x000000000005fbac                sample_region_set_bit_map
                0x000000000005fc14                sample_region_get_up_canvas_info
                0x000000000005fcc4                sample_comm_region_create
                0x000000000005fe74                sample_comm_region_destroy
                0x000000000005ff8c                sample_comm_region_attach_check
                0x0000000000060130                sample_region_set_overlay_chn_attr
                0x00000000000602ec                sample_region_set_overlayex_chn_attr
                0x0000000000060644                sample_region_set_cover_chn_attr
                0x00000000000609c4                sample_region_set_coverex_chn_attr
                0x0000000000060bf4                sample_region_set_corner_rectex_chn_attr
                0x0000000000061200                sample_region_set_mosaicex_chn_attr
                0x000000000006131c                sample_region_set_chn_attr
                0x0000000000061450                sample_comm_region_attach_to_chn
                0x0000000000061530                sample_comm_check_min
                0x0000000000061564                sample_comm_region_detach_frm_chn
                0x0000000000061704                sample_comm_region_set_bit_map
                0x0000000000061984                sample_comm_region_get_up_canvas
 .text          0x0000000000061af8     0x1864 build/arm11-gcc-uClibc-linux-gk7605v100/obj/src/common_venc/sample_comm_sys.o
                0x0000000000061af8                sample_sys_signal
                0x0000000000061ba0                sample_sys_io_mmap
                0x0000000000061ce0                sample_sys_munmap
                0x0000000000061d40                sample_sys_set_reg
                0x0000000000061da0                sample_sys_get_reg
                0x0000000000061e1c                sample_comm_sys_get_pic_size
                0x0000000000061ee8                sample_comm_sys_get_pic_enum
                0x00000000000620d4                sample_comm_sys_mem_config
                0x0000000000062120                sample_comm_sys_init
                0x0000000000062240                sample_comm_sys_init_with_vb_supplement
                0x00000000000623e4                sample_comm_sys_exit
                0x0000000000062408                sample_comm_vi_bind_vo
                0x00000000000624d8                sample_comm_vi_un_bind_vo
                0x00000000000625a8                sample_comm_vi_bind_vpss
                0x0000000000062678                sample_comm_vi_un_bind_vpss
                0x0000000000062748                sample_comm_vi_bind_venc
                0x0000000000062810                sample_comm_vi_un_bind_venc
                0x00000000000628d8                sample_comm_avs_bind_venc
                0x00000000000629a0                sample_comm_avs_un_bind_venc
                0x0000000000062a68                sample_comm_avs_bind_vo
                0x0000000000062b38                sample_comm_avs_un_bind_vo
                0x0000000000062c08                sample_comm_vpss_bind_vo
                0x0000000000062cd8                sample_comm_vpss_un_bind_vo
                0x0000000000062da8                sample_comm_vpss_bind_avs
                0x0000000000062e78                sample_comm_vpss_un_bind_avs
                0x0000000000062f48                sample_comm_vpss_bind_venc
                0x0000000000063010                sample_comm_vpss_un_bind_venc
                0x00000000000630d8                sample_comm_vdec_bind_vpss
                0x0000000000063198                sample_comm_vdec_un_bind_vpss
                0x0000000000063258                sample_comm_vo_bind_vo
                0x00000000000632e8                sample_comm_vo_un_bind_vo
 .text          0x000000000006335c     0x398c build/arm11-gcc-uClibc-linux-gk7605v100/obj/src/common_venc/sample_comm_vdec.o
                0x00000000000637f0                sample_comm_vdec_print_chn_status
                0x0000000000063890                sample_comm_vdec_get_lowdelay_en
                0x00000000000638a0                sample_comm_vdec_set_lowdelay_en
                0x00000000000638c4                sample_comm_vdec_init_user_vb_pool
                0x0000000000063af4                sample_comm_handle_init_vb_fail
                0x0000000000063c18                sample_comm_vdec_cal_vb_size
                0x0000000000064014                sample_comm_vdec_config_vb_pool
                0x00000000000644b4                sample_comm_vdec_init_vb_pool
                0x00000000000646a8                sample_comm_vdec_exit_user_vb_pool
                0x00000000000647b8                sample_comm_vdec_exit_vb_pool
                0x0000000000064808                sample_comm_vdec_send_h264_frame_process
                0x0000000000064b88                sample_comm_vdec_send_mpeg4_frame_process
                0x0000000000064dd8                sample_comm_vdec_send_h265_frame_process
                0x00000000000650fc                sample_comm_vdec_send_jpeg_frame_process
                0x0000000000065364                sample_comm_vdec_cut_frame
                0x00000000000654f8                sample_comm_vdec_send_stream_proc
                0x0000000000065684                sample_comm_vdec_handle_send_stream
                0x000000000006583c                sample_comm_vdec_send_stream_process
                0x0000000000065a68                sample_comm_vdec_check_send_stream_param
                0x0000000000065c2c                sample_comm_vdec_send_stream
                0x0000000000065ea0                sample_comm_vdec_cmd_not_circle_send
                0x00000000000660b4                sample_comm_vdec_start_send_stream
                0x00000000000661ac                sample_comm_vdec_stop_send_stream
                0x00000000000662c0                sample_comm_vdec_config_attr
                0x0000000000066494                sample_comm_config_ldy_attr
                0x0000000000066630                sample_comm_vdec_start
                0x0000000000066bf4                sample_comm_vdec_stop
 .text          0x0000000000066ce8     0xa53c build/arm11-gcc-uClibc-linux-gk7605v100/obj/src/common_venc/sample_comm_venc.o
                0x00000000000674c4                sample_comm_venc_mem_config
                0x0000000000067590                sample_comm_venc_get_file_postfix
                0x00000000000676ac                sample_comm_venc_get_gop_attr
                0x00000000000677d0                sample_comm_venc_get_dcf_info
                0x0000000000067a48                sample_comm_venc_save_stream
                0x0000000000067ed4                sample_comm_venc_save_stream_phys_addr
                0x000000000006817c                sample_comm_venc_close_reencode
                0x000000000006b3d0                sample_comm_venc_create
                0x000000000006b56c                sample_comm_venc_create_x
                0x000000000006b6fc                sample_comm_venc_start
                0x000000000006b7f0                sample_comm_venc_stop
                0x000000000006b898                sample_comm_venc_snap_start
                0x000000000006ba54                sample_comm_venc_photo_start
                0x000000000006bbc4                sample_comm_venc_snap_stop
                0x000000000006c1bc                sample_comm_venc_snap_process
                0x000000000006c454                sample_comm_venc_save_jpeg
                0x000000000006d1e0                sample_comm_qpmap_send_frame_proc
                0x000000000006d51c                sample_comm_venc_qpmap_send_frame
                0x000000000006d86c                sample_venc_process_jpeg_roi
                0x000000000006df50                sample_comm_send_roimap_frame_proc
                0x000000000006e35c                sample_comm_venc_send_roimap_frame
                0x000000000006f094                sample_comm_venc_get_venc_stream_proc
                0x000000000006f3e0                sample_comm_venc_set_region
                0x000000000006f638                sample_comm_venc_set_svc_param
                0x000000000006f848                sample_comm_venc_rateauto_stream_proc
                0x00000000000705a4                sample_comm_venc_get_venc_stream_proc_svc_t
                0x00000000000708d4                sample_comm_venc_start_get_stream
                0x0000000000070990                sample_comm_venc_rateauto_start
                0x0000000000070a94                sample_comm_venc_start_get_stream_svc_t
                0x0000000000070af0                sample_comm_venc_stop_get_stream
                0x0000000000070ba0                sample_comm_venc_stop_get_stream_x
                0x0000000000070c64                sample_comm_venc_stop_send_qpmap_frame
                0x0000000000070cac                sample_comm_venc_stop_send_roimap_frame
                0x0000000000070cf4                sample_comm_venc_stop_rateauto
                0x0000000000070fc0                sample_comm_venc_plan_to_semi
 .text          0x0000000000071224     0x8018 build/arm11-gcc-uClibc-linux-gk7605v100/obj/src/common_venc/sample_comm_vi.o
                0x00000000000729bc                sample_comm_vi_get_size_by_sns_type
                0x0000000000072a98                sample_comm_vi_get_obheight_by_sns_type
                0x0000000000072c0c                sample_comm_vi_get_default_sns_info
                0x0000000000072c4c                sample_comm_vi_get_default_mipi_info
                0x0000000000072ca0                sample_comm_vi_get_mipi_info_by_dev_id
                0x0000000000072d10                sample_comm_vi_get_default_dev_info
                0x0000000000072f28                sample_comm_vi_get_default_pipe_info
                0x00000000000734dc                sample_comm_vi_init_pipe_info
                0x0000000000073a5c                sample_comm_vi_get_default_vi_cfg
                0x0000000000073b08                sample_comm_vi_init_vi_cfg
                0x0000000000073bc0                sample_comm_vi_set_vi_vpss_mode
                0x0000000000075440                sample_comm_vi_start_vi
                0x0000000000075688                sample_comm_vi_stop_vi
                0x0000000000075704                sample_comm_vi_mode_switch_stop_vi
                0x0000000000075974                sample_comm_vi_mode_switch_start_vi
                0x0000000000075f54                sample_comm_vi_switch_isp_mode
                0x0000000000076224                sample_comm_vi_switch_isp_resolution
                0x0000000000076510                sample_comm_vi_stop_four_vi
                0x00000000000769a0                sample_comm_vi_free_frame_blk
                0x0000000000076a68                sample_comm_vi_get_frame_blk
                0x0000000000076c1c                sample_comm_vi_release_frame_blk
                0x0000000000076fc4                sample_comm_vi_save_fpn_file
                0x00000000000775b8                sample_comm_vi_fpn_calibrate
                0x00000000000778d8                sample_comm_vi_enable_fpn_correction
                0x0000000000077b00                sample_comm_vi_enable_fpn_correction_for_scene
                0x0000000000077dd8                sample_comm_vi_disable_fpn_correction
                0x0000000000077ed4                sample_comm_vi_start_virt_pipe
                0x0000000000077fa8                sample_comm_vi_stop_virt_pipe
                0x00000000000789a4                sample_common_vi_load_user_pic
                0x0000000000078abc                sample_common_vi_unload_user_pic
                0x0000000000079168                sample_comm_vi_send_wdr_frame
 .text          0x000000000007923c     0x2464 build/arm11-gcc-uClibc-linux-gk7605v100/obj/src/common_venc/sample_comm_vo.o
                0x000000000007923c                sample_comm_vo_get_width_height
                0x0000000000079380                sample_comm_vo_start_dev
                0x000000000007956c                sample_comm_vo_stop_dev
                0x00000000000795cc                sample_comm_vo_start_layer
                0x00000000000796a8                sample_comm_vo_stop_layer
                0x0000000000079708                sample_comm_vo_get_wnd_info
                0x0000000000079848                sample_comm_vo_get_chn_attr
                0x0000000000079a6c                sample_comm_vo_start_chn
                0x0000000000079c84                sample_comm_vo_stop_chn
                0x0000000000079f68                sample_comm_vo_start_wbc
                0x000000000007a084                sample_comm_vo_stop_wbc
                0x000000000007a0d0                sample_comm_vo_get_def_wbc_config
                0x000000000007a174                sample_comm_vo_bt1120_start
                0x000000000007a1d0                sample_comm_vo_hdmi_start
                0x000000000007a398                sample_comm_vo_hdmi_stop
                0x000000000007a478                vo_get_dev_timing
                0x000000000007a4c8                vo_get_dev_user_sync_info
                0x000000000007a5b8                sample_comm_vo_get_def_config
                0x000000000007a9c4                sample_comm_vo_set_hdmi_rgb_mode
                0x000000000007a9f8                sample_comm_vo_start_vo
                0x000000000007acc4                sample_comm_vo_start_pip
                0x000000000007af10                sample_comm_vo_stop_vo
                0x000000000007b060                sample_comm_vo_stop_pip
                0x000000000007b140                sample_comm_vo_get_def_layer_config
                0x000000000007b438                sample_comm_vo_start_layer_chn
                0x000000000007b5bc                sample_comm_vo_stop_layer_chn
 .text          0x000000000007b6a0      0x634 build/arm11-gcc-uClibc-linux-gk7605v100/obj/src/common_venc/sample_comm_vpss.o
                0x000000000007b6a0                sample_comm_vpss_get_default_grp_attr
                0x000000000007b760                sample_comm_vpss_get_default_chn_attr
                0x000000000007b9b8                sample_common_vpss_start
                0x000000000007bb6c                sample_common_vpss_stop
 .text          0x000000000007bcd4     0x4184 build/arm11-gcc-uClibc-linux-gk7605v100/obj/src/venc_audio/sample_audio.o
                0x000000000007c5c4                sample_comm_audio_ai_ext_res_proc
                0x000000000007c878                sample_comm_audio_creat_trd_ai_ext_res
                0x000000000007c9ac                sample_comm_audio_destroy_trd_ai_ext_res
                0x000000000007d404                sample_audio_set_ai_vqe_param
                0x000000000007d53c                sample_audio_adec_ao_inner
                0x000000000007d648                sample_audio_adec_ao
                0x000000000007d77c                sample_audio_ai_aenc_init_param
                0x000000000007d86c                sample_audio_aenc_bind_ai
                0x000000000007d9b4                sample_audio_aenc_unbind_ai
                0x000000000007dddc                sample_audio_ai_aenc_inner
                0x000000000007e4fc                sample_audio_ai_to_ext_resample
                0x000000000007eafc                sample_audio_ai_ao
                0x000000000007ef68                sample_audio_ai_to_ao_sys_chn
                0x000000000007f678                sample_audio_ai_vqe_process_ao
                0x000000000007fa70                sample_audio_ai_hdmi_ao
                0x000000000007fcf4                sample_audio_usage
 .text          0x000000000007fe58     0x4814 build/arm11-gcc-uClibc-linux-gk7605v100/obj/src/venc_audio/sample_venc_aenc.o
                0x0000000000081064                SAMPLE_COMM_AUDIO_AencProc_new
                0x00000000000815fc                string_to_bmp
                0x0000000000081894                bitmap_update
                0x0000000000081910                osd_ttf_task
                0x0000000000081a38                RGN_AddOsdToVenc
                0x0000000000083270                VENC_GetVencStreamProc
                0x000000000008394c                sample_venc_start_svp_x
                0x0000000000083ef0                load_pq_bin
                0x0000000000084474                rtsp_reboot
                0x0000000000084594                venc_audio_start
 *fill*         0x000000000008466c        0x4 1f2003d5
 .text.stub     0x0000000000084670       0x10 linker stubs
 .text          0x0000000000085670     0x34e8 build/arm11-gcc-uClibc-linux-gk7605v100/obj/src/venc_audio/adp/audio_aac_adp.o
                0x0000000000085808                aac_deinit_enc_lib
                0x00000000000858b0                aacenc_get_version_adp
                0x000000000008591c                aac_init_default_config_adp
                0x0000000000085988                aac_encoder_open_adp
                0x00000000000859fc                aac_encoder_frame_adp
                0x0000000000085a80                aac_encoder_close_adp
                0x0000000000085bac                aac_deinit_dec_lib
                0x0000000000085c54                aacdec_get_version_adp
                0x0000000000085cc0                aac_init_decoder_adp
                0x0000000000085d28                aac_free_decoder_adp
                0x0000000000085d8c                aac_set_raw_mode_adp
                0x0000000000085e08                aac_decode_find_sync_header_adp
                0x0000000000085e84                aac_decode_frame_adp
                0x0000000000085f08                aac_get_last_frame_info_adp
                0x0000000000085f7c                aac_decoder_set_eos_flag_adp
                0x0000000000085ff0                aac_flush_codec_adp
                0x0000000000087790                aenc_aac_check_config
                0x0000000000087ba4                open_aac_encoder
                0x00000000000880bc                encode_aac_frm
                0x00000000000881fc                close_aac_encoder
                0x0000000000088248                open_aac_decoder
                0x0000000000088418                decode_aac_frm
                0x0000000000088670                get_aac_frm_info
                0x0000000000088790                close_aac_decoder
                0x00000000000887dc                reset_aac_decoder
                0x0000000000088878                ss_mpi_aenc_aac_init
                0x00000000000889a0                ss_mpi_aenc_aac_deinit
                0x00000000000889e0                ss_mpi_adec_aac_init
                0x0000000000088b18                ss_mpi_adec_aac_deinit
 .text          0x0000000000088b58      0x16c build/arm11-gcc-uClibc-linux-gk7605v100/obj/src/venc_audio/adp/audio_dl_adp.o
                0x0000000000088b58                audio_dlpath
                0x0000000000088b6c                audio_dlopen
                0x0000000000088bf0                audio_dlsym
                0x0000000000088c84                audio_dlclose
 .text          0x0000000000088cc4       0xd4 build/arm11-gcc-uClibc-linux-gk7605v100/obj/src/svp_rtsp/ive/sample_ive_main.o
                0x0000000000088cf8                svp_main
 .text          0x0000000000088d98     0x15d4 build/arm11-gcc-uClibc-linux-gk7605v100/obj/src/svp_rtsp/ive/sample/sample_ive_md.o
                0x00000000000893f0                udp_recv_thread
                0x00000000000897c8                start_udp_server
                0x000000000008a1c0                sample_ive_md
                0x000000000008a354                sample_ive_md_handle_sig
 .text          0x000000000008a36c     0x1e4c build/arm11-gcc-uClibc-linux-gk7605v100/obj/src/svp_rtsp/common/sample_common_ive.o
                0x000000000008a36c                sample_common_ive_check_mpi_init
                0x000000000008a3f4                sample_common_ive_mpi_init
                0x000000000008a468                sample_common_ive_mpi_exit
                0x000000000008a690                sample_common_ive_read_file
                0x000000000008aaa0                sample_common_ive_write_file
                0x000000000008ade8                sample_common_ive_calc_stride
                0x000000000008b0b4                sample_common_ive_blob_to_rect
                0x000000000008bc04                sample_common_ive_create_image
                0x000000000008bc3c                sample_common_ive_create_mem_info
                0x000000000008bd78                sample_common_ive_create_image_by_cached
                0x000000000008bdb0                sample_common_ive_dma_image
 .text          0x000000000008c1b8     0x3b54 build/arm11-gcc-uClibc-linux-gk7605v100/obj/src/svp_rtsp/common/sample_common_svp.o
                0x000000000008d554                sample_common_svp_check_sys_init
                0x000000000008d618                sample_common_svp_check_sys_exit
                0x000000000008d6d8                sample_common_svp_align
                0x000000000008d7e0                sample_common_svp_create_mem_info
                0x000000000008d920                sample_common_svp_destroy_mem_info
                0x000000000008d9e4                sample_common_svp_malloc_mem
                0x000000000008dad0                sample_common_svp_malloc_cached
                0x000000000008dbbc                sample_common_svp_flush_cache
                0x000000000008df8c                sample_common_svp_vgs_fill_rect_changecolor
                0x000000000008e424                sample_common_svp_vgs_fill_rect
                0x000000000008eba8                sample_common_svp_start_vo
                0x000000000008ec14                sample_common_svp_stop_vo
                0x000000000008f2c8                sample_common_svp_start_vi_vpss_venc_vo
                0x000000000008f730                sample_common_svp_stop_vi_vpss_venc_vo
                0x000000000008f90c                sample_comm_svp_load_core_binary
                0x000000000008fc40                sample_comm_svp_unload_core_binary
 .text          0x000000000008fd0c     0x1a98 build/arm11-gcc-uClibc-linux-gk7605v100/obj/src/ntpclient/ntp_client.o
                0x00000000000914f8                start_ntp_client
                0x000000000009163c                ntpc_enable
                0x0000000000091674                ntpc_disable
                0x00000000000916a4                ntpc_set_addr
                0x0000000000091768                ntpc_set_synctime
 .text          0x00000000000917a4     0x50dc build/arm11-gcc-uClibc-linux-gk7605v100/obj/src/bplustree/bplustree.o
                0x0000000000091918                _get_block_size
                0x00000000000956e0                bplus_tree_get
                0x0000000000095704                bplus_tree_put
                0x000000000009576c                bplus_tree_get_range
                0x00000000000959b0                bplus_open
                0x00000000000959d4                bplus_close
                0x0000000000095c88                bplus_refresh_boot
                0x0000000000095dcc                bplus_tree_init
                0x0000000000096268                bplus_tree_deinit
                0x0000000000096674                bplus_tree_dump
 .text          0x0000000000096880       0x10 /opt/linux/x86-arm/aarch64-mix210-linux/host_bin/../target/usr/lib/libc_nonshared.a(fstat.oS)
                0x0000000000096880                __fstat
                0x0000000000096880                fstat
 .text          0x0000000000096890        0x0 /opt/linux/x86-arm/aarch64-mix210-linux/host_bin/../lib/gcc/aarch64-linux-gnu/7.3.0/crtendS.o
 .text          0x0000000000096890        0x0 /opt/linux/x86-arm/aarch64-mix210-linux/host_bin/../target/usr/lib/crtn.o
 *(.gnu.warning)

.fini           0x0000000000096890       0x10
 *(SORT_NONE(.fini))
 .fini          0x0000000000096890        0x8 /opt/linux/x86-arm/aarch64-mix210-linux/host_bin/../target/usr/lib/crti.o
                0x0000000000096890                _fini
 .fini          0x0000000000096898        0x8 /opt/linux/x86-arm/aarch64-mix210-linux/host_bin/../target/usr/lib/crtn.o
                [!provide]                        PROVIDE (__etext = .)
                [!provide]                        PROVIDE (_etext = .)
                [!provide]                        PROVIDE (etext = .)

.rodata         0x00000000000968a0    0x17bb9
 *(.rodata .rodata.* .gnu.linkonce.r.*)
 .rodata        0x00000000000968a0      0x3ec build/arm11-gcc-uClibc-linux-gk7605v100/obj/src/rtsp/gk_rtsp.o
 *fill*         0x0000000000096c8c        0x4 
 .rodata        0x0000000000096c90      0x375 build/arm11-gcc-uClibc-linux-gk7605v100/obj/src/factory_test/factory_test.o
 *fill*         0x0000000000097005        0x3 
 .rodata        0x0000000000097008      0x55d build/arm11-gcc-uClibc-linux-gk7605v100/obj/src/gkvision/gkvision.o
 *fill*         0x0000000000097565        0x3 
 .rodata        0x0000000000097568      0xb1d build/arm11-gcc-uClibc-linux-gk7605v100/obj/src/third/gb28181/ite_gb28181_rtp.o
 *fill*         0x0000000000098085        0x3 
 .rodata        0x0000000000098088     0x443a build/arm11-gcc-uClibc-linux-gk7605v100/obj/src/third/gb28181/ite_gb28181_sip.o
 *fill*         0x000000000009c4c2        0x6 
 .rodata        0x000000000009c4c8      0x65a build/arm11-gcc-uClibc-linux-gk7605v100/obj/src/third/gb28181/ite_gb28181_app.o
 *fill*         0x000000000009cb22        0x6 
 .rodata        0x000000000009cb28      0x621 build/arm11-gcc-uClibc-linux-gk7605v100/obj/src/third/gb28181/ite_gb28181_playback.o
 *fill*         0x000000000009d149        0x7 
 .rodata        0x000000000009d150      0x296 build/arm11-gcc-uClibc-linux-gk7605v100/obj/src/common/main.o
 *fill*         0x000000000009d3e6        0x2 
 .rodata        0x000000000009d3e8      0x7d5 build/arm11-gcc-uClibc-linux-gk7605v100/obj/src/common/netcam_sys.o
 *fill*         0x000000000009dbbd        0x3 
 .rodata        0x000000000009dbc0      0x4e3 build/arm11-gcc-uClibc-linux-gk7605v100/obj/src/video/netcam_video.o
 *fill*         0x000000000009e0a3        0x5 
 .rodata        0x000000000009e0a8      0x85f build/arm11-gcc-uClibc-linux-gk7605v100/obj/src/video/netcam_video_web_stream.o
 *fill*         0x000000000009e907        0x1 
 .rodata        0x000000000009e908       0xb6 build/arm11-gcc-uClibc-linux-gk7605v100/obj/src/image/netcam_image.o
 *fill*         0x000000000009e9be        0x2 
 .rodata        0x000000000009e9c0      0x10d build/arm11-gcc-uClibc-linux-gk7605v100/obj/src/timer/netcam_timer.o
 *fill*         0x000000000009eacd        0x3 
 .rodata        0x000000000009ead0      0x289 build/arm11-gcc-uClibc-linux-gk7605v100/obj/src/autolight/netcam_autolight.o
 *fill*         0x000000000009ed59        0x7 
 .rodata        0x000000000009ed60      0x37d build/arm11-gcc-uClibc-linux-gk7605v100/obj/src/osd/netcam_osd.o
 *fill*         0x000000000009f0dd        0x3 
 .rodata        0x000000000009f0e0     0x1650 build/arm11-gcc-uClibc-linux-gk7605v100/obj/src/http/netcam_http_web.o
 .rodata        0x00000000000a0730      0xf57 build/arm11-gcc-uClibc-linux-gk7605v100/obj/src/net/netcam_network.o
 *fill*         0x00000000000a1687        0x1 
 .rodata        0x00000000000a1688      0x1e8 build/arm11-gcc-uClibc-linux-gk7605v100/obj/src/net/net_arp.o
 .rodata        0x00000000000a1870      0x170 build/arm11-gcc-uClibc-linux-gk7605v100/obj/src/net/net_dhcp.o
 .rodata        0x00000000000a19e0      0x1fa build/arm11-gcc-uClibc-linux-gk7605v100/obj/src/net/net_arping.o
 *fill*         0x00000000000a1bda        0x6 
 .rodata        0x00000000000a1be0      0x4a2 build/arm11-gcc-uClibc-linux-gk7605v100/obj/src/ptz/netcam_ptz.o
 *fill*         0x00000000000a2082        0x6 
 .rodata        0x00000000000a2088      0x54c build/arm11-gcc-uClibc-linux-gk7605v100/obj/src/md/netcam_motion_detect.o
 *fill*         0x00000000000a25d4        0x4 
 .rodata        0x00000000000a25d8       0xd8 build/arm11-gcc-uClibc-linux-gk7605v100/obj/src/work_callback/system_handle.o
 .rodata        0x00000000000a26b0      0x2c8 build/arm11-gcc-uClibc-linux-gk7605v100/obj/src/common_venc/loadbmp.o
 .rodata        0x00000000000a2978      0xe34 build/arm11-gcc-uClibc-linux-gk7605v100/obj/src/common_venc/sample_comm_audio.o
 *fill*         0x00000000000a37ac        0x4 
 .rodata        0x00000000000a37b0      0x267 build/arm11-gcc-uClibc-linux-gk7605v100/obj/src/common_venc/sample_comm_isp.o
 *fill*         0x00000000000a3a17        0x1 
 .rodata        0x00000000000a3a18      0x5a1 build/arm11-gcc-uClibc-linux-gk7605v100/obj/src/common_venc/sample_comm_mipi_tx.o
 *fill*         0x00000000000a3fb9        0x7 
 .rodata        0x00000000000a3fc0      0x921 build/arm11-gcc-uClibc-linux-gk7605v100/obj/src/common_venc/sample_comm_region.o
 *fill*         0x00000000000a48e1        0x7 
 .rodata        0x00000000000a48e8      0x686 build/arm11-gcc-uClibc-linux-gk7605v100/obj/src/common_venc/sample_comm_sys.o
 *fill*         0x00000000000a4f6e        0x2 
 .rodata        0x00000000000a4f70      0x99e build/arm11-gcc-uClibc-linux-gk7605v100/obj/src/common_venc/sample_comm_vdec.o
 *fill*         0x00000000000a590e        0x2 
 .rodata        0x00000000000a5910     0x1657 build/arm11-gcc-uClibc-linux-gk7605v100/obj/src/common_venc/sample_comm_venc.o
                0x00000000000a5910                g_soi
                0x00000000000a5918                g_eoi
 *fill*         0x00000000000a6f67        0x1 
 .rodata        0x00000000000a6f68     0x1417 build/arm11-gcc-uClibc-linux-gk7605v100/obj/src/common_venc/sample_comm_vi.o
 *fill*         0x00000000000a837f        0x1 
 .rodata        0x00000000000a8380      0x8d6 build/arm11-gcc-uClibc-linux-gk7605v100/obj/src/common_venc/sample_comm_vo.o
 *fill*         0x00000000000a8c56        0x2 
 .rodata        0x00000000000a8c58      0x210 build/arm11-gcc-uClibc-linux-gk7605v100/obj/src/common_venc/sample_comm_vpss.o
 .rodata        0x00000000000a8e68      0xcc0 build/arm11-gcc-uClibc-linux-gk7605v100/obj/src/venc_audio/sample_audio.o
 .rodata        0x00000000000a9b28      0x993 build/arm11-gcc-uClibc-linux-gk7605v100/obj/src/venc_audio/sample_venc_aenc.o
 *fill*         0x00000000000aa4bb        0x5 
 .rodata        0x00000000000aa4c0      0xb05 build/arm11-gcc-uClibc-linux-gk7605v100/obj/src/venc_audio/adp/audio_aac_adp.o
 *fill*         0x00000000000aafc5        0x3 
 .rodata        0x00000000000aafc8       0x51 build/arm11-gcc-uClibc-linux-gk7605v100/obj/src/venc_audio/adp/audio_dl_adp.o
 *fill*         0x00000000000ab019        0x7 
 .rodata        0x00000000000ab020      0x63b build/arm11-gcc-uClibc-linux-gk7605v100/obj/src/svp_rtsp/ive/sample/sample_ive_md.o
                0x00000000000ab24c                PORT
 *fill*         0x00000000000ab65b        0x5 
 .rodata        0x00000000000ab660      0xbcc build/arm11-gcc-uClibc-linux-gk7605v100/obj/src/svp_rtsp/common/sample_common_ive.o
 *fill*         0x00000000000ac22c        0x4 
 .rodata        0x00000000000ac230     0x175b build/arm11-gcc-uClibc-linux-gk7605v100/obj/src/svp_rtsp/common/sample_common_svp.o
 *fill*         0x00000000000ad98b        0x5 
 .rodata        0x00000000000ad990      0x609 build/arm11-gcc-uClibc-linux-gk7605v100/obj/src/ntpclient/ntp_client.o
 *fill*         0x00000000000adf99        0x7 
 .rodata        0x00000000000adfa0      0x4b9 build/arm11-gcc-uClibc-linux-gk7605v100/obj/src/bplustree/bplustree.o

.rodata1
 *(.rodata1)

.eh_frame_hdr   0x00000000000ae45c     0x2674
 *(.eh_frame_hdr)
 .eh_frame_hdr  0x00000000000ae45c     0x2674 /opt/linux/x86-arm/aarch64-mix210-linux/host_bin/../lib/gcc/aarch64-linux-gnu/7.3.0/crtbeginS.o
                0x00000000000ae45c                __GNU_EH_FRAME_HDR
 *(.eh_frame_entry .eh_frame_entry.*)

.eh_frame       0x00000000000b0ad0     0xa820
 *(.eh_frame)
 .eh_frame      0x00000000000b0ad0       0x78 /opt/linux/x86-arm/aarch64-mix210-linux/host_bin/../lib/gcc/aarch64-linux-gnu/7.3.0/crtbeginS.o
 .eh_frame      0x00000000000b0b48      0x210 build/arm11-gcc-uClibc-linux-gk7605v100/obj/src/rtsp/gk_rtsp.o
                                        0x228 (size before relaxing)
 .eh_frame      0x00000000000b0d58      0x220 build/arm11-gcc-uClibc-linux-gk7605v100/obj/src/factory_test/factory_test.o
                                        0x230 (size before relaxing)
 .eh_frame      0x00000000000b0f78      0x250 build/arm11-gcc-uClibc-linux-gk7605v100/obj/src/gkvision/gkvision.o
                                        0x260 (size before relaxing)
 .eh_frame      0x00000000000b11c8      0x7d0 build/arm11-gcc-uClibc-linux-gk7605v100/obj/src/third/gb28181/ite_gb28181_rtp.o
                                        0x7e0 (size before relaxing)
 .eh_frame      0x00000000000b1998      0x508 build/arm11-gcc-uClibc-linux-gk7605v100/obj/src/third/gb28181/ite_gb28181_sip.o
                                        0x518 (size before relaxing)
 .eh_frame      0x00000000000b1ea0      0x3b0 build/arm11-gcc-uClibc-linux-gk7605v100/obj/src/third/gb28181/ite_gb28181_app.o
                                        0x3c0 (size before relaxing)
 .eh_frame      0x00000000000b2250      0x308 build/arm11-gcc-uClibc-linux-gk7605v100/obj/src/third/gb28181/ite_gb28181_playback.o
                                        0x320 (size before relaxing)
 .eh_frame      0x00000000000b2558      0x148 build/arm11-gcc-uClibc-linux-gk7605v100/obj/src/common/main.o
                                        0x160 (size before relaxing)
 .eh_frame      0x00000000000b26a0      0x2c8 build/arm11-gcc-uClibc-linux-gk7605v100/obj/src/common/netcam_sys.o
                                        0x2e0 (size before relaxing)
 .eh_frame      0x00000000000b2968      0x358 build/arm11-gcc-uClibc-linux-gk7605v100/obj/src/video/netcam_video.o
                                        0x370 (size before relaxing)
 .eh_frame      0x00000000000b2cc0      0x270 build/arm11-gcc-uClibc-linux-gk7605v100/obj/src/video/netcam_video_web_stream.o
                                        0x288 (size before relaxing)
 .eh_frame      0x00000000000b2f30      0x1a0 build/arm11-gcc-uClibc-linux-gk7605v100/obj/src/image/netcam_image.o
                                        0x1b0 (size before relaxing)
 .eh_frame      0x00000000000b30d0      0x118 build/arm11-gcc-uClibc-linux-gk7605v100/obj/src/timer/netcam_timer.o
                                        0x130 (size before relaxing)
 .eh_frame      0x00000000000b31e8      0x148 build/arm11-gcc-uClibc-linux-gk7605v100/obj/src/autolight/netcam_autolight.o
                                        0x158 (size before relaxing)
 .eh_frame      0x00000000000b3330      0x340 build/arm11-gcc-uClibc-linux-gk7605v100/obj/src/osd/netcam_osd.o
                                        0x358 (size before relaxing)
 .eh_frame      0x00000000000b3670      0x6a0 build/arm11-gcc-uClibc-linux-gk7605v100/obj/src/http/netcam_http_web.o
                                        0x6b8 (size before relaxing)
 .eh_frame      0x00000000000b3d10      0x768 build/arm11-gcc-uClibc-linux-gk7605v100/obj/src/net/netcam_network.o
                                        0x778 (size before relaxing)
 .eh_frame      0x00000000000b4478      0x190 build/arm11-gcc-uClibc-linux-gk7605v100/obj/src/net/net_arp.o
                                        0x1a8 (size before relaxing)
 .eh_frame      0x00000000000b4608      0x118 build/arm11-gcc-uClibc-linux-gk7605v100/obj/src/net/net_dhcp.o
                                        0x130 (size before relaxing)
 .eh_frame      0x00000000000b4720       0x70 build/arm11-gcc-uClibc-linux-gk7605v100/obj/src/net/net_arping.o
                                         0x88 (size before relaxing)
 .eh_frame      0x00000000000b4790      0x3d0 build/arm11-gcc-uClibc-linux-gk7605v100/obj/src/ptz/netcam_ptz.o
                                        0x3e8 (size before relaxing)
 .eh_frame      0x00000000000b4b60      0x348 build/arm11-gcc-uClibc-linux-gk7605v100/obj/src/md/netcam_motion_detect.o
                                        0x360 (size before relaxing)
 .eh_frame      0x00000000000b4ea8       0xd8 build/arm11-gcc-uClibc-linux-gk7605v100/obj/src/watchdog/netcam_watchdog.o
                                         0xf0 (size before relaxing)
 .eh_frame      0x00000000000b4f80       0x20 build/arm11-gcc-uClibc-linux-gk7605v100/obj/src/work_callback/system_handle.o
                                         0x30 (size before relaxing)
 .eh_frame      0x00000000000b4fa0      0x310 build/arm11-gcc-uClibc-linux-gk7605v100/obj/src/common_venc/loadbmp.o
                                        0x320 (size before relaxing)
 .eh_frame      0x00000000000b52b0      0x538 build/arm11-gcc-uClibc-linux-gk7605v100/obj/src/common_venc/sample_comm_audio.o
                                        0x548 (size before relaxing)
 .eh_frame      0x00000000000b57e8      0x228 build/arm11-gcc-uClibc-linux-gk7605v100/obj/src/common_venc/sample_comm_isp.o
                                        0x240 (size before relaxing)
 .eh_frame      0x00000000000b5a10      0x120 build/arm11-gcc-uClibc-linux-gk7605v100/obj/src/common_venc/sample_comm_mipi_tx.o
                                        0x138 (size before relaxing)
 .eh_frame      0x00000000000b5b30      0x678 build/arm11-gcc-uClibc-linux-gk7605v100/obj/src/common_venc/sample_comm_region.o
                                        0x690 (size before relaxing)
 .eh_frame      0x00000000000b61a8      0x478 build/arm11-gcc-uClibc-linux-gk7605v100/obj/src/common_venc/sample_comm_sys.o
                                        0x488 (size before relaxing)
 .eh_frame      0x00000000000b6620      0x418 build/arm11-gcc-uClibc-linux-gk7605v100/obj/src/common_venc/sample_comm_vdec.o
                                        0x430 (size before relaxing)
 .eh_frame      0x00000000000b6a38      0xcf0 build/arm11-gcc-uClibc-linux-gk7605v100/obj/src/common_venc/sample_comm_venc.o
                                        0xd08 (size before relaxing)
 .eh_frame      0x00000000000b7728      0xdd0 build/arm11-gcc-uClibc-linux-gk7605v100/obj/src/common_venc/sample_comm_vi.o
                                        0xde0 (size before relaxing)
 .eh_frame      0x00000000000b84f8      0x4a8 build/arm11-gcc-uClibc-linux-gk7605v100/obj/src/common_venc/sample_comm_vo.o
                                        0x4b8 (size before relaxing)
 .eh_frame      0x00000000000b89a0       0xa0 build/arm11-gcc-uClibc-linux-gk7605v100/obj/src/common_venc/sample_comm_vpss.o
                                         0xb0 (size before relaxing)
 .eh_frame      0x00000000000b8a40      0x6a8 build/arm11-gcc-uClibc-linux-gk7605v100/obj/src/venc_audio/sample_audio.o
                                        0x6b8 (size before relaxing)
 .eh_frame      0x00000000000b90e8      0x660 build/arm11-gcc-uClibc-linux-gk7605v100/obj/src/venc_audio/sample_venc_aenc.o
                                        0x678 (size before relaxing)
 .eh_frame      0x00000000000b9748      0x6b8 build/arm11-gcc-uClibc-linux-gk7605v100/obj/src/venc_audio/adp/audio_aac_adp.o
                                        0x6d0 (size before relaxing)
 .eh_frame      0x00000000000b9e00       0x88 build/arm11-gcc-uClibc-linux-gk7605v100/obj/src/venc_audio/adp/audio_dl_adp.o
                                         0x98 (size before relaxing)
 .eh_frame      0x00000000000b9e88       0x48 build/arm11-gcc-uClibc-linux-gk7605v100/obj/src/svp_rtsp/ive/sample_ive_main.o
                                         0x60 (size before relaxing)
 .eh_frame      0x00000000000b9ed0      0x150 build/arm11-gcc-uClibc-linux-gk7605v100/obj/src/svp_rtsp/ive/sample/sample_ive_md.o
                                        0x160 (size before relaxing)
 .eh_frame      0x00000000000ba020      0x220 build/arm11-gcc-uClibc-linux-gk7605v100/obj/src/svp_rtsp/common/sample_common_ive.o
                                        0x230 (size before relaxing)
 .eh_frame      0x00000000000ba240      0x558 build/arm11-gcc-uClibc-linux-gk7605v100/obj/src/svp_rtsp/common/sample_common_svp.o
                                        0x570 (size before relaxing)
 .eh_frame      0x00000000000ba798      0x220 build/arm11-gcc-uClibc-linux-gk7605v100/obj/src/ntpclient/ntp_client.o
                                        0x238 (size before relaxing)
 .eh_frame      0x00000000000ba9b8      0x920 build/arm11-gcc-uClibc-linux-gk7605v100/obj/src/bplustree/bplustree.o
                                        0x930 (size before relaxing)
 .eh_frame      0x00000000000bb2d8       0x14 /opt/linux/x86-arm/aarch64-mix210-linux/host_bin/../target/usr/lib/libc_nonshared.a(fstat.oS)
                                         0x28 (size before relaxing)
 .eh_frame      0x00000000000bb2ec        0x4 /opt/linux/x86-arm/aarch64-mix210-linux/host_bin/../lib/gcc/aarch64-linux-gnu/7.3.0/crtendS.o
 *(.eh_frame.*)

.gcc_except_table
 *(.gcc_except_table .gcc_except_table.*)

.gnu_extab
 *(.gnu_extab*)

.exception_ranges
 *(.exception_ranges*)
                0x00000000000cb558                . = DATA_SEGMENT_ALIGN (CONSTANT (MAXPAGESIZE), CONSTANT (COMMONPAGESIZE))

.eh_frame
 *(.eh_frame)
 *(.eh_frame.*)

.gnu_extab
 *(.gnu_extab)

.gcc_except_table
 *(.gcc_except_table .gcc_except_table.*)

.exception_ranges
 *(.exception_ranges*)

.tdata
 *(.tdata .tdata.* .gnu.linkonce.td.*)

.tbss
 *(.tbss .tbss.* .gnu.linkonce.tb.*)
 *(.tcommon)

.preinit_array
 *(.preinit_array)

.init_array     0x00000000000cb558        0x8
 *(SORT_BY_INIT_PRIORITY(.init_array.*) SORT_BY_INIT_PRIORITY(.ctors.*))
 *(.init_array EXCLUDE_FILE(*crtend?.o *crtend.o *crtbegin?.o *crtbegin.o) .ctors)
 .init_array    0x00000000000cb558        0x8 /opt/linux/x86-arm/aarch64-mix210-linux/host_bin/../lib/gcc/aarch64-linux-gnu/7.3.0/crtbeginS.o

.fini_array     0x00000000000cb560        0x8
 *(SORT_BY_INIT_PRIORITY(.fini_array.*) SORT_BY_INIT_PRIORITY(.dtors.*))
 *(.fini_array EXCLUDE_FILE(*crtend?.o *crtend.o *crtbegin?.o *crtbegin.o) .dtors)
 .fini_array    0x00000000000cb560        0x8 /opt/linux/x86-arm/aarch64-mix210-linux/host_bin/../lib/gcc/aarch64-linux-gnu/7.3.0/crtbeginS.o

.ctors
 *crtbegin.o(.ctors)
 *crtbegin?.o(.ctors)
 *(EXCLUDE_FILE(*crtend?.o *crtend.o) .ctors)
 *(SORT_BY_NAME(.ctors.*))
 *(.ctors)

.dtors
 *crtbegin.o(.dtors)
 *crtbegin?.o(.dtors)
 *(EXCLUDE_FILE(*crtend?.o *crtend.o) .dtors)
 *(SORT_BY_NAME(.dtors.*))
 *(.dtors)

.jcr
 *(.jcr)

.data.rel.ro    0x00000000000cb568      0x300
 *(.data.rel.ro.local* .gnu.linkonce.d.rel.ro.local.*)
 .data.rel.ro.local
                0x00000000000cb568      0x300 build/arm11-gcc-uClibc-linux-gk7605v100/obj/src/common_venc/sample_comm_mipi_tx.o
 *(.data.rel.ro .data.rel.ro.* .gnu.linkonce.d.rel.ro.*)
 .data.rel.ro   0x00000000000cb868        0x0 /opt/linux/x86-arm/aarch64-mix210-linux/host_bin/../target/usr/lib/crti.o

.dynamic        0x00000000000cb868      0x260
 *(.dynamic)
 .dynamic       0x00000000000cb868      0x260 /opt/linux/x86-arm/aarch64-mix210-linux/host_bin/../target/usr/lib/crti.o
                0x00000000000cb868                _DYNAMIC

.got            0x00000000000cbac8      0x520
 *(.got)
 .got           0x00000000000cbac8      0x520 /opt/linux/x86-arm/aarch64-mix210-linux/host_bin/../target/usr/lib/crti.o
                0x00000000000cbac8                _GLOBAL_OFFSET_TABLE_
 *(.igot)
                0x00000000000cbfe8                . = DATA_SEGMENT_RELRO_END (., 0x18)

.got.plt        0x00000000000cbfe8     0x2248
 *(.got.plt)
 .got.plt       0x00000000000cbfe8     0x2248 /opt/linux/x86-arm/aarch64-mix210-linux/host_bin/../target/usr/lib/crti.o
 *(.igot.plt)

.data           0x00000000000ce230     0x4568
                [!provide]                        PROVIDE (__data_start = .)
 *(.data .data.* .gnu.linkonce.d.*)
 .data          0x00000000000ce230        0x0 /opt/linux/x86-arm/aarch64-mix210-linux/host_bin/../target/usr/lib/crti.o
 .data          0x00000000000ce230        0x0 /opt/linux/x86-arm/aarch64-mix210-linux/host_bin/../lib/gcc/aarch64-linux-gnu/7.3.0/crtbeginS.o
 .data.rel.local
                0x00000000000ce230        0x8 /opt/linux/x86-arm/aarch64-mix210-linux/host_bin/../lib/gcc/aarch64-linux-gnu/7.3.0/crtbeginS.o
                0x00000000000ce230                __dso_handle
 .data          0x00000000000ce238        0x0 build/arm11-gcc-uClibc-linux-gk7605v100/obj/src/rtsp/gk_rtsp.o
 .data          0x00000000000ce238        0x0 build/arm11-gcc-uClibc-linux-gk7605v100/obj/src/factory_test/factory_test.o
 .data          0x00000000000ce238       0x24 build/arm11-gcc-uClibc-linux-gk7605v100/obj/src/gkvision/gkvision.o
 *fill*         0x00000000000ce25c        0x4 
 .data          0x00000000000ce260      0x46c build/arm11-gcc-uClibc-linux-gk7605v100/obj/src/third/gb28181/ite_gb28181_rtp.o
                0x00000000000ce260                tsTestFd
                0x00000000000ce268                hostAddr
                0x00000000000ce278                tsTestIp
                0x00000000000ce2b8                tsTestPort
                0x00000000000ce2c0                s_crc32_table
 *fill*         0x00000000000ce6cc        0x4 
 .data          0x00000000000ce6d0      0x14d build/arm11-gcc-uClibc-linux-gk7605v100/obj/src/third/gb28181/ite_gb28181_sip.o
                0x00000000000ce6d0                positionInterval
 *fill*         0x00000000000ce81d        0x3 
 .data          0x00000000000ce820       0x78 build/arm11-gcc-uClibc-linux-gk7605v100/obj/src/third/gb28181/ite_gb28181_app.o
                0x00000000000ce820                g_bterminate
                0x00000000000ce828                serverIp
                0x00000000000ce860                gDeviceId
                0x00000000000ce894                serverPort
 .data          0x00000000000ce898        0x0 build/arm11-gcc-uClibc-linux-gk7605v100/obj/src/third/gb28181/ite_gb28181_playback.o
 .data          0x00000000000ce898        0x0 build/arm11-gcc-uClibc-linux-gk7605v100/obj/src/common/main.o
 .data          0x00000000000ce898        0x0 build/arm11-gcc-uClibc-linux-gk7605v100/obj/src/common/netcam_sys.o
 .data          0x00000000000ce898        0x0 build/arm11-gcc-uClibc-linux-gk7605v100/obj/src/video/netcam_video.o
 .data          0x00000000000ce898        0x4 build/arm11-gcc-uClibc-linux-gk7605v100/obj/src/video/netcam_video_web_stream.o
 .data          0x00000000000ce89c        0x0 build/arm11-gcc-uClibc-linux-gk7605v100/obj/src/image/netcam_image.o
 .data          0x00000000000ce89c        0x0 build/arm11-gcc-uClibc-linux-gk7605v100/obj/src/timer/netcam_timer.o
 .data          0x00000000000ce89c        0x3 build/arm11-gcc-uClibc-linux-gk7605v100/obj/src/autolight/netcam_autolight.o
 *fill*         0x00000000000ce89f        0x1 
 .data          0x00000000000ce8a0        0x4 build/arm11-gcc-uClibc-linux-gk7605v100/obj/src/osd/netcam_osd.o
 *fill*         0x00000000000ce8a4        0x4 
 .data.rel.local
                0x00000000000ce8a8       0x70 build/arm11-gcc-uClibc-linux-gk7605v100/obj/src/osd/netcam_osd.o
 .data          0x00000000000ce918        0x0 build/arm11-gcc-uClibc-linux-gk7605v100/obj/src/http/netcam_http_web.o
 .data.rel      0x00000000000ce918       0xb0 build/arm11-gcc-uClibc-linux-gk7605v100/obj/src/http/netcam_http_web.o
 .data          0x00000000000ce9c8       0x6c build/arm11-gcc-uClibc-linux-gk7605v100/obj/src/net/netcam_network.o
 *fill*         0x00000000000cea34        0x4 
 .data          0x00000000000cea38       0x10 build/arm11-gcc-uClibc-linux-gk7605v100/obj/src/net/net_arp.o
 .data          0x00000000000cea48        0x0 build/arm11-gcc-uClibc-linux-gk7605v100/obj/src/net/net_dhcp.o
 .data          0x00000000000cea48        0x0 build/arm11-gcc-uClibc-linux-gk7605v100/obj/src/net/net_arping.o
 .data          0x00000000000cea48        0x0 build/arm11-gcc-uClibc-linux-gk7605v100/obj/src/ptz/netcam_ptz.o
 .data.rel      0x00000000000cea48        0x8 build/arm11-gcc-uClibc-linux-gk7605v100/obj/src/ptz/netcam_ptz.o
 .data          0x00000000000cea50       0x40 build/arm11-gcc-uClibc-linux-gk7605v100/obj/src/md/netcam_motion_detect.o
 .data          0x00000000000cea90        0x0 build/arm11-gcc-uClibc-linux-gk7605v100/obj/src/watchdog/netcam_watchdog.o
 .data          0x00000000000cea90        0x0 build/arm11-gcc-uClibc-linux-gk7605v100/obj/src/work_callback/system_handle.o
 .data          0x00000000000cea90       0x28 build/arm11-gcc-uClibc-linux-gk7605v100/obj/src/common_venc/loadbmp.o
                0x00000000000cea90                g_osd_comp_info
 .data          0x00000000000ceab8        0x4 build/arm11-gcc-uClibc-linux-gk7605v100/obj/src/common_venc/sample_comm_audio.o
 *fill*         0x00000000000ceabc        0x4 
 .data          0x00000000000ceac0      0x30c build/arm11-gcc-uClibc-linux-gk7605v100/obj/src/common_venc/sample_comm_isp.o
 .data          0x00000000000cedcc        0x4 build/arm11-gcc-uClibc-linux-gk7605v100/obj/src/common_venc/sample_comm_mipi_tx.o
 .data          0x00000000000cedd0        0x0 build/arm11-gcc-uClibc-linux-gk7605v100/obj/src/common_venc/sample_comm_region.o
 .data          0x00000000000cedd0      0x140 build/arm11-gcc-uClibc-linux-gk7605v100/obj/src/common_venc/sample_comm_sys.o
 .data          0x00000000000cef10     0x1808 build/arm11-gcc-uClibc-linux-gk7605v100/obj/src/common_venc/sample_comm_vdec.o
 .data          0x00000000000d0718        0x0 build/arm11-gcc-uClibc-linux-gk7605v100/obj/src/common_venc/sample_comm_venc.o
 .data          0x00000000000d0718     0x19c8 build/arm11-gcc-uClibc-linux-gk7605v100/obj/src/common_venc/sample_comm_vi.o
 .data          0x00000000000d20e0      0x3ec build/arm11-gcc-uClibc-linux-gk7605v100/obj/src/common_venc/sample_comm_vo.o
 .data          0x00000000000d24cc        0x0 build/arm11-gcc-uClibc-linux-gk7605v100/obj/src/common_venc/sample_comm_vpss.o
 .data          0x00000000000d24cc       0x10 build/arm11-gcc-uClibc-linux-gk7605v100/obj/src/venc_audio/sample_audio.o
 *fill*         0x00000000000d24dc        0x4 
 .data          0x00000000000d24e0       0x7c build/arm11-gcc-uClibc-linux-gk7605v100/obj/src/venc_audio/sample_venc_aenc.o
 .data          0x00000000000d255c        0x8 build/arm11-gcc-uClibc-linux-gk7605v100/obj/src/venc_audio/adp/audio_aac_adp.o
                0x00000000000d255c                g_cnt_aenc
                0x00000000000d2560                g_cnt_adec
 .data          0x00000000000d2564        0x0 build/arm11-gcc-uClibc-linux-gk7605v100/obj/src/venc_audio/adp/audio_dl_adp.o
 .data          0x00000000000d2564        0x0 build/arm11-gcc-uClibc-linux-gk7605v100/obj/src/svp_rtsp/ive/sample_ive_main.o
 *fill*         0x00000000000d2564        0x4 
 .data          0x00000000000d2568       0xcd build/arm11-gcc-uClibc-linux-gk7605v100/obj/src/svp_rtsp/ive/sample/sample_ive_md.o
                0x00000000000d2578                platename
 .data          0x00000000000d2635        0x0 build/arm11-gcc-uClibc-linux-gk7605v100/obj/src/svp_rtsp/common/sample_common_ive.o
 *fill*         0x00000000000d2635        0x3 
 .data          0x00000000000d2638       0x40 build/arm11-gcc-uClibc-linux-gk7605v100/obj/src/svp_rtsp/common/sample_common_svp.o
 .data          0x00000000000d2678        0x0 build/arm11-gcc-uClibc-linux-gk7605v100/obj/src/ntpclient/ntp_client.o
 .data.rel.local
                0x00000000000d2678      0x118 build/arm11-gcc-uClibc-linux-gk7605v100/obj/src/ntpclient/ntp_client.o
                0x00000000000d2678                ntp_server
 .data          0x00000000000d2790        0x0 build/arm11-gcc-uClibc-linux-gk7605v100/obj/src/bplustree/bplustree.o
 .data.rel.local
                0x00000000000d2790        0x8 build/arm11-gcc-uClibc-linux-gk7605v100/obj/src/bplustree/bplustree.o
 .data          0x00000000000d2798        0x0 /opt/linux/x86-arm/aarch64-mix210-linux/host_bin/../target/usr/lib/libc_nonshared.a(fstat.oS)
 .data          0x00000000000d2798        0x0 /opt/linux/x86-arm/aarch64-mix210-linux/host_bin/../lib/gcc/aarch64-linux-gnu/7.3.0/crtendS.o
 .data          0x00000000000d2798        0x0 /opt/linux/x86-arm/aarch64-mix210-linux/host_bin/../target/usr/lib/crtn.o

.tm_clone_table
                0x00000000000d2798        0x0
 .tm_clone_table