
Discarded input sections

 .note.GNU-stack
                0x0000000000000000        0x0 /opt/linux/x86-arm/aarch64-mix210-linux/host_bin/../target/usr/lib/crti.o
 .note.GNU-stack
                0x0000000000000000        0x0 /opt/linux/x86-arm/aarch64-mix210-linux/host_bin/../lib/gcc/aarch64-linux-gnu/7.3.0/crtbeginS.o
 .note.GNU-stack
                0x0000000000000000        0x0 build/arm11-gcc-uClibc-linux-gk7605v100/obj/src/media_fifo.o
 .note.GNU-stack
                0x0000000000000000        0x0 build/arm11-gcc-uClibc-linux-gk7605v100/obj/src/zfifo.o
 .note.GNU-stack
                0x0000000000000000        0x0 /opt/linux/x86-arm/aarch64-mix210-linux/host_bin/../lib/gcc/aarch64-linux-gnu/7.3.0/crtendS.o
 .note.GNU-stack
                0x0000000000000000        0x0 /opt/linux/x86-arm/aarch64-mix210-linux/host_bin/../target/usr/lib/crtn.o

Memory Configuration

Name             Origin             Length             Attributes
*default*        0x0000000000000000 0xffffffffffffffff

Linker script and memory map

LOAD /opt/linux/x86-arm/aarch64-mix210-linux/host_bin/../target/usr/lib/crti.o
LOAD /opt/linux/x86-arm/aarch64-mix210-linux/host_bin/../lib/gcc/aarch64-linux-gnu/7.3.0/crtbeginS.o
LOAD build/arm11-gcc-uClibc-linux-gk7605v100/obj/src/media_fifo.o
LOAD build/arm11-gcc-uClibc-linux-gk7605v100/obj/src/zfifo.o
LOAD /opt/linux/x86-arm/aarch64-mix210-linux/host_bin/../lib/gcc/aarch64-linux-gnu/7.3.0/libgcc.a
LOAD /opt/linux/x86-arm/aarch64-mix210-linux/host_bin/../lib/gcc/aarch64-linux-gnu/7.3.0/../../../../aarch64-linux-gnu/lib/../lib64/libgcc_s.so
LOAD /opt/linux/x86-arm/aarch64-mix210-linux/host_bin/../target/usr/lib/libc.so
START GROUP
LOAD /opt/linux/x86-arm/aarch64-mix210-linux/host_bin/../target/lib/libc.so.6
LOAD /opt/linux/x86-arm/aarch64-mix210-linux/host_bin/../target/usr/lib/libc_nonshared.a
LOAD /opt/linux/x86-arm/aarch64-mix210-linux/host_bin/../target/lib/ld-linux-aarch64.so.1
END GROUP
LOAD /opt/linux/x86-arm/aarch64-mix210-linux/host_bin/../lib/gcc/aarch64-linux-gnu/7.3.0/libgcc.a
LOAD /opt/linux/x86-arm/aarch64-mix210-linux/host_bin/../lib/gcc/aarch64-linux-gnu/7.3.0/../../../../aarch64-linux-gnu/lib/../lib64/libgcc_s.so
LOAD /opt/linux/x86-arm/aarch64-mix210-linux/host_bin/../lib/gcc/aarch64-linux-gnu/7.3.0/crtendS.o
LOAD /opt/linux/x86-arm/aarch64-mix210-linux/host_bin/../target/usr/lib/crtn.o
                0x0000000000000190                . = (SEGMENT_START ("text-segment", 0x0) + SIZEOF_HEADERS)

.note.gnu.build-id
 *(.note.gnu.build-id)

.hash           0x0000000000000190      0x190
 *(.hash)
 .hash          0x0000000000000190      0x190 /opt/linux/x86-arm/aarch64-mix210-linux/host_bin/../target/usr/lib/crti.o

.gnu.hash       0x0000000000000320      0x100
 *(.gnu.hash)
 .gnu.hash      0x0000000000000320      0x100 /opt/linux/x86-arm/aarch64-mix210-linux/host_bin/../target/usr/lib/crti.o

.dynsym         0x0000000000000420      0x5b8
 *(.dynsym)
 .dynsym        0x0000000000000420      0x5b8 /opt/linux/x86-arm/aarch64-mix210-linux/host_bin/../target/usr/lib/crti.o

.dynstr         0x00000000000009d8      0x3bd
 *(.dynstr)
 .dynstr        0x00000000000009d8      0x3bd /opt/linux/x86-arm/aarch64-mix210-linux/host_bin/../target/usr/lib/crti.o

.gnu.version    0x0000000000000d96       0x7a
 *(.gnu.version)
 .gnu.version   0x0000000000000d96       0x7a /opt/linux/x86-arm/aarch64-mix210-linux/host_bin/../target/usr/lib/crti.o

.gnu.version_d  0x0000000000000e10        0x0
 *(.gnu.version_d)
 .gnu.version_d
                0x0000000000000e10        0x0 /opt/linux/x86-arm/aarch64-mix210-linux/host_bin/../target/usr/lib/crti.o

.gnu.version_r  0x0000000000000e10       0x20
 *(.gnu.version_r)
 .gnu.version_r
                0x0000000000000e10       0x20 /opt/linux/x86-arm/aarch64-mix210-linux/host_bin/../target/usr/lib/crti.o

.rela.dyn       0x0000000000000e30       0xa8
 *(.rela.init)
 *(.rela.text .rela.text.* .rela.gnu.linkonce.t.*)
 *(.rela.fini)
 *(.rela.rodata .rela.rodata.* .rela.gnu.linkonce.r.*)
 *(.rela.data .rela.data.* .rela.gnu.linkonce.d.*)
 .rela.data.rel.local
                0x0000000000000e30       0x18 /opt/linux/x86-arm/aarch64-mix210-linux/host_bin/../target/usr/lib/crti.o
 *(.rela.tdata .rela.tdata.* .rela.gnu.linkonce.td.*)
 *(.rela.tbss .rela.tbss.* .rela.gnu.linkonce.tb.*)
 *(.rela.ctors)
 *(.rela.dtors)
 *(.rela.got)
 .rela.got      0x0000000000000e48       0x60 /opt/linux/x86-arm/aarch64-mix210-linux/host_bin/../target/usr/lib/crti.o
 *(.rela.bss .rela.bss.* .rela.gnu.linkonce.b.*)
 *(.rela.ifunc)
 .rela.ifunc    0x0000000000000ea8        0x0 /opt/linux/x86-arm/aarch64-mix210-linux/host_bin/../target/usr/lib/crti.o
 .rela.init_array
                0x0000000000000ea8       0x18 /opt/linux/x86-arm/aarch64-mix210-linux/host_bin/../target/usr/lib/crti.o
 .rela.fini_array
                0x0000000000000ec0       0x18 /opt/linux/x86-arm/aarch64-mix210-linux/host_bin/../target/usr/lib/crti.o

.rela.plt       0x0000000000000ed8      0x378
 *(.rela.plt)
 .rela.plt      0x0000000000000ed8      0x378 /opt/linux/x86-arm/aarch64-mix210-linux/host_bin/../target/usr/lib/crti.o
 *(.rela.iplt)

.init           0x0000000000001250       0x14
 *(SORT_NONE(.init))
 .init          0x0000000000001250        0xc /opt/linux/x86-arm/aarch64-mix210-linux/host_bin/../target/usr/lib/crti.o
                0x0000000000001250                _init
 .init          0x000000000000125c        0x8 /opt/linux/x86-arm/aarch64-mix210-linux/host_bin/../target/usr/lib/crtn.o

.plt            0x0000000000001270      0x270
 *(.plt)
 .plt           0x0000000000001270      0x270 /opt/linux/x86-arm/aarch64-mix210-linux/host_bin/../target/usr/lib/crti.o
 *(.iplt)

.text           0x00000000000014e0     0x40dc
 *(.text.unlikely .text.*_unlikely .text.unlikely.*)
 *(.text.exit .text.exit.*)
 *(.text.startup .text.startup.*)
 *(.text.hot .text.hot.*)
 *(SORT_BY_NAME(.text.sorted.*))
 *(.text .stub .text.* .gnu.linkonce.t.*)
 .text          0x00000000000014e0       0x14 /opt/linux/x86-arm/aarch64-mix210-linux/host_bin/../target/usr/lib/crti.o
 *fill*         0x00000000000014f4        0x4 1f2003d5
 .text          0x00000000000014f8       0xbc /opt/linux/x86-arm/aarch64-mix210-linux/host_bin/../lib/gcc/aarch64-linux-gnu/7.3.0/crtbeginS.o
 .text          0x00000000000015b4     0x10c4 build/arm11-gcc-uClibc-linux-gk7605v100/obj/src/media_fifo.o
                0x00000000000015b4                mediabuf_init
                0x00000000000016d4                mediabuf_uninit
                0x0000000000001788                mediabuf_add_reader
                0x0000000000001838                mediabuf_del_reader
                0x0000000000001884                mediabuf_read_frame
                0x0000000000001b28                mediabuf_read_next_frame
                0x0000000000001dcc                mediabuf_read_next_I_frame
                0x0000000000001f4c                mediabuf_read_I_frame
                0x000000000000222c                mediabuf_add_writer
                0x00000000000022d4                mediabuf_del_writer
                0x0000000000002320                mediabuf_write_frame
                0x0000000000002480                mediabuf_set_newest_frame
                0x00000000000024e0                mediabuf_set_oldest_frame
                0x0000000000002540                mediabuf_toal_size
                0x00000000000025ac                mediabuf_get_leave_frame
                0x0000000000002608                mediabuf_set_I_frame_timeout
 .text          0x0000000000002678     0x2f44 build/arm11-gcc-uClibc-linux-gk7605v100/obj/src/zfifo.o
                0x0000000000002678                zfifo_init
                0x00000000000027c4                zfifo_uninit
                0x000000000000284c                zfifo_open
                0x0000000000002904                zfifo_close
                0x0000000000002958                zfifo_wirte_node
                0x0000000000002a3c                zfifo_read_node
                0x0000000000002c04                zfifo_del_node
                0x0000000000002c74                calc_len
                0x0000000000002ce0                zfifo_writev
                0x00000000000034d8                zfifo_writev_plus
                0x0000000000003ddc                zfifo_readv
                0x0000000000004274                zfifo_readv_plus
                0x0000000000004760                zfifo_readv_next_plus
                0x0000000000004bf8                zfifo_readv_flag_plus
                0x0000000000005160                zfifo_print
                0x00000000000051d8                printbuf
                0x0000000000005298                zfifo_set_newest_frame
                0x0000000000005398                zfifo_set_oldest_frame
                0x0000000000005498                zfifo_get_leave_frame
 .text          0x00000000000055bc        0x0 /opt/linux/x86-arm/aarch64-mix210-linux/host_bin/../lib/gcc/aarch64-linux-gnu/7.3.0/crtendS.o
 .text          0x00000000000055bc        0x0 /opt/linux/x86-arm/aarch64-mix210-linux/host_bin/../target/usr/lib/crtn.o
 *(.gnu.warning)

.fini           0x00000000000055bc       0x10
 *(SORT_NONE(.fini))
 .fini          0x00000000000055bc        0x8 /opt/linux/x86-arm/aarch64-mix210-linux/host_bin/../target/usr/lib/crti.o
                0x00000000000055bc                _fini
 .fini          0x00000000000055c4        0x8 /opt/linux/x86-arm/aarch64-mix210-linux/host_bin/../target/usr/lib/crtn.o
                [!provide]                        PROVIDE (__etext = .)
                [!provide]                        PROVIDE (_etext = .)
                [!provide]                        PROVIDE (etext = .)

.rodata         0x00000000000055d0      0x74e
 *(.rodata .rodata.* .gnu.linkonce.r.*)
 .rodata        0x00000000000055d0      0x3cd build/arm11-gcc-uClibc-linux-gk7605v100/obj/src/media_fifo.o
 *fill*         0x000000000000599d        0x3 
 .rodata        0x00000000000059a0      0x37e build/arm11-gcc-uClibc-linux-gk7605v100/obj/src/zfifo.o

.rodata1
 *(.rodata1)

.eh_frame_hdr   0x0000000000005d20      0x144
 *(.eh_frame_hdr)
 .eh_frame_hdr  0x0000000000005d20      0x144 /opt/linux/x86-arm/aarch64-mix210-linux/host_bin/../lib/gcc/aarch64-linux-gnu/7.3.0/crtbeginS.o
                0x0000000000005d20                __GNU_EH_FRAME_HDR
 *(.eh_frame_entry .eh_frame_entry.*)

.eh_frame       0x0000000000005e68      0x554
 *(.eh_frame)
 .eh_frame      0x0000000000005e68       0x78 /opt/linux/x86-arm/aarch64-mix210-linux/host_bin/../lib/gcc/aarch64-linux-gnu/7.3.0/crtbeginS.o
 .eh_frame      0x0000000000005ee0      0x240 build/arm11-gcc-uClibc-linux-gk7605v100/obj/src/media_fifo.o
                                        0x258 (size before relaxing)
 .eh_frame      0x0000000000006120      0x298 build/arm11-gcc-uClibc-linux-gk7605v100/obj/src/zfifo.o
                                        0x2b0 (size before relaxing)
 .eh_frame      0x00000000000063b8        0x4 /opt/linux/x86-arm/aarch64-mix210-linux/host_bin/../lib/gcc/aarch64-linux-gnu/7.3.0/crtendS.o
 *(.eh_frame.*)

.gcc_except_table
 *(.gcc_except_table .gcc_except_table.*)

.gnu_extab
 *(.gnu_extab*)

.exception_ranges
 *(.exception_ranges*)
                0x0000000000016de0                . = DATA_SEGMENT_ALIGN (CONSTANT (MAXPAGESIZE), CONSTANT (COMMONPAGESIZE))

.eh_frame
 *(.eh_frame)
 *(.eh_frame.*)

.gnu_extab
 *(.gnu_extab)

.gcc_except_table
 *(.gcc_except_table .gcc_except_table.*)

.exception_ranges
 *(.exception_ranges*)

.tdata
 *(.tdata .tdata.* .gnu.linkonce.td.*)

.tbss
 *(.tbss .tbss.* .gnu.linkonce.tb.*)
 *(.tcommon)

.preinit_array
 *(.preinit_array)

.init_array     0x0000000000016de0        0x8
 *(SORT_BY_INIT_PRIORITY(.init_array.*) SORT_BY_INIT_PRIORITY(.ctors.*))
 *(.init_array EXCLUDE_FILE(*crtend?.o *crtend.o *crtbegin?.o *crtbegin.o) .ctors)
 .init_array    0x0000000000016de0        0x8 /opt/linux/x86-arm/aarch64-mix210-linux/host_bin/../lib/gcc/aarch64-linux-gnu/7.3.0/crtbeginS.o

.fini_array     0x0000000000016de8        0x8
 *(SORT_BY_INIT_PRIORITY(.fini_array.*) SORT_BY_INIT_PRIORITY(.dtors.*))
 *(.fini_array EXCLUDE_FILE(*crtend?.o *crtend.o *crtbegin?.o *crtbegin.o) .dtors)
 .fini_array    0x0000000000016de8        0x8 /opt/linux/x86-arm/aarch64-mix210-linux/host_bin/../lib/gcc/aarch64-linux-gnu/7.3.0/crtbeginS.o

.ctors
 *crtbegin.o(.ctors)
 *crtbegin?.o(.ctors)
 *(EXCLUDE_FILE(*crtend?.o *crtend.o) .ctors)
 *(SORT_BY_NAME(.ctors.*))
 *(.ctors)

.dtors
 *crtbegin.o(.dtors)
 *crtbegin?.o(.dtors)
 *(EXCLUDE_FILE(*crtend?.o *crtend.o) .dtors)
 *(SORT_BY_NAME(.dtors.*))
 *(.dtors)

.jcr
 *(.jcr)

.data.rel.ro    0x0000000000016df0        0x0
 *(.data.rel.ro.local* .gnu.linkonce.d.rel.ro.local.*)
 *(.data.rel.ro .data.rel.ro.* .gnu.linkonce.d.rel.ro.*)
 .data.rel.ro   0x0000000000016df0        0x0 /opt/linux/x86-arm/aarch64-mix210-linux/host_bin/../target/usr/lib/crti.o

.dynamic        0x0000000000016df0      0x1d0
 *(.dynamic)
 .dynamic       0x0000000000016df0      0x1d0 /opt/linux/x86-arm/aarch64-mix210-linux/host_bin/../target/usr/lib/crti.o
                0x0000000000016df0                _DYNAMIC

.got            0x0000000000016fc0       0x28
 *(.got)
 .got           0x0000000000016fc0       0x28 /opt/linux/x86-arm/aarch64-mix210-linux/host_bin/../target/usr/lib/crti.o
                0x0000000000016fc0                _GLOBAL_OFFSET_TABLE_
 *(.igot)
                0x0000000000016fe8                . = DATA_SEGMENT_RELRO_END (., 0x18)

.got.plt        0x0000000000016fe8      0x140
 *(.got.plt)
 .got.plt       0x0000000000016fe8      0x140 /opt/linux/x86-arm/aarch64-mix210-linux/host_bin/../target/usr/lib/crti.o
 *(.igot.plt)

.data           0x0000000000017128        0x8
                [!provide]                        PROVIDE (__data_start = .)
 *(.data .data.* .gnu.linkonce.d.*)
 .data          0x0000000000017128        0x0 /opt/linux/x86-arm/aarch64-mix210-linux/host_bin/../target/usr/lib/crti.o
 .data          0x0000000000017128        0x0 /opt/linux/x86-arm/aarch64-mix210-linux/host_bin/../lib/gcc/aarch64-linux-gnu/7.3.0/crtbeginS.o
 .data.rel.local
                0x0000000000017128        0x8 /opt/linux/x86-arm/aarch64-mix210-linux/host_bin/../lib/gcc/aarch64-linux-gnu/7.3.0/crtbeginS.o
                0x0000000000017128                __dso_handle
 .data          0x0000000000017130        0x0 build/arm11-gcc-uClibc-linux-gk7605v100/obj/src/media_fifo.o
 .data          0x0000000000017130        0x0 build/arm11-gcc-uClibc-linux-gk7605v100/obj/src/zfifo.o
 .data          0x0000000000017130        0x0 /opt/linux/x86-arm/aarch64-mix210-linux/host_bin/../lib/gcc/aarch64-linux-gnu/7.3.0/crtendS.o
 .data          0x0000000000017130        0x0 /opt/linux/x86-arm/aarch64-mix210-linux/host_bin/../target/usr/lib/crtn.o

.tm_clone_table
                0x0000000000017130        0x0
 .tm_clone_table
                0x0000000000017130        0x0 /opt/linux/x86-arm/aarch64-mix210-linux/host_bin/../lib/gcc/aarch64-linux-gnu/7.3.0/crtbeginS.o
 .tm_clone_table
                0x0000000000017130        0x0 /opt/linux/x86-arm/aarch64-mix210-linux/host_bin/../lib/gcc/aarch64-linux-gnu/7.3.0/crtendS.o

.data1
 *(.data1)
                [!provide]                        PROVIDE (_edata = .)
                [!provide]                        PROVIDE (edata = .)
                0x0000000000017130                . = .
                [!provide]                        PROVIDE (__bss_start = .)
                [!provide]                        PROVIDE (__bss_start__ = .)

.bss            0x0000000000017130       0x30
 *(.dynbss)
 .dynbss        0x0000000000017130        0x0 /opt/linux/x86-arm/aarch64-mix210-linux/host_bin/../target/usr/lib/crti.o
 *(.bss .bss.* .gnu.linkonce.b.*)
 .bss           0x0000000000017130        0x0 /opt/linux/x86-arm/aarch64-mix210-linux/host_bin/../target/usr/lib/crti.o
 .bss           0x0000000000017130        0x1 /opt/linux/x86-arm/aarch64-mix210-linux/host_bin/../lib/gcc/aarch64-linux-gnu/7.3.0/crtbeginS.o
 *fill*         0x0000000000017131        0x7 
 .bss           0x0000000000017138       0x21 build/arm11-gcc-uClibc-linux-gk7605v100/obj/src/media_fifo.o
 .bss           0x0000000000017159        0x0 build/arm11-gcc-uClibc-linux-gk7605v100/obj/src/zfifo.o
 .bss           0x0000000000017159        0x0 /opt/linux/x86-arm/aarch64-mix210-linux/host_bin/../lib/gcc/aarch64-linux-gnu/7.3.0/crtendS.o
 .bss           0x0000000000017159        0x0 /opt/linux/x86-arm/aarch64-mix210-linux/host_bin/../target/usr/lib/crtn.o
 *(COMMON)
                0x0000000000017160                . = ALIGN ((. != 0x0)?0x8:0x1)
 *fill*         0x0000000000017159        0x7 
                [!provide]                        PROVIDE (_bss_end__ = .)
                [!provide]                        PROVIDE (__bss_end__ = .)
                0x0000000000017160                . = ALIGN (0x8)
                0x0000000000017160                . = SEGMENT_START ("ldata-segment", .)
                0x0000000000017160                . = ALIGN (0x8)
                [!provide]                        PROVIDE (__end__ = .)
                [!provide]                        PROVIDE (_end = .)
                [!provide]                        PROVIDE (end = .)
                0x0000000000017160                . = DATA_SEGMENT_END (.)

.stab
 *(.stab)

.stabstr
 *(.stabstr)

.stab.excl
 *(.stab.excl)

.stab.exclstr
 *(.stab.exclstr)

.stab.index
 *(.stab.index)

.stab.indexstr
 *(.stab.indexstr)

.comment        0x0000000000000000       0x16
 *(.comment)
 .comment       0x0000000000000000       0x16 /opt/linux/x86-arm/aarch64-mix210-linux/host_bin/../lib/gcc/aarch64-linux-gnu/7.3.0/crtbeginS.o
                                         0x17 (size before relaxing)
 .comment       0x0000000000000016       0x17 build/arm11-gcc-uClibc-linux-gk7605v100/obj/src/media_fifo.o
 .comment       0x0000000000000016       0x17 build/arm11-gcc-uClibc-linux-gk7605v100/obj/src/zfifo.o
 .comment       0x0000000000000016       0x17 /opt/linux/x86-arm/aarch64-mix210-linux/host_bin/../lib/gcc/aarch64-linux-gnu/7.3.0/crtendS.o

.gnu.build.attributes
 *(.gnu.build.attributes .gnu.build.attributes.*)

.debug
 *(.debug)

.line
 *(.line)

.debug_srcinfo
 *(.debug_srcinfo)

.debug_sfnames
 *(.debug_sfnames)

.debug_aranges
 *(.debug_aranges)

.debug_pubnames
 *(.debug_pubnames)

.debug_info
 *(.debug_info .gnu.linkonce.wi.*)

.debug_abbrev
 *(.debug_abbrev)

.debug_line
 *(.debug_line .debug_line.* .debug_line_end)

.debug_frame
 *(.debug_frame)

.debug_str
 *(.debug_str)

.debug_loc
 *(.debug_loc)

.debug_macinfo
 *(.debug_macinfo)

.debug_weaknames
 *(.debug_weaknames)

.debug_funcnames
 *(.debug_funcnames)

.debug_typenames
 *(.debug_typenames)

.debug_varnames
 *(.debug_varnames)

.debug_pubtypes
 *(.debug_pubtypes)

.debug_ranges
 *(.debug_ranges)

.debug_macro
 *(.debug_macro)

.debug_addr
 *(.debug_addr)

.ARM.attributes
 *(.ARM.attributes)
 *(.gnu.attributes)

.note.gnu.arm.ident
 *(.note.gnu.arm.ident)

/DISCARD/
 *(.note.GNU-stack)
 *(.gnu_debuglink)
 *(.gnu.lto_*)
OUTPUT(build/arm11-gcc-uClibc-linux-gk7605v100/lib/libmediaFifo.so elf64-littleaarch64)
LOAD linker stubs
